Loaded 49 sampled pairs
[1/49] immich-app-immich.git@a9666d2c mobile/ios/Runner/Core/URLSessionManager.swift (ok=1 skipped_too_large=0 timed_out=0 panicked=0 failed_to_read=0)
[2/49] nextcloud-desktop.git@b279a248 admin/osx/mac-crafter/Sources/Commands/Build.swift (ok=1 skipped_too_large=0 timed_out=1 panicked=0 failed_to_read=0)
[3/49] nextcloud-desktop.git@c447fdbc admin/osx/mac-crafter/Sources/Utils/Signer.swift (ok=2 skipped_too_large=0 timed_out=1 panicked=0 failed_to_read=0)
[4/49] nextcloud-desktop.git@c447fdbc shell_integration/MacOSX/NextcloudIntegration/FileProviderExt/FileProviderExtension.swift (ok=3 skipped_too_large=0 timed_out=1 panicked=0 failed_to_read=0)
[5/49] nextcloud-ios.git@2182c197 iOSClient/AppDelegate.swift (ok=4 skipped_too_large=0 timed_out=1 panicked=0 failed_to_read=0)
[6/49] nextcloud-ios.git@306b400f Tests/NextcloudUITests/DownloadLimitUITests.swift (ok=5 skipped_too_large=0 timed_out=1 panicked=0 failed_to_read=0)
[7/49] nextcloud-ios.git@306b400f iOSClient/Data/NCManageDatabase+Metadata.swift (ok=5 skipped_too_large=1 timed_out=1 panicked=0 failed_to_read=0)
[8/49] nextcloud-ios.git@375944f6 iOSClient/AppDelegate.swift (ok=6 skipped_too_large=1 timed_out=1 panicked=0 failed_to_read=0)
[9/49] nextcloud-ios.git@42675138 iOSClient/Main/Collection Common/Cell/NCListCell.swift (ok=7 skipped_too_large=1 timed_out=1 panicked=0 failed_to_read=0)
[10/49] nextcloud-ios.git@42675138 iOSClient/More/NCMore.swift (ok=8 skipped_too_large=1 timed_out=1 panicked=0 failed_to_read=0)
[11/49] nextcloud-ios.git@8f924af4 iOSClient/AppDelegate.swift (ok=9 skipped_too_large=1 timed_out=1 panicked=0 failed_to_read=0)
[12/49] nextcloud-ios.git@8f924af4 iOSClient/Data/NCManageDatabase+Account.swift (ok=10 skipped_too_large=1 timed_out=1 panicked=0 failed_to_read=0)
[13/49] nextcloud-ios.git@95df9194 iOSClient/Data/NCManageDatabase+Metadata.swift (ok=10 skipped_too_large=2 timed_out=1 panicked=0 failed_to_read=0)
[14/49] nextcloud-ios.git@95df9194 iOSClient/Main/Collection Common/Cell/NCCellMain.swift (ok=11 skipped_too_large=2 timed_out=1 panicked=0 failed_to_read=0)
[15/49] nextcloud-ios.git@95df9194 iOSClient/Main/Collection Common/Cell/NCGridCell.swift (ok=12 skipped_too_large=2 timed_out=1 panicked=0 failed_to_read=0)
[16/49] nextcloud-ios.git@95df9194 iOSClient/Main/Collection Common/Cell/NCListCell.swift (ok=12 skipped_too_large=2 timed_out=2 panicked=0 failed_to_read=0)
[17/49] nextcloud-ios.git@95df9194 iOSClient/Networking/NCNetworking+WebDAV.swift (ok=12 skipped_too_large=3 timed_out=2 panicked=0 failed_to_read=0)
[18/49] nextcloud-ios.git@95df9194 iOSClient/Networking/NCNetworkingProcess.swift (ok=13 skipped_too_large=3 timed_out=2 panicked=0 failed_to_read=0)
[19/49] nextcloud-ios.git@95df9194 iOSClient/Select/NCSelect.swift (ok=14 skipped_too_large=3 timed_out=2 panicked=0 failed_to_read=0)
[20/49] nextcloud-ios.git@9efbff8c iOSClient/Utility/NCUtility+Image.swift (ok=15 skipped_too_large=3 timed_out=2 panicked=0 failed_to_read=0)
[21/49] nextcloud-ios.git@d894f20b iOSClient/NCGlobal.swift (ok=15 skipped_too_large=3 timed_out=3 panicked=0 failed_to_read=0)
[22/49] nextcloud-ios.git@e1e5e537 iOSClient/Share/Advanced/NCShareCells.swift (ok=16 skipped_too_large=3 timed_out=3 panicked=0 failed_to_read=0)
[23/49] nextcloud-ios.git@f52721a7 File Provider Extension/FileProviderEnumerator.swift (ok=17 skipped_too_large=3 timed_out=3 panicked=0 failed_to_read=0)
[24/49] nextcloud-ios.git@f52721a7 iOSClient/Main/Collection Common/Cell/NCListCell.swift (ok=18 skipped_too_large=3 timed_out=3 panicked=0 failed_to_read=0)
[25/49] swiftlang-swift.git@4b9cb8a3 test/Concurrency/Runtime/async_stream.swift (ok=19 skipped_too_large=3 timed_out=3 panicked=0 failed_to_read=0)
[26/49] swiftlang-swift.git@7eb94c92 test/Interop/Cxx/class/invalid-members/stdlib-containers-of-incomplete.swift (ok=20 skipped_too_large=3 timed_out=3 panicked=0 failed_to_read=0)
[27/49] swiftlang-swift.git@7eb94c92 test/Reflection/typeref_lowering_packs.swift (ok=21 skipped_too_large=3 timed_out=3 panicked=0 failed_to_read=0)
[28/49] nextcloud-desktop.git@c447fdbc shell_integration/MacOSX/NextcloudIntegration/FileProviderExt/FileProviderExtension+NSFileProviderServicing.swift (ok=22 skipped_too_large=3 timed_out=3 panicked=0 failed_to_read=0)
[29/49] nextcloud-desktop.git@c447fdbc shell_integration/MacOSX/NextcloudIntegration/FileProviderExt/FileProviderExtension+NSXPCListenerDelegate.swift (ok=23 skipped_too_large=3 timed_out=3 panicked=0 failed_to_read=0)
[30/49] nextcloud-ios.git@306b400f Tests/NextcloudUITests/AssistantUITests.swift (ok=24 skipped_too_large=3 timed_out=3 panicked=0 failed_to_read=0)
[31/49] nextcloud-ios.git@306b400f Tests/NextcloudUITests/AutoUploadUITests.swift (ok=25 skipped_too_large=3 timed_out=3 panicked=0 failed_to_read=0)
[32/49] nextcloud-ios.git@95df9194 Share/NCShareExtension+DataSource.swift (ok=26 skipped_too_large=3 timed_out=3 panicked=0 failed_to_read=0)
[33/49] nextcloud-ios.git@95df9194 iOSClient/Main/Collection Common/Cell/NCRecommendationsCell.swift (ok=27 skipped_too_large=3 timed_out=3 panicked=0 failed_to_read=0)
[34/49] nextcloud-ios.git@95df9194 iOSClient/Main/Collection Common/Section Header Footer/NCSectionFooter.swift (ok=28 skipped_too_large=3 timed_out=3 panicked=0 failed_to_read=0)
[35/49] nextcloud-ios.git@95df9194 iOSClient/Trash/Cell/NCTrashCellProtocol.swift (ok=29 skipped_too_large=3 timed_out=3 panicked=0 failed_to_read=0)
[36/49] nextcloud-ios.git@95df9194 iOSClient/Trash/Cell/NCTrashGridCell.swift (ok=30 skipped_too_large=3 timed_out=3 panicked=0 failed_to_read=0)
[37/49] nextcloud-ios.git@95df9194 iOSClient/Trash/Cell/NCTrashListCell.swift (ok=31 skipped_too_large=3 timed_out=3 panicked=0 failed_to_read=0)
[38/49] nextcloud-ios.git@95df9194 iOSClient/Trash/NCTrash+CollectionView.swift (ok=32 skipped_too_large=3 timed_out=3 panicked=0 failed_to_read=0)
[39/49] nextcloud-ios.git@95df9194 iOSClient/Trash/NCTrash+Networking.swift (ok=33 skipped_too_large=3 timed_out=3 panicked=0 failed_to_read=0)
[40/49] nextcloud-ios.git@95df9194 iOSClient/Trash/NCTrash+SelectTabBarDelegate.swift (ok=34 skipped_too_large=3 timed_out=3 panicked=0 failed_to_read=0)
[41/49] nextcloud-ios.git@95df9194 iOSClient/Trash/NCTrash.swift (ok=35 skipped_too_large=3 timed_out=3 panicked=0 failed_to_read=0)
[42/49] nextcloud-ios.git@95df9194 iOSClient/Trash/NCTrashSelectTabBar.swift (ok=36 skipped_too_large=3 timed_out=3 panicked=0 failed_to_read=0)
[43/49] nextcloud-ios.git@d894f20b iOSClient/Assistant/Chat/NCAssistantChatModel.swift (ok=37 skipped_too_large=3 timed_out=3 panicked=0 failed_to_read=0)
[44/49] nextcloud-ios.git@ddf92256 iOSClient/Main/Collection Common/Cell/UIView+BlurVibrancy.swift (ok=38 skipped_too_large=3 timed_out=3 panicked=0 failed_to_read=0)
[45/49] swiftlang-swift.git@7eb94c92 test/Reflection/typeref_decoding_packs.swift (ok=39 skipped_too_large=3 timed_out=3 panicked=0 failed_to_read=0)
[46/49] swiftlang-swift.git@9a25399f test/Sema/strict_access_control.swift (ok=40 skipped_too_large=3 timed_out=3 panicked=0 failed_to_read=0)
[47/49] swiftlang-swift.git@9a25399f test/attr/attr_inlinable_strict.swift (ok=41 skipped_too_large=3 timed_out=3 panicked=0 failed_to_read=0)
[48/49] swiftlang-swift.git@9a25399f test/decl/protocol/conforms/access_corner_case_strict.swift (ok=42 skipped_too_large=3 timed_out=3 panicked=0 failed_to_read=0)
[49/49] swiftlang-swift.git@7eb94c92 test/IRGen/availability_android.swift (ok=43 skipped_too_large=3 timed_out=3 panicked=0 failed_to_read=0)
Measured 49 pairs into "/home/marko/src/codediff/research/results/benchmark_swift.csv": ok=43 skipped_too_large=3 timed_out=3 panicked=0 failed_to_read=0
