Loaded 456 sampled pairs
[1/456] Lidarr-Lidarr.git@0f0c31f4 src/NzbDrone.Core/MetadataSource/SkyHook/SkyHookProxy.cs (ok=1 skipped_too_large=0 timed_out=0 panicked=0 failed_to_read=0)
[2/456] Lidarr-Lidarr.git@1992127e src/NzbDrone.Core/Download/Clients/QBittorrent/QBittorrentProxyV2.cs (ok=2 skipped_too_large=0 timed_out=0 panicked=0 failed_to_read=0)
[3/456] Lidarr-Lidarr.git@19a1d5c6 src/NzbDrone.Core/MetadataSource/SkyHook/SkyHookProxy.cs (ok=3 skipped_too_large=0 timed_out=0 panicked=0 failed_to_read=0)
[4/456] Lidarr-Lidarr.git@1eb6b806 src/NzbDrone.Core/MediaFiles/TrackImport/Manual/ManualImportService.cs (ok=4 skipped_too_large=0 timed_out=0 panicked=0 failed_to_read=0)
[5/456] Lidarr-Lidarr.git@28811ace src/NzbDrone.Core.Test/MusicTests/RefreshArtistServiceFixture.cs (ok=5 skipped_too_large=0 timed_out=0 panicked=0 failed_to_read=0)
[6/456] Lidarr-Lidarr.git@323b366a src/NzbDrone.Core/MediaFiles/AudioTagService.cs (ok=6 skipped_too_large=0 timed_out=0 panicked=0 failed_to_read=0)
[7/456] Lidarr-Lidarr.git@323b366a src/NzbDrone.Core/MediaFiles/TrackImport/ImportApprovedTracks.cs (ok=7 skipped_too_large=0 timed_out=0 panicked=0 failed_to_read=0)
[8/456] Lidarr-Lidarr.git@350860e5 src/NzbDrone.Host/Startup.cs (ok=8 skipped_too_large=0 timed_out=0 panicked=0 failed_to_read=0)
[9/456] Lidarr-Lidarr.git@3e6b934c src/NzbDrone.Core/Music/Services/RefreshAlbumService.cs (ok=9 skipped_too_large=0 timed_out=0 panicked=0 failed_to_read=0)
[10/456] Lidarr-Lidarr.git@3e6b934c src/NzbDrone.Core/Music/Services/RefreshArtistService.cs (ok=10 skipped_too_large=0 timed_out=0 panicked=0 failed_to_read=0)
[11/456] Lidarr-Lidarr.git@3eb9ff60 src/NzbDrone.Core/MetadataSource/SkyHook/SkyHookProxy.cs (ok=11 skipped_too_large=0 timed_out=0 panicked=0 failed_to_read=0)
[12/456] Lidarr-Lidarr.git@4805dfc7 src/NzbDrone.Core/Music/Services/RefreshArtistService.cs (ok=12 skipped_too_large=0 timed_out=0 panicked=0 failed_to_read=0)
[13/456] Lidarr-Lidarr.git@48f42fdc src/NzbDrone.Core/Download/TorrentClientBase.cs (ok=13 skipped_too_large=0 timed_out=0 panicked=0 failed_to_read=0)
[14/456] Lidarr-Lidarr.git@4baba902 src/NzbDrone.Core/MediaFiles/TrackImport/Identification/IdentificationService.cs (ok=14 skipped_too_large=0 timed_out=0 panicked=0 failed_to_read=0)
[15/456] Lidarr-Lidarr.git@6ac1b4ce src/NzbDrone.Core/MediaFiles/AudioTagService.cs (ok=15 skipped_too_large=0 timed_out=0 panicked=0 failed_to_read=0)
[16/456] Lidarr-Lidarr.git@6bcead8b src/NzbDrone.Host/Startup.cs (ok=16 skipped_too_large=0 timed_out=0 panicked=0 failed_to_read=0)
[17/456] Lidarr-Lidarr.git@7b24bc55 src/NzbDrone.Core/Organizer/FileNameBuilder.cs (ok=17 skipped_too_large=0 timed_out=0 panicked=0 failed_to_read=0)
[18/456] Lidarr-Lidarr.git@7cdb4e4b src/NzbDrone.Core/Configuration/ConfigFileProvider.cs (ok=18 skipped_too_large=0 timed_out=0 panicked=0 failed_to_read=0)
[19/456] Lidarr-Lidarr.git@80cf89c8 src/NzbDrone.Host/Startup.cs (ok=19 skipped_too_large=0 timed_out=0 panicked=0 failed_to_read=0)
[20/456] Lidarr-Lidarr.git@826b8b59 src/Lidarr.Api.V1/Artist/ArtistController.cs (ok=20 skipped_too_large=0 timed_out=0 panicked=0 failed_to_read=0)
[21/456] Lidarr-Lidarr.git@8567a7d6 src/NzbDrone.Core/Music/Services/RefreshArtistService.cs (ok=21 skipped_too_large=0 timed_out=0 panicked=0 failed_to_read=0)
[22/456] Lidarr-Lidarr.git@90751998 src/NzbDrone.Core/MetadataSource/SkyHook/SkyHookProxy.cs (ok=22 skipped_too_large=0 timed_out=0 panicked=0 failed_to_read=0)
[23/456] Lidarr-Lidarr.git@944970a1 src/NzbDrone.Core/Datastore/BasicRepository.cs (ok=23 skipped_too_large=0 timed_out=0 panicked=0 failed_to_read=0)
[24/456] Lidarr-Lidarr.git@96328b8d src/Lidarr.Api.V1/Queue/QueueController.cs (ok=24 skipped_too_large=0 timed_out=0 panicked=0 failed_to_read=0)
[25/456] Lidarr-Lidarr.git@96e5a4df src/NzbDrone.Core/Configuration/ConfigFileProvider.cs (ok=25 skipped_too_large=0 timed_out=0 panicked=0 failed_to_read=0)
[26/456] Lidarr-Lidarr.git@985ecd31 src/NzbDrone.Core/MediaFiles/DownloadedTracksImportService.cs (ok=26 skipped_too_large=0 timed_out=0 panicked=0 failed_to_read=0)
[27/456] Lidarr-Lidarr.git@9c9ebbca src/NzbDrone.Core.Test/ImportListTests/Spotify/SpotifyMappingFixture.cs (ok=27 skipped_too_large=0 timed_out=0 panicked=0 failed_to_read=0)
[28/456] Lidarr-Lidarr.git@9db6cf2c src/NzbDrone.Core/MetadataSource/SkyHook/SkyHookProxy.cs (ok=28 skipped_too_large=0 timed_out=0 panicked=0 failed_to_read=0)
[29/456] Lidarr-Lidarr.git@bed907e7 src/NzbDrone.Core/Configuration/ConfigService.cs (ok=29 skipped_too_large=0 timed_out=0 panicked=0 failed_to_read=0)
[30/456] Lidarr-Lidarr.git@bed907e7 src/NzbDrone.Core/MediaFiles/TrackFileMovingService.cs (ok=30 skipped_too_large=0 timed_out=0 panicked=0 failed_to_read=0)
[31/456] Lidarr-Lidarr.git@cadb839d src/NzbDrone.Core/MetadataSource/SkyHook/SkyHookProxy.cs (ok=31 skipped_too_large=0 timed_out=0 panicked=0 failed_to_read=0)
[32/456] Lidarr-Lidarr.git@cba115b7 src/NzbDrone.Core/MetadataSource/SkyHook/SkyHookProxy.cs (ok=32 skipped_too_large=0 timed_out=0 panicked=0 failed_to_read=0)
[33/456] Lidarr-Lidarr.git@cce7ffa6 src/NzbDrone.Core/Download/TrackedDownloads/TrackedDownloadService.cs (ok=33 skipped_too_large=0 timed_out=0 panicked=0 failed_to_read=0)
[34/456] Lidarr-Lidarr.git@e56eb309 src/NzbDrone.Core/MetadataSource/SkyHook/SkyHookProxy.cs (ok=34 skipped_too_large=0 timed_out=0 panicked=0 failed_to_read=0)
[35/456] Lidarr-Lidarr.git@eb7e77b8 src/NzbDrone.Core/MediaFiles/TrackImport/Manual/ManualImportService.cs (ok=35 skipped_too_large=0 timed_out=0 panicked=0 failed_to_read=0)
[36/456] Lidarr-Lidarr.git@ec9625f2 src/NzbDrone.Core/MediaFiles/TrackImport/Identification/IdentificationService.cs (ok=36 skipped_too_large=0 timed_out=0 panicked=0 failed_to_read=0)
[37/456] Lidarr-Lidarr.git@f29af850 src/NzbDrone.Core/MediaFiles/TrackImport/Manual/ManualImportService.cs (ok=37 skipped_too_large=0 timed_out=0 panicked=0 failed_to_read=0)
[38/456] Lidarr-Lidarr.git@f627a3cb src/NzbDrone.Core/MediaFiles/DiskScanService.cs (ok=38 skipped_too_large=0 timed_out=0 panicked=0 failed_to_read=0)
[39/456] Lidarr-Lidarr.git@f6a3e737 src/NzbDrone.Core/Plugins/PluginService.cs (ok=39 skipped_too_large=0 timed_out=0 panicked=0 failed_to_read=0)
[40/456] Lidarr-Lidarr.git@fc010a5e src/NzbDrone.Core/MediaFiles/TrackImport/Manual/ManualImportService.cs (ok=40 skipped_too_large=0 timed_out=0 panicked=0 failed_to_read=0)
[41/456] Lidarr-Lidarr.git@fc1ce021 src/NzbDrone.Core.Test/ImportListTests/Spotify/SpotifyMappingFixture.cs (ok=41 skipped_too_large=0 timed_out=0 panicked=0 failed_to_read=0)
[42/456] Lidarr-Lidarr.git@fcfc60a2 src/Lidarr.Api.V1/Queue/QueueController.cs (ok=42 skipped_too_large=0 timed_out=0 panicked=0 failed_to_read=0)
[43/456] Lidarr-Lidarr.git@fcfc60a2 src/NzbDrone.Common/Extensions/PathExtensions.cs (ok=43 skipped_too_large=0 timed_out=0 panicked=0 failed_to_read=0)
[44/456] Lidarr-Lidarr.git@fcfc60a2 src/NzbDrone.Core.Test/DecisionEngineTests/PrioritizeDownloadDecisionFixture.cs (ok=44 skipped_too_large=0 timed_out=0 panicked=0 failed_to_read=0)
[45/456] Lidarr-Lidarr.git@fcfc60a2 src/NzbDrone.Core.Test/Download/DownloadApprovedReportsTests/DownloadApprovedFixture.cs (ok=45 skipped_too_large=0 timed_out=0 panicked=0 failed_to_read=0)
[46/456] Lidarr-Lidarr.git@fcfc60a2 src/NzbDrone.Core.Test/Download/DownloadClientProviderFixture.cs (ok=46 skipped_too_large=0 timed_out=0 panicked=0 failed_to_read=0)
[47/456] Lidarr-Lidarr.git@fcfc60a2 src/NzbDrone.Core.Test/Download/DownloadServiceFixture.cs (ok=47 skipped_too_large=0 timed_out=0 panicked=0 failed_to_read=0)
[48/456] Lidarr-Lidarr.git@fcfc60a2 src/NzbDrone.Core.Test/Download/TrackedDownloads/TrackedDownloadServiceFixture.cs (ok=48 skipped_too_large=0 timed_out=0 panicked=0 failed_to_read=0)
[49/456] Lidarr-Lidarr.git@fcfc60a2 src/NzbDrone.Core.Test/IndexerTests/TorrentRssIndexerTests/TorrentRssIndexerFixture.cs (ok=49 skipped_too_large=0 timed_out=0 panicked=0 failed_to_read=0)
[50/456] Lidarr-Lidarr.git@fcfc60a2 src/NzbDrone.Core/Datastore/TableMapping.cs (ok=50 skipped_too_large=0 timed_out=0 panicked=0 failed_to_read=0)
[51/456] Lidarr-Lidarr.git@fcfc60a2 src/NzbDrone.Core/Download/Pending/PendingReleaseService.cs (ok=51 skipped_too_large=0 timed_out=0 panicked=0 failed_to_read=0)
[52/456] Lidarr-Lidarr.git@fcfc60a2 src/NzbDrone.Core/Download/TorrentClientBase.cs (ok=52 skipped_too_large=0 timed_out=0 panicked=0 failed_to_read=0)
[53/456] Lidarr-Lidarr.git@fcfc60a2 src/NzbDrone.Core/History/EntityHistoryService.cs (ok=53 skipped_too_large=0 timed_out=0 panicked=0 failed_to_read=0)
[54/456] Lidarr-Lidarr.git@fcfc60a2 src/NzbDrone.Host/Bootstrap.cs (ok=54 skipped_too_large=0 timed_out=0 panicked=0 failed_to_read=0)
[55/456] Lidarr-Lidarr.git@fcfc60a2 src/NzbDrone.Integration.Test/IntegrationTestBase.cs (ok=55 skipped_too_large=0 timed_out=0 panicked=0 failed_to_read=0)
[56/456] Lidarr-Lidarr.git@ffab40e9 src/NzbDrone.Core/MediaCover/MediaCoverService.cs (ok=56 skipped_too_large=0 timed_out=0 panicked=0 failed_to_read=0)
[57/456] Radarr-Radarr.git@110a338f src/NzbDrone.Core/ImportLists/HttpImportListBase.cs (ok=57 skipped_too_large=0 timed_out=0 panicked=0 failed_to_read=0)
[58/456] Radarr-Radarr.git@1883ae52 src/NzbDrone.Core/Download/Clients/QBittorrent/QBittorrentProxyV2.cs (ok=58 skipped_too_large=0 timed_out=0 panicked=0 failed_to_read=0)
[59/456] Radarr-Radarr.git@2235823a src/NzbDrone.Core.Test/Datastore/Migration/208_collectionsFixture.cs (ok=59 skipped_too_large=0 timed_out=0 panicked=0 failed_to_read=0)
[60/456] Radarr-Radarr.git@2235823a src/NzbDrone.Core/Datastore/Migration/208_collections.cs (ok=60 skipped_too_large=0 timed_out=0 panicked=0 failed_to_read=0)
[61/456] Radarr-Radarr.git@2235823a src/Radarr.Api.V3/Queue/QueueController.cs (ok=61 skipped_too_large=0 timed_out=0 panicked=0 failed_to_read=0)
[62/456] Radarr-Radarr.git@4c007291 src/NzbDrone.Core/Organizer/FileNameBuilder.cs (ok=62 skipped_too_large=0 timed_out=0 panicked=0 failed_to_read=0)
[63/456] Radarr-Radarr.git@54cbbe05 src/NzbDrone.Core/Extras/Metadata/Consumers/Xbmc/XbmcMetadata.cs (ok=63 skipped_too_large=0 timed_out=0 panicked=0 failed_to_read=0)
[64/456] Radarr-Radarr.git@64b2a10b src/NzbDrone.Core.Test/ParserTests/ReleaseGroupParserFixture.cs (ok=64 skipped_too_large=0 timed_out=0 panicked=0 failed_to_read=0)
[65/456] Radarr-Radarr.git@6bdbc9c6 src/NzbDrone.Core.Test/ParserTests/ReleaseGroupParserFixture.cs (ok=65 skipped_too_large=0 timed_out=0 panicked=0 failed_to_read=0)
[66/456] Radarr-Radarr.git@6bdbc9c6 src/NzbDrone.Core/Datastore/Migration/199_mediainfo_to_ffmpeg.cs (ok=66 skipped_too_large=0 timed_out=0 panicked=0 failed_to_read=0)
[67/456] Radarr-Radarr.git@6bdbc9c6 src/NzbDrone.Core/MediaFiles/MovieImport/Manual/ManualImportService.cs (ok=67 skipped_too_large=0 timed_out=0 panicked=0 failed_to_read=0)
[68/456] Radarr-Radarr.git@6bdbc9c6 src/NzbDrone.Core/Parser/Parser.cs (ok=68 skipped_too_large=0 timed_out=0 panicked=0 failed_to_read=0)
[69/456] Radarr-Radarr.git@7d8444c4 src/NzbDrone.Host/Startup.cs (ok=69 skipped_too_large=0 timed_out=0 panicked=0 failed_to_read=0)
[70/456] Radarr-Radarr.git@8000abc2 src/NzbDrone.Core/Configuration/ConfigFileProvider.cs (ok=70 skipped_too_large=0 timed_out=0 panicked=0 failed_to_read=0)
[71/456] Radarr-Radarr.git@80a9fa68 src/NzbDrone.Core/Profiles/Qualities/QualityProfileService.cs (ok=71 skipped_too_large=0 timed_out=0 panicked=0 failed_to_read=0)
[72/456] Radarr-Radarr.git@8c94581c src/NzbDrone.Core.Test/ParserTests/ReleaseGroupParserFixture.cs (ok=72 skipped_too_large=0 timed_out=0 panicked=0 failed_to_read=0)
[73/456] Radarr-Radarr.git@90cd8df1 src/NzbDrone.Host/Startup.cs (ok=73 skipped_too_large=0 timed_out=0 panicked=0 failed_to_read=0)
[74/456] Radarr-Radarr.git@a1268350 src/NzbDrone.Core.Test/ParserTests/ReleaseGroupParserFixture.cs (ok=74 skipped_too_large=0 timed_out=0 panicked=0 failed_to_read=0)
[75/456] Radarr-Radarr.git@b0284bda src/NzbDrone.Core.Test/ParserTests/QualityParserFixture.cs (ok=75 skipped_too_large=0 timed_out=0 panicked=0 failed_to_read=0)
[76/456] Radarr-Radarr.git@b0284bda src/NzbDrone.Core/Parser/QualityParser.cs (ok=76 skipped_too_large=0 timed_out=0 panicked=0 failed_to_read=0)
[77/456] Radarr-Radarr.git@b51d1bea src/NzbDrone.Host/Startup.cs (ok=77 skipped_too_large=0 timed_out=0 panicked=0 failed_to_read=0)
[78/456] Radarr-Radarr.git@cf465899 src/NzbDrone.Core/Datastore/BasicRepository.cs (ok=78 skipped_too_large=0 timed_out=0 panicked=0 failed_to_read=0)
[79/456] Radarr-Radarr.git@d3849218 src/NzbDrone.Core.Test/OrganizerTests/FileNameBuilderTests/FileNameBuilderFixture.cs (ok=79 skipped_too_large=0 timed_out=0 panicked=0 failed_to_read=0)
[80/456] Radarr-Radarr.git@d3849218 src/NzbDrone.Core.Test/ParserTests/LanguageParserFixture.cs (ok=80 skipped_too_large=0 timed_out=0 panicked=0 failed_to_read=0)
[81/456] Radarr-Radarr.git@d3849218 src/NzbDrone.Core/Parser/LanguageParser.cs (ok=81 skipped_too_large=0 timed_out=0 panicked=0 failed_to_read=0)
[82/456] Radarr-Radarr.git@d478b404 src/NzbDrone.Core/Configuration/ConfigFileProvider.cs (ok=82 skipped_too_large=0 timed_out=0 panicked=0 failed_to_read=0)
[83/456] Radarr-Radarr.git@e6369193 src/NzbDrone.Core/Download/TorrentClientBase.cs (ok=83 skipped_too_large=0 timed_out=0 panicked=0 failed_to_read=0)
[84/456] Radarr-Radarr.git@f04bff8e src/NzbDrone.Core/Organizer/FileNameBuilder.cs (ok=84 skipped_too_large=0 timed_out=0 panicked=0 failed_to_read=0)
[85/456] Radarr-Radarr.git@f28691e4 src/NzbDrone.Core/Organizer/FileNameBuilder.cs (ok=85 skipped_too_large=0 timed_out=0 panicked=0 failed_to_read=0)
[86/456] Radarr-Radarr.git@f36845c2 src/NzbDrone.Core.Test/ParserTests/QualityParserFixture.cs (ok=86 skipped_too_large=0 timed_out=0 panicked=0 failed_to_read=0)
[87/456] Radarr-Radarr.git@f36845c2 src/NzbDrone.Core/Parser/QualityParser.cs (ok=87 skipped_too_large=0 timed_out=0 panicked=0 failed_to_read=0)
[88/456] Sonarr-Sonarr.git@107e474f src/NzbDrone.Core/Parser/Parser.cs (ok=88 skipped_too_large=0 timed_out=0 panicked=0 failed_to_read=0)
[89/456] Sonarr-Sonarr.git@1ef034af src/NzbDrone.Core.Test/ParserTests/SingleEpisodeParserFixture.cs (ok=88 skipped_too_large=0 timed_out=1 panicked=0 failed_to_read=0)
[90/456] Sonarr-Sonarr.git@1ef034af src/NzbDrone.Core/Parser/Parser.cs (ok=88 skipped_too_large=0 timed_out=2 panicked=0 failed_to_read=0)
[91/456] Sonarr-Sonarr.git@2335657f src/NzbDrone.Core.Test/ParserTests/AbsoluteEpisodeNumberParserFixture.cs (ok=89 skipped_too_large=0 timed_out=2 panicked=0 failed_to_read=0)
[92/456] Sonarr-Sonarr.git@2335657f src/NzbDrone.Core/Parser/Parser.cs (ok=90 skipped_too_large=0 timed_out=2 panicked=0 failed_to_read=0)
[93/456] Sonarr-Sonarr.git@2d071eca src/Sonarr.Api.V5/Queue/QueueController.cs (ok=91 skipped_too_large=0 timed_out=2 panicked=0 failed_to_read=0)
[94/456] Sonarr-Sonarr.git@302b0f35 src/NzbDrone.Core/MediaFiles/MediaInfo/VideoFileInfoReader.cs (ok=92 skipped_too_large=0 timed_out=2 panicked=0 failed_to_read=0)
[95/456] Sonarr-Sonarr.git@4bf02221 src/Sonarr.Api.V5/Series/SeriesController.cs (ok=93 skipped_too_large=0 timed_out=2 panicked=0 failed_to_read=0)
[96/456] Sonarr-Sonarr.git@5d8d2d66 src/NzbDrone.Common/Http/Dispatchers/ManagedHttpDispatcher.cs (ok=94 skipped_too_large=0 timed_out=2 panicked=0 failed_to_read=0)
[97/456] Sonarr-Sonarr.git@63431917 src/NzbDrone.Core.Test/ParserTests/QualityParserFixture.cs (ok=95 skipped_too_large=0 timed_out=2 panicked=0 failed_to_read=0)
[98/456] Sonarr-Sonarr.git@63431917 src/NzbDrone.Core/Parser/QualityParser.cs (ok=96 skipped_too_large=0 timed_out=2 panicked=0 failed_to_read=0)
[99/456] Sonarr-Sonarr.git@6a663910 src/NzbDrone.Core/Download/Clients/QBittorrent/QBittorrent.cs (ok=97 skipped_too_large=0 timed_out=2 panicked=0 failed_to_read=0)
[100/456] Sonarr-Sonarr.git@6a663910 src/NzbDrone.Core/Download/Clients/QBittorrent/QBittorrentProxyV2.cs (ok=98 skipped_too_large=0 timed_out=2 panicked=0 failed_to_read=0)
[101/456] Sonarr-Sonarr.git@6cd1ab37 src/NzbDrone.Common/Instrumentation/Sentry/SentryTarget.cs (ok=99 skipped_too_large=0 timed_out=2 panicked=0 failed_to_read=0)
[102/456] Sonarr-Sonarr.git@6cd1ab37 src/NzbDrone.Host/Bootstrap.cs (ok=100 skipped_too_large=0 timed_out=2 panicked=0 failed_to_read=0)
[103/456] Sonarr-Sonarr.git@763c9c83 src/NzbDrone.Core/Parser/Parser.cs (ok=100 skipped_too_large=0 timed_out=3 panicked=0 failed_to_read=0)
[104/456] Sonarr-Sonarr.git@7b0db46c src/NzbDrone.Core.Test/ParserTests/SingleEpisodeParserFixture.cs (ok=100 skipped_too_large=0 timed_out=4 panicked=0 failed_to_read=0)
[105/456] Sonarr-Sonarr.git@7b0db46c src/NzbDrone.Core/Parser/Parser.cs (ok=100 skipped_too_large=0 timed_out=5 panicked=0 failed_to_read=0)
[106/456] Sonarr-Sonarr.git@8f5f3070 src/NzbDrone.Core/Download/Clients/QBittorrent/QBittorrentProxyV2.cs (ok=101 skipped_too_large=0 timed_out=5 panicked=0 failed_to_read=0)
[107/456] Sonarr-Sonarr.git@98fbe694 src/NzbDrone.Core/MediaFiles/DiskScanService.cs (ok=102 skipped_too_large=0 timed_out=5 panicked=0 failed_to_read=0)
[108/456] Sonarr-Sonarr.git@a466a94d src/NzbDrone.Core.Test/ParserTests/ReleaseGroupParserFixture.cs (ok=102 skipped_too_large=0 timed_out=6 panicked=0 failed_to_read=0)
[109/456] Sonarr-Sonarr.git@b16743bd src/NzbDrone.Core.Test/ParserTests/ReleaseGroupParserFixture.cs (ok=103 skipped_too_large=0 timed_out=6 panicked=0 failed_to_read=0)
[110/456] Sonarr-Sonarr.git@b2f2c21a src/NzbDrone.Core.Test/Download/DownloadClientProvider/GetDownloadClientFixture.cs (ok=104 skipped_too_large=0 timed_out=6 panicked=0 failed_to_read=0)
[111/456] Sonarr-Sonarr.git@b2f2c21a src/NzbDrone.Core/Download/DownloadClientProvider.cs (ok=105 skipped_too_large=0 timed_out=6 panicked=0 failed_to_read=0)
[112/456] Sonarr-Sonarr.git@b88b7e15 src/NzbDrone.Core/MediaFiles/MediaInfo/VideoFileInfoReader.cs (ok=106 skipped_too_large=0 timed_out=6 panicked=0 failed_to_read=0)
[113/456] Sonarr-Sonarr.git@b94cf9b3 src/NzbDrone.Core.Test/IndexerSearchTests/ReleaseSearchServiceFixture.cs (ok=107 skipped_too_large=0 timed_out=6 panicked=0 failed_to_read=0)
[114/456] Sonarr-Sonarr.git@b94cf9b3 src/NzbDrone.Core/IndexerSearch/ReleaseSearchService.cs (ok=108 skipped_too_large=0 timed_out=6 panicked=0 failed_to_read=0)
[115/456] Sonarr-Sonarr.git@bee7e432 src/NzbDrone.Core.Test/ParserTests/ReleaseGroupParserFixture.cs (ok=109 skipped_too_large=0 timed_out=6 panicked=0 failed_to_read=0)
[116/456] Sonarr-Sonarr.git@c3706c3c src/NzbDrone.Core/Configuration/ConfigFileProvider.cs (ok=109 skipped_too_large=0 timed_out=7 panicked=0 failed_to_read=0)
[117/456] Sonarr-Sonarr.git@c3706c3c src/NzbDrone.Host/Startup.cs (ok=110 skipped_too_large=0 timed_out=7 panicked=0 failed_to_read=0)
[118/456] Sonarr-Sonarr.git@e06c6ba6 src/NzbDrone.Core.Test/ParserTests/LanguageParserFixture.cs (ok=111 skipped_too_large=0 timed_out=7 panicked=0 failed_to_read=0)
[119/456] Sonarr-Sonarr.git@e06c6ba6 src/NzbDrone.Core/Parser/LanguageParser.cs (ok=112 skipped_too_large=0 timed_out=7 panicked=0 failed_to_read=0)
[120/456] Sonarr-Sonarr.git@e747ec8f src/NzbDrone.Common/Http/Dispatchers/ManagedHttpDispatcher.cs (ok=113 skipped_too_large=0 timed_out=7 panicked=0 failed_to_read=0)
[121/456] Sonarr-Sonarr.git@f3b39ba4 src/NzbDrone.Core.Test/OrganizerTests/FileNameBuilderTests/FileNameBuilderFixture.cs (ok=113 skipped_too_large=1 timed_out=7 panicked=0 failed_to_read=0)
[122/456] Sonarr-Sonarr.git@f3b39ba4 src/NzbDrone.Core/Extras/Metadata/Consumers/Xbmc/XbmcMetadata.cs (ok=114 skipped_too_large=1 timed_out=7 panicked=0 failed_to_read=0)
[123/456] Sonarr-Sonarr.git@f3b39ba4 src/NzbDrone.Core/MediaFiles/MediaInfo/VideoFileInfoReader.cs (ok=115 skipped_too_large=1 timed_out=7 panicked=0 failed_to_read=0)
[124/456] Sonarr-Sonarr.git@f3b39ba4 src/NzbDrone.Core/MediaFiles/ScriptImportDecider.cs (ok=116 skipped_too_large=1 timed_out=7 panicked=0 failed_to_read=0)
[125/456] Sonarr-Sonarr.git@f3b39ba4 src/NzbDrone.Core/Notifications/CustomScript/CustomScript.cs (ok=116 skipped_too_large=2 timed_out=7 panicked=0 failed_to_read=0)
[126/456] Sonarr-Sonarr.git@f3b39ba4 src/NzbDrone.Core/Notifications/Discord/Discord.cs (ok=117 skipped_too_large=2 timed_out=7 panicked=0 failed_to_read=0)
[127/456] Sonarr-Sonarr.git@f3b39ba4 src/NzbDrone.Core/Notifications/Trakt/Trakt.cs (ok=118 skipped_too_large=2 timed_out=7 panicked=0 failed_to_read=0)
[128/456] Sonarr-Sonarr.git@f3b39ba4 src/NzbDrone.Core/Organizer/FileNameBuilder.cs (ok=118 skipped_too_large=3 timed_out=7 panicked=0 failed_to_read=0)
[129/456] Sonarr-Sonarr.git@f3b39ba4 src/NzbDrone.Core/Organizer/FileNameSampleService.cs (ok=119 skipped_too_large=3 timed_out=7 panicked=0 failed_to_read=0)
[130/456] Sonarr-Sonarr.git@fcfdac99 src/NzbDrone.Core.Test/ParserTests/ParsingServiceTests/MapFixture.cs (ok=120 skipped_too_large=3 timed_out=7 panicked=0 failed_to_read=0)
[131/456] Sonarr-Sonarr.git@fcfdac99 src/NzbDrone.Core/Parser/ParsingService.cs (ok=121 skipped_too_large=3 timed_out=7 panicked=0 failed_to_read=0)
[132/456] ansible-ansible.git@20ce7d60 lib/ansible/module_utils/csharp/Ansible.Basic.cs (ok=121 skipped_too_large=4 timed_out=7 panicked=0 failed_to_read=0)
[133/456] ansible-ansible.git@99708930 lib/ansible/module_utils/csharp/Ansible.Basic.cs (ok=121 skipped_too_large=5 timed_out=7 panicked=0 failed_to_read=0)
[134/456] jellyfin-jellyfin.git@074aa7e6 Emby.Server.Implementations/Images/BaseDynamicImageProvider.cs (ok=122 skipped_too_large=5 timed_out=7 panicked=0 failed_to_read=0)
[135/456] jellyfin-jellyfin.git@0a1dd56a MediaBrowser.Providers/Plugins/Tmdb/TV/TmdbSeriesProvider.cs (ok=123 skipped_too_large=5 timed_out=7 panicked=0 failed_to_read=0)
[136/456] jellyfin-jellyfin.git@2757c183 MediaBrowser.Controller/Entities/TV/Series.cs (ok=124 skipped_too_large=5 timed_out=7 panicked=0 failed_to_read=0)
[137/456] jellyfin-jellyfin.git@2757c183 MediaBrowser.Providers/TV/SeriesMetadataService.cs (ok=125 skipped_too_large=5 timed_out=7 panicked=0 failed_to_read=0)
[138/456] jellyfin-jellyfin.git@37b50fe1 Jellyfin.Api/Helpers/StreamingHelpers.cs (ok=126 skipped_too_large=5 timed_out=7 panicked=0 failed_to_read=0)
[139/456] jellyfin-jellyfin.git@37b50fe1 MediaBrowser.Model/Dlna/StreamInfo.cs (ok=127 skipped_too_large=5 timed_out=7 panicked=0 failed_to_read=0)
[140/456] jellyfin-jellyfin.git@48e45690 MediaBrowser.Controller/Entities/TV/Series.cs (ok=128 skipped_too_large=5 timed_out=7 panicked=0 failed_to_read=0)
[141/456] jellyfin-jellyfin.git@613d72fa Jellyfin.Api/Controllers/DisplayPreferencesController.cs (ok=129 skipped_too_large=5 timed_out=7 panicked=0 failed_to_read=0)
[142/456] jellyfin-jellyfin.git@841e4dab Emby.Server.Implementations/Session/SessionManager.cs (ok=129 skipped_too_large=6 timed_out=7 panicked=0 failed_to_read=0)
[143/456] jellyfin-jellyfin.git@841e4dab MediaBrowser.Controller/Session/ISessionManager.cs (ok=130 skipped_too_large=6 timed_out=7 panicked=0 failed_to_read=0)
[144/456] jellyfin-jellyfin.git@874fd9ac Jellyfin.Api/Controllers/TvShowsController.cs (ok=131 skipped_too_large=6 timed_out=7 panicked=0 failed_to_read=0)
[145/456] jellyfin-jellyfin.git@874fd9ac Jellyfin.Api/Controllers/UserController.cs (ok=132 skipped_too_large=6 timed_out=7 panicked=0 failed_to_read=0)
[146/456] jellyfin-jellyfin.git@94dcaf2e Jellyfin.Server/Extensions/ApiServiceCollectionExtensions.cs (ok=133 skipped_too_large=6 timed_out=7 panicked=0 failed_to_read=0)
[147/456] jellyfin-jellyfin.git@94dcaf2e Jellyfin.Server/Filters/AdditionalModelFilter.cs (ok=134 skipped_too_large=6 timed_out=7 panicked=0 failed_to_read=0)
[148/456] jellyfin-jellyfin.git@a37e83d4 MediaBrowser.Controller/Entities/Folder.cs (ok=134 skipped_too_large=7 timed_out=7 panicked=0 failed_to_read=0)
[149/456] jellyfin-jellyfin.git@b346370d MediaBrowser.Providers/Plugins/Tmdb/Movies/TmdbMovieProvider.cs (ok=135 skipped_too_large=7 timed_out=7 panicked=0 failed_to_read=0)
[150/456] jellyfin-jellyfin.git@b346370d MediaBrowser.Providers/Plugins/Tmdb/TV/TmdbSeriesProvider.cs (ok=136 skipped_too_large=7 timed_out=7 panicked=0 failed_to_read=0)
[151/456] jellyfin-jellyfin.git@b346370d MediaBrowser.Providers/Plugins/Tmdb/TmdbClientManager.cs (ok=137 skipped_too_large=7 timed_out=7 panicked=0 failed_to_read=0)
[152/456] jellyfin-jellyfin.git@b8d2f1f9 Jellyfin.Api/Controllers/TvShowsController.cs (ok=138 skipped_too_large=7 timed_out=7 panicked=0 failed_to_read=0)
[153/456] jellyfin-jellyfin.git@ca6d4996 Jellyfin.Api/Controllers/PlaylistsController.cs (ok=139 skipped_too_large=7 timed_out=7 panicked=0 failed_to_read=0)
[154/456] jellyfin-jellyfin.git@d8543351 Jellyfin.Server/Migrations/Routines/MigrateLibraryDb.cs (ok=139 skipped_too_large=8 timed_out=7 panicked=0 failed_to_read=0)
[155/456] jellyfin-jellyfin.git@dce91cf8 MediaBrowser.Providers/Plugins/Tmdb/TmdbClientManager.cs (ok=140 skipped_too_large=8 timed_out=7 panicked=0 failed_to_read=0)
[156/456] jellyfin-jellyfin.git@e73ebc97 MediaBrowser.Providers/Plugins/Tmdb/TV/TmdbSeriesProvider.cs (ok=141 skipped_too_large=8 timed_out=7 panicked=0 failed_to_read=0)
[157/456] jellyfin-jellyfin.git@ec474470 Emby.Server.Implementations/Dto/DtoService.cs (ok=141 skipped_too_large=9 timed_out=7 panicked=0 failed_to_read=0)
[158/456] microsoft-terminal.git@1ca0c76b src/cascadia/WpfTerminalControl/NativeMethods.cs (ok=142 skipped_too_large=9 timed_out=7 panicked=0 failed_to_read=0)
[159/456] microsoft-terminal.git@1ca0c76b src/cascadia/WpfTerminalControl/TerminalContainer.cs (ok=143 skipped_too_large=9 timed_out=7 panicked=0 failed_to_read=0)
[160/456] Lidarr-Lidarr.git@0e9aa531 src/NzbDrone.Core.Test/MusicTests/MonitorNewAlbumServiceFixture.cs (ok=144 skipped_too_large=9 timed_out=7 panicked=0 failed_to_read=0)
[161/456] Lidarr-Lidarr.git@0e9aa531 src/NzbDrone.Core/Music/Services/MonitorNewAlbumService.cs (ok=145 skipped_too_large=9 timed_out=7 panicked=0 failed_to_read=0)
[162/456] Lidarr-Lidarr.git@1a4c1b6d src/NzbDrone.Common/EnvironmentInfo/AppFolderFactory.cs (ok=146 skipped_too_large=9 timed_out=7 panicked=0 failed_to_read=0)
[163/456] Lidarr-Lidarr.git@1a4c1b6d src/NzbDrone.Common/EnvironmentInfo/AppFolderInfo.cs (ok=147 skipped_too_large=9 timed_out=7 panicked=0 failed_to_read=0)
[164/456] Lidarr-Lidarr.git@2b5967d3 src/NzbDrone.Core/Music/Services/AlbumAddedService.cs (ok=148 skipped_too_large=9 timed_out=7 panicked=0 failed_to_read=0)
[165/456] Lidarr-Lidarr.git@3dabcab1 src/NzbDrone.Core.Test/MetadataSource/SkyHook/SkyHookProxySearchFixture.cs (ok=149 skipped_too_large=9 timed_out=7 panicked=0 failed_to_read=0)
[166/456] Lidarr-Lidarr.git@3dabcab1 src/NzbDrone.Integration.Test/ApiTests/ArtistEditorFixture.cs (ok=150 skipped_too_large=9 timed_out=7 panicked=0 failed_to_read=0)
[167/456] Lidarr-Lidarr.git@3dabcab1 src/NzbDrone.Integration.Test/ApiTests/ArtistFixture.cs (ok=151 skipped_too_large=9 timed_out=7 panicked=0 failed_to_read=0)
[168/456] Lidarr-Lidarr.git@3dabcab1 src/NzbDrone.Integration.Test/ApiTests/BlocklistFixture.cs (ok=152 skipped_too_large=9 timed_out=7 panicked=0 failed_to_read=0)
[169/456] Lidarr-Lidarr.git@3dabcab1 src/NzbDrone.Integration.Test/ApiTests/CalendarFixture.cs (ok=153 skipped_too_large=9 timed_out=7 panicked=0 failed_to_read=0)
[170/456] Lidarr-Lidarr.git@3dabcab1 src/NzbDrone.Integration.Test/ApiTests/TrackFixture.cs (ok=154 skipped_too_large=9 timed_out=7 panicked=0 failed_to_read=0)
[171/456] Lidarr-Lidarr.git@3dabcab1 src/NzbDrone.Integration.Test/ApiTests/WantedTests/MissingFixture.cs (ok=155 skipped_too_large=9 timed_out=7 panicked=0 failed_to_read=0)
[172/456] Lidarr-Lidarr.git@3e5e3d9c src/NzbDrone.Core.Test/Http/HttpProxySettingsProviderFixture.cs (ok=156 skipped_too_large=9 timed_out=7 panicked=0 failed_to_read=0)
[173/456] Lidarr-Lidarr.git@485425a2 src/NzbDrone.Core/Music/Repositories/ArtistMetadataRepository.cs (ok=157 skipped_too_large=9 timed_out=7 panicked=0 failed_to_read=0)
[174/456] Lidarr-Lidarr.git@48f42fdc src/NzbDrone.Core/Indexers/TorrentRssParser.cs (ok=158 skipped_too_large=9 timed_out=7 panicked=0 failed_to_read=0)
[175/456] Lidarr-Lidarr.git@52a50347 src/NzbDrone.Core.Test/MetadataSource/SkyHook/SkyHookProxySearchFixture.cs (ok=159 skipped_too_large=9 timed_out=7 panicked=0 failed_to_read=0)
[176/456] Lidarr-Lidarr.git@52a50347 src/NzbDrone.Integration.Test/ApiTests/ArtistEditorFixture.cs (ok=160 skipped_too_large=9 timed_out=7 panicked=0 failed_to_read=0)
[177/456] Lidarr-Lidarr.git@52a50347 src/NzbDrone.Integration.Test/ApiTests/ArtistFixture.cs (ok=161 skipped_too_large=9 timed_out=7 panicked=0 failed_to_read=0)
[178/456] Lidarr-Lidarr.git@52a50347 src/NzbDrone.Integration.Test/ApiTests/ArtistLookupFixture.cs (ok=162 skipped_too_large=9 timed_out=7 panicked=0 failed_to_read=0)
[179/456] Lidarr-Lidarr.git@52a50347 src/NzbDrone.Integration.Test/ApiTests/BlocklistFixture.cs (ok=163 skipped_too_large=9 timed_out=7 panicked=0 failed_to_read=0)
[180/456] Lidarr-Lidarr.git@52a50347 src/NzbDrone.Integration.Test/ApiTests/CalendarFixture.cs (ok=164 skipped_too_large=9 timed_out=7 panicked=0 failed_to_read=0)
[181/456] Lidarr-Lidarr.git@52a50347 src/NzbDrone.Integration.Test/ApiTests/TrackFixture.cs (ok=165 skipped_too_large=9 timed_out=7 panicked=0 failed_to_read=0)
[182/456] Lidarr-Lidarr.git@52a50347 src/NzbDrone.Integration.Test/ApiTests/WantedTests/CutoffUnmetFixture.cs (ok=166 skipped_too_large=9 timed_out=7 panicked=0 failed_to_read=0)
[183/456] Lidarr-Lidarr.git@52a50347 src/NzbDrone.Integration.Test/ApiTests/WantedTests/MissingFixture.cs (ok=167 skipped_too_large=9 timed_out=7 panicked=0 failed_to_read=0)
[184/456] Lidarr-Lidarr.git@56480c7c src/NzbDrone.Core/MediaFiles/TrackImport/Identification/Distance.cs (ok=168 skipped_too_large=9 timed_out=7 panicked=0 failed_to_read=0)
[185/456] Lidarr-Lidarr.git@61c23de1 src/NzbDrone.Core/Datastore/Migration/000_database_engine_version_check.cs (ok=169 skipped_too_large=9 timed_out=7 panicked=0 failed_to_read=0)
[186/456] Lidarr-Lidarr.git@61c23de1 src/NzbDrone.Core/Datastore/Migration/Framework/MigrationExtension.cs (ok=170 skipped_too_large=9 timed_out=7 panicked=0 failed_to_read=0)
[187/456] Lidarr-Lidarr.git@61c23de1 src/NzbDrone.Core/Datastore/Migration/Framework/NzbDroneSQLiteProcessor.cs (ok=171 skipped_too_large=9 timed_out=7 panicked=0 failed_to_read=0)
[188/456] Lidarr-Lidarr.git@6adbbf81 src/NzbDrone.Core/HealthCheck/Checks/RemovedArtistCheck.cs (ok=172 skipped_too_large=9 timed_out=7 panicked=0 failed_to_read=0)
[189/456] Lidarr-Lidarr.git@7b24bc55 src/NzbDrone.Core/CustomFormats/CustomFormat.cs (ok=173 skipped_too_large=9 timed_out=7 panicked=0 failed_to_read=0)
[190/456] Lidarr-Lidarr.git@7cdb4e4b src/Lidarr.Http/Authentication/AuthenticationBuilderExtensions.cs (ok=174 skipped_too_large=9 timed_out=7 panicked=0 failed_to_read=0)
[191/456] Lidarr-Lidarr.git@826b8b59 src/Lidarr.Api.V1/Albums/AlbumController.cs (ok=175 skipped_too_large=9 timed_out=7 panicked=0 failed_to_read=0)
[192/456] Lidarr-Lidarr.git@826b8b59 src/Lidarr.Api.V1/AutoTagging/AutoTaggingController.cs (ok=176 skipped_too_large=9 timed_out=7 panicked=0 failed_to_read=0)
[193/456] Lidarr-Lidarr.git@826b8b59 src/Lidarr.Api.V1/Commands/CommandController.cs (ok=177 skipped_too_large=9 timed_out=7 panicked=0 failed_to_read=0)
[194/456] Lidarr-Lidarr.git@826b8b59 src/Lidarr.Api.V1/Config/ConfigController.cs (ok=178 skipped_too_large=9 timed_out=7 panicked=0 failed_to_read=0)
[195/456] Lidarr-Lidarr.git@826b8b59 src/Lidarr.Api.V1/Config/HostConfigController.cs (ok=179 skipped_too_large=9 timed_out=7 panicked=0 failed_to_read=0)
[196/456] Lidarr-Lidarr.git@826b8b59 src/Lidarr.Api.V1/Config/UiConfigController.cs (ok=180 skipped_too_large=9 timed_out=7 panicked=0 failed_to_read=0)
[197/456] Lidarr-Lidarr.git@826b8b59 src/Lidarr.Api.V1/CustomFilters/CustomFilterController.cs (ok=181 skipped_too_large=9 timed_out=7 panicked=0 failed_to_read=0)
[198/456] Lidarr-Lidarr.git@826b8b59 src/Lidarr.Api.V1/ImportLists/ImportListExclusionController.cs (ok=182 skipped_too_large=9 timed_out=7 panicked=0 failed_to_read=0)
[199/456] Lidarr-Lidarr.git@826b8b59 src/Lidarr.Api.V1/Indexers/ReleasePushController.cs (ok=183 skipped_too_large=9 timed_out=7 panicked=0 failed_to_read=0)
[200/456] Lidarr-Lidarr.git@826b8b59 src/Lidarr.Api.V1/ManualImport/ManualImportController.cs (ok=184 skipped_too_large=9 timed_out=7 panicked=0 failed_to_read=0)
[201/456] Lidarr-Lidarr.git@826b8b59 src/Lidarr.Api.V1/Profiles/Metadata/MetadataProfileController.cs (ok=185 skipped_too_large=9 timed_out=7 panicked=0 failed_to_read=0)
[202/456] Lidarr-Lidarr.git@826b8b59 src/Lidarr.Api.V1/Profiles/Quality/QualityProfileController.cs (ok=186 skipped_too_large=9 timed_out=7 panicked=0 failed_to_read=0)
[203/456] Lidarr-Lidarr.git@826b8b59 src/Lidarr.Api.V1/Profiles/Release/ReleaseProfileController.cs (ok=187 skipped_too_large=9 timed_out=7 panicked=0 failed_to_read=0)
[204/456] Lidarr-Lidarr.git@826b8b59 src/Lidarr.Api.V1/RootFolders/RootFolderController.cs (ok=188 skipped_too_large=9 timed_out=7 panicked=0 failed_to_read=0)
[205/456] Lidarr-Lidarr.git@826b8b59 src/Lidarr.Api.V1/Tags/TagController.cs (ok=189 skipped_too_large=9 timed_out=7 panicked=0 failed_to_read=0)
[206/456] Lidarr-Lidarr.git@8567a7d6 src/NzbDrone.Core/HealthCheck/HealthCheckService.cs (ok=190 skipped_too_large=9 timed_out=7 panicked=0 failed_to_read=0)
[207/456] Lidarr-Lidarr.git@8567a7d6 src/NzbDrone.Core/Music/Utilities/ShouldRefreshArtist.cs (ok=191 skipped_too_large=9 timed_out=7 panicked=0 failed_to_read=0)
[208/456] Lidarr-Lidarr.git@96328b8d src/Lidarr.Http/Authentication/NoAuthenticationHandler.cs (ok=192 skipped_too_large=9 timed_out=7 panicked=0 failed_to_read=0)
[209/456] Lidarr-Lidarr.git@96e5a4df src/Lidarr.Http/Authentication/AuthenticationBuilderExtensions.cs (ok=193 skipped_too_large=9 timed_out=7 panicked=0 failed_to_read=0)
[210/456] Lidarr-Lidarr.git@96e5a4df src/Lidarr.Http/Authentication/UiAuthorizationPolicyProvider.cs (ok=194 skipped_too_large=9 timed_out=7 panicked=0 failed_to_read=0)
[211/456] Lidarr-Lidarr.git@9c9ebbca src/NzbDrone.Core.Test/MetadataSource/SkyHook/SkyHookProxyFixture.cs (ok=195 skipped_too_large=9 timed_out=7 panicked=0 failed_to_read=0)
[212/456] Lidarr-Lidarr.git@9c9ebbca src/NzbDrone.Core.Test/MetadataSource/SkyHook/SkyHookProxySearchFixture.cs (ok=196 skipped_too_large=9 timed_out=7 panicked=0 failed_to_read=0)
[213/456] Lidarr-Lidarr.git@9c9ebbca src/NzbDrone.Integration.Test/ApiTests/BlocklistFixture.cs (ok=197 skipped_too_large=9 timed_out=7 panicked=0 failed_to_read=0)
[214/456] Lidarr-Lidarr.git@9c9ebbca src/NzbDrone.Integration.Test/ApiTests/TrackFixture.cs (ok=198 skipped_too_large=9 timed_out=7 panicked=0 failed_to_read=0)
[215/456] Lidarr-Lidarr.git@9c9ebbca src/NzbDrone.Integration.Test/ApiTests/WantedTests/CutoffUnmetFixture.cs (ok=199 skipped_too_large=9 timed_out=7 panicked=0 failed_to_read=0)
[216/456] Lidarr-Lidarr.git@a8a87c00 src/NzbDrone.Core/ImportLists/HttpImportListBase.cs (ok=200 skipped_too_large=9 timed_out=7 panicked=0 failed_to_read=0)
[217/456] Lidarr-Lidarr.git@bed907e7 src/Lidarr.Api.V1/Config/MediaManagementConfigController.cs (ok=201 skipped_too_large=9 timed_out=7 panicked=0 failed_to_read=0)
[218/456] Lidarr-Lidarr.git@bed907e7 src/NzbDrone.Core/Configuration/IConfigService.cs (ok=202 skipped_too_large=9 timed_out=7 panicked=0 failed_to_read=0)
[219/456] Lidarr-Lidarr.git@cce7ffa6 src/NzbDrone.Core/Music/Repositories/ArtistRepository.cs (ok=203 skipped_too_large=9 timed_out=7 panicked=0 failed_to_read=0)
[220/456] Lidarr-Lidarr.git@d8f79c01 src/NzbDrone.Core.Test/Http/HttpProxySettingsProviderFixture.cs (ok=204 skipped_too_large=9 timed_out=7 panicked=0 failed_to_read=0)
[221/456] Lidarr-Lidarr.git@d9bbed68 src/Lidarr.Api.V1/System/Plugins/PluginResource.cs (ok=205 skipped_too_large=9 timed_out=7 panicked=0 failed_to_read=0)
[222/456] Lidarr-Lidarr.git@d9bbed68 src/NzbDrone.Core/Plugins/InstallPluginService.cs (ok=206 skipped_too_large=9 timed_out=7 panicked=0 failed_to_read=0)
[223/456] Lidarr-Lidarr.git@d9bbed68 src/NzbDrone.Core/Plugins/PluginService.cs (ok=207 skipped_too_large=9 timed_out=7 panicked=0 failed_to_read=0)
[224/456] Lidarr-Lidarr.git@d9bbed68 src/NzbDrone.Integration.Test/ApiTests/PluginFixture.cs (ok=208 skipped_too_large=9 timed_out=7 panicked=0 failed_to_read=0)
[225/456] Lidarr-Lidarr.git@f6a3e737 src/NzbDrone.Core/Plugins/InstallPluginService.cs (ok=209 skipped_too_large=9 timed_out=7 panicked=0 failed_to_read=0)
[226/456] Lidarr-Lidarr.git@fc1ce021 src/NzbDrone.Core.Test/MetadataSource/SkyHook/SkyHookProxyFixture.cs (ok=210 skipped_too_large=9 timed_out=7 panicked=0 failed_to_read=0)
[227/456] Lidarr-Lidarr.git@fc1ce021 src/NzbDrone.Core.Test/MetadataSource/SkyHook/SkyHookProxySearchFixture.cs (ok=211 skipped_too_large=9 timed_out=7 panicked=0 failed_to_read=0)
[228/456] Lidarr-Lidarr.git@fc1ce021 src/NzbDrone.Integration.Test/ApiTests/ArtistFixture.cs (ok=212 skipped_too_large=9 timed_out=7 panicked=0 failed_to_read=0)
[229/456] Lidarr-Lidarr.git@fc1ce021 src/NzbDrone.Integration.Test/ApiTests/ArtistLookupFixture.cs (ok=213 skipped_too_large=9 timed_out=7 panicked=0 failed_to_read=0)
[230/456] Lidarr-Lidarr.git@fc1ce021 src/NzbDrone.Integration.Test/ApiTests/BlocklistFixture.cs (ok=214 skipped_too_large=9 timed_out=7 panicked=0 failed_to_read=0)
[231/456] Lidarr-Lidarr.git@fc1ce021 src/NzbDrone.Integration.Test/ApiTests/CalendarFixture.cs (ok=215 skipped_too_large=9 timed_out=7 panicked=0 failed_to_read=0)
[232/456] Lidarr-Lidarr.git@fc1ce021 src/NzbDrone.Integration.Test/ApiTests/WantedTests/CutoffUnmetFixture.cs (ok=216 skipped_too_large=9 timed_out=7 panicked=0 failed_to_read=0)
[233/456] Lidarr-Lidarr.git@fc1ce021 src/NzbDrone.Integration.Test/ApiTests/WantedTests/MissingFixture.cs (ok=217 skipped_too_large=9 timed_out=7 panicked=0 failed_to_read=0)
[234/456] Lidarr-Lidarr.git@fcfc60a2 src/Lidarr.Api.V1/Blocklist/BlocklistResource.cs (ok=218 skipped_too_large=9 timed_out=7 panicked=0 failed_to_read=0)
[235/456] Lidarr-Lidarr.git@fcfc60a2 src/Lidarr.Api.V1/Commands/CommandController.cs (ok=219 skipped_too_large=9 timed_out=7 panicked=0 failed_to_read=0)
[236/456] Lidarr-Lidarr.git@fcfc60a2 src/Lidarr.Api.V1/DownloadClient/DownloadClientResource.cs (ok=220 skipped_too_large=9 timed_out=7 panicked=0 failed_to_read=0)
[237/456] Lidarr-Lidarr.git@fcfc60a2 src/Lidarr.Api.V1/Indexers/IndexerResource.cs (ok=221 skipped_too_large=9 timed_out=7 panicked=0 failed_to_read=0)
[238/456] Lidarr-Lidarr.git@fcfc60a2 src/Lidarr.Api.V1/Indexers/ReleaseResource.cs (ok=222 skipped_too_large=9 timed_out=7 panicked=0 failed_to_read=0)
[239/456] Lidarr-Lidarr.git@fcfc60a2 src/Lidarr.Api.V1/Profiles/Delay/DelayProfileController.cs (ok=223 skipped_too_large=9 timed_out=7 panicked=0 failed_to_read=0)
[240/456] Lidarr-Lidarr.git@fcfc60a2 src/Lidarr.Api.V1/Profiles/Delay/DelayProfileResource.cs (ok=224 skipped_too_large=9 timed_out=7 panicked=0 failed_to_read=0)
[241/456] Lidarr-Lidarr.git@fcfc60a2 src/Lidarr.Api.V1/ProviderResource.cs (ok=225 skipped_too_large=9 timed_out=7 panicked=0 failed_to_read=0)
[242/456] Lidarr-Lidarr.git@fcfc60a2 src/NzbDrone.Common.Test/ServiceFactoryFixture.cs (ok=226 skipped_too_large=9 timed_out=7 panicked=0 failed_to_read=0)
[243/456] Lidarr-Lidarr.git@fcfc60a2 src/NzbDrone.Common/Composition/AssemblyLoader.cs (ok=227 skipped_too_large=9 timed_out=7 panicked=0 failed_to_read=0)
[244/456] Lidarr-Lidarr.git@fcfc60a2 src/NzbDrone.Common/Composition/Extensions.cs (ok=228 skipped_too_large=9 timed_out=7 panicked=0 failed_to_read=0)
[245/456] Lidarr-Lidarr.git@fcfc60a2 src/NzbDrone.Core.Test/DecisionEngineTests/AlreadyImportedSpecificationFixture.cs (ok=229 skipped_too_large=9 timed_out=7 panicked=0 failed_to_read=0)
[246/456] Lidarr-Lidarr.git@fcfc60a2 src/NzbDrone.Core.Test/DecisionEngineTests/MinimumAgeSpecificationFixture.cs (ok=230 skipped_too_large=9 timed_out=7 panicked=0 failed_to_read=0)
[247/456] Lidarr-Lidarr.git@fcfc60a2 src/NzbDrone.Core.Test/DecisionEngineTests/ProtocolSpecificationFixture.cs (ok=231 skipped_too_large=9 timed_out=7 panicked=0 failed_to_read=0)
[248/456] Lidarr-Lidarr.git@fcfc60a2 src/NzbDrone.Core.Test/DecisionEngineTests/RawDiskSpecificationFixture.cs (ok=232 skipped_too_large=9 timed_out=7 panicked=0 failed_to_read=0)
[249/456] Lidarr-Lidarr.git@fcfc60a2 src/NzbDrone.Core.Test/IndexerTests/FileListTests/FileListFixture.cs (ok=233 skipped_too_large=9 timed_out=7 panicked=0 failed_to_read=0)
[250/456] Lidarr-Lidarr.git@fcfc60a2 src/NzbDrone.Core.Test/IndexerTests/GazelleTests/GazelleFixture.cs (ok=234 skipped_too_large=9 timed_out=7 panicked=0 failed_to_read=0)
[251/456] Lidarr-Lidarr.git@fcfc60a2 src/NzbDrone.Core.Test/IndexerTests/HeadphonesTests/HeadphonesFixture.cs (ok=235 skipped_too_large=9 timed_out=7 panicked=0 failed_to_read=0)
[252/456] Lidarr-Lidarr.git@fcfc60a2 src/NzbDrone.Core.Test/IndexerTests/IPTorrentsTests/IPTorrentsFixture.cs (ok=236 skipped_too_large=9 timed_out=7 panicked=0 failed_to_read=0)
[253/456] Lidarr-Lidarr.git@fcfc60a2 src/NzbDrone.Core.Test/IndexerTests/IntegrationTests/IndexerIntegrationTests.cs (ok=237 skipped_too_large=9 timed_out=7 panicked=0 failed_to_read=0)
[254/456] Lidarr-Lidarr.git@fcfc60a2 src/NzbDrone.Core.Test/IndexerTests/NyaaTests/NyaaFixture.cs (ok=238 skipped_too_large=9 timed_out=7 panicked=0 failed_to_read=0)
[255/456] Lidarr-Lidarr.git@fcfc60a2 src/NzbDrone.Core.Test/IndexerTests/RedactedTests/RedactedFixture.cs (ok=239 skipped_too_large=9 timed_out=7 panicked=0 failed_to_read=0)
[256/456] Lidarr-Lidarr.git@fcfc60a2 src/NzbDrone.Core.Test/IndexerTests/SeedConfigProviderFixture.cs (ok=240 skipped_too_large=9 timed_out=7 panicked=0 failed_to_read=0)
[257/456] Lidarr-Lidarr.git@fcfc60a2 src/NzbDrone.Core.Test/IndexerTests/TorrentleechTests/TorrentleechFixture.cs (ok=241 skipped_too_large=9 timed_out=7 panicked=0 failed_to_read=0)
[258/456] Lidarr-Lidarr.git@fcfc60a2 src/NzbDrone.Core.Test/IndexerTests/TorznabTests/TorznabFixture.cs (ok=242 skipped_too_large=9 timed_out=7 panicked=0 failed_to_read=0)
[259/456] Lidarr-Lidarr.git@fcfc60a2 src/NzbDrone.Core/Blocklisting/BlocklistService.cs (ok=243 skipped_too_large=9 timed_out=7 panicked=0 failed_to_read=0)
[260/456] Lidarr-Lidarr.git@fcfc60a2 src/NzbDrone.Core/Datastore/Migration/052_download_history.cs (ok=244 skipped_too_large=9 timed_out=7 panicked=0 failed_to_read=0)
[261/456] Lidarr-Lidarr.git@fcfc60a2 src/NzbDrone.Core/DecisionEngine/Specifications/AlreadyImportedSpecification.cs (ok=245 skipped_too_large=9 timed_out=7 panicked=0 failed_to_read=0)
[262/456] Lidarr-Lidarr.git@fcfc60a2 src/NzbDrone.Core/DecisionEngine/Specifications/RetentionSpecification.cs (ok=246 skipped_too_large=9 timed_out=7 panicked=0 failed_to_read=0)
[263/456] Lidarr-Lidarr.git@fcfc60a2 src/NzbDrone.Core/DecisionEngine/Specifications/RssSync/DelaySpecification.cs (ok=247 skipped_too_large=9 timed_out=7 panicked=0 failed_to_read=0)
[264/456] Lidarr-Lidarr.git@fcfc60a2 src/NzbDrone.Core/Download/DownloadClientBase.cs (ok=248 skipped_too_large=9 timed_out=7 panicked=0 failed_to_read=0)
[265/456] Lidarr-Lidarr.git@fcfc60a2 src/NzbDrone.Core/Download/DownloadClientItem.cs (ok=249 skipped_too_large=9 timed_out=7 panicked=0 failed_to_read=0)
[266/456] Lidarr-Lidarr.git@fcfc60a2 src/NzbDrone.Core/Download/History/DownloadHistory.cs (ok=250 skipped_too_large=9 timed_out=7 panicked=0 failed_to_read=0)
[267/456] Lidarr-Lidarr.git@fcfc60a2 src/NzbDrone.Core/Download/ProcessDownloadDecisions.cs (ok=251 skipped_too_large=9 timed_out=7 panicked=0 failed_to_read=0)
[268/456] Lidarr-Lidarr.git@fcfc60a2 src/NzbDrone.Core/Download/TrackedDownloads/TrackedDownload.cs (ok=252 skipped_too_large=9 timed_out=7 panicked=0 failed_to_read=0)
[269/456] Lidarr-Lidarr.git@fcfc60a2 src/NzbDrone.Core/Indexers/Gazelle/Gazelle.cs (ok=253 skipped_too_large=9 timed_out=7 panicked=0 failed_to_read=0)
[270/456] Lidarr-Lidarr.git@fcfc60a2 src/NzbDrone.Core/Indexers/Headphones/Headphones.cs (ok=254 skipped_too_large=9 timed_out=7 panicked=0 failed_to_read=0)
[271/456] Lidarr-Lidarr.git@fcfc60a2 src/NzbDrone.Core/Indexers/IPTorrents/IPTorrents.cs (ok=255 skipped_too_large=9 timed_out=7 panicked=0 failed_to_read=0)
[272/456] Lidarr-Lidarr.git@fcfc60a2 src/NzbDrone.Core/Indexers/IndexerBase.cs (ok=256 skipped_too_large=9 timed_out=7 panicked=0 failed_to_read=0)
[273/456] Lidarr-Lidarr.git@fcfc60a2 src/NzbDrone.Core/Indexers/Newznab/Newznab.cs (ok=257 skipped_too_large=9 timed_out=7 panicked=0 failed_to_read=0)
[274/456] Lidarr-Lidarr.git@fcfc60a2 src/NzbDrone.Core/Indexers/Nyaa/Nyaa.cs (ok=258 skipped_too_large=9 timed_out=7 panicked=0 failed_to_read=0)
[275/456] Lidarr-Lidarr.git@fcfc60a2 src/NzbDrone.Core/Indexers/Redacted/Redacted.cs (ok=259 skipped_too_large=9 timed_out=7 panicked=0 failed_to_read=0)
[276/456] Lidarr-Lidarr.git@fcfc60a2 src/NzbDrone.Core/Indexers/SeedConfigProvider.cs (ok=260 skipped_too_large=9 timed_out=7 panicked=0 failed_to_read=0)
[277/456] Lidarr-Lidarr.git@fcfc60a2 src/NzbDrone.Core/Indexers/Torrentleech/Torrentleech.cs (ok=261 skipped_too_large=9 timed_out=7 panicked=0 failed_to_read=0)
[278/456] Lidarr-Lidarr.git@fcfc60a2 src/NzbDrone.Core/Indexers/Torznab/Torznab.cs (ok=262 skipped_too_large=9 timed_out=7 panicked=0 failed_to_read=0)
[279/456] Lidarr-Lidarr.git@fcfc60a2 src/NzbDrone.Core/Parser/Model/ReleaseInfo.cs (ok=263 skipped_too_large=9 timed_out=7 panicked=0 failed_to_read=0)
[280/456] Lidarr-Lidarr.git@fcfc60a2 src/NzbDrone.Core/Profiles/Delay/DelayProfile.cs (ok=264 skipped_too_large=9 timed_out=7 panicked=0 failed_to_read=0)
[281/456] Lidarr-Lidarr.git@fcfc60a2 src/NzbDrone.Core/ThingiProvider/ProviderRepository.cs (ok=265 skipped_too_large=9 timed_out=7 panicked=0 failed_to_read=0)
[282/456] Lidarr-Lidarr.git@fcfc60a2 src/NzbDrone.Host.Test/ContainerFixture.cs (ok=266 skipped_too_large=9 timed_out=7 panicked=0 failed_to_read=0)
[283/456] Lidarr-Lidarr.git@fcfc60a2 src/NzbDrone.Update/UpdateApp.cs (ok=267 skipped_too_large=9 timed_out=7 panicked=0 failed_to_read=0)
[284/456] Radarr-Radarr.git@0297dba7 src/NzbDrone.Common/EnvironmentInfo/AppFolderFactory.cs (ok=268 skipped_too_large=9 timed_out=7 panicked=0 failed_to_read=0)
[285/456] Radarr-Radarr.git@0e2e7e42 src/NzbDrone.Core/MediaFiles/RenameMovieFileService.cs (ok=269 skipped_too_large=9 timed_out=7 panicked=0 failed_to_read=0)
[286/456] Radarr-Radarr.git@110a338f src/NzbDrone.Core/ImportLists/TMDb/List/TMDbListRequestGenerator.cs (ok=270 skipped_too_large=9 timed_out=7 panicked=0 failed_to_read=0)
[287/456] Radarr-Radarr.git@110a338f src/NzbDrone.Core/ImportLists/TMDb/Popular/TMDbPopularRequestGenerator.cs (ok=271 skipped_too_large=9 timed_out=7 panicked=0 failed_to_read=0)
[288/456] Radarr-Radarr.git@110a338f src/NzbDrone.Core/ImportLists/TMDb/TMDbImportBase.cs (ok=272 skipped_too_large=9 timed_out=7 panicked=0 failed_to_read=0)
[289/456] Radarr-Radarr.git@110a338f src/NzbDrone.Core/ImportLists/TMDb/User/TMDbUserRequestGenerator.cs (ok=273 skipped_too_large=9 timed_out=7 panicked=0 failed_to_read=0)
[290/456] Radarr-Radarr.git@16308e4b src/NzbDrone.Core/MediaFiles/MediaInfo/MediaInfoFormatter.cs (ok=274 skipped_too_large=9 timed_out=7 panicked=0 failed_to_read=0)
[291/456] Radarr-Radarr.git@1e06fc5b src/NzbDrone.Core.Test/Http/HttpProxySettingsProviderFixture.cs (ok=275 skipped_too_large=9 timed_out=7 panicked=0 failed_to_read=0)
[292/456] Radarr-Radarr.git@2235823a src/Radarr.Http/Authentication/ApiKeyAuthenticationHandler.cs (ok=276 skipped_too_large=9 timed_out=7 panicked=0 failed_to_read=0)
[293/456] Radarr-Radarr.git@2235823a src/Radarr.Http/Authentication/BasicAuthenticationHandler.cs (ok=277 skipped_too_large=9 timed_out=7 panicked=0 failed_to_read=0)
[294/456] Radarr-Radarr.git@2a886fb2 src/NzbDrone.Common/EnvironmentInfo/AppFolderFactory.cs (ok=278 skipped_too_large=9 timed_out=7 panicked=0 failed_to_read=0)
[295/456] Radarr-Radarr.git@3fcbaf92 src/Radarr.Http/Authentication/AuthenticationService.cs (ok=279 skipped_too_large=9 timed_out=7 panicked=0 failed_to_read=0)
[296/456] Radarr-Radarr.git@4c007291 src/NzbDrone.Core.Test/OrganizerTests/GetMovieFolderFixture.cs (ok=280 skipped_too_large=9 timed_out=7 panicked=0 failed_to_read=0)
[297/456] Radarr-Radarr.git@554a54b0 src/NzbDrone.Common/EnvironmentInfo/AppFolderFactory.cs (ok=281 skipped_too_large=9 timed_out=7 panicked=0 failed_to_read=0)
[298/456] Radarr-Radarr.git@5767e181 src/NzbDrone.Core/DecisionEngine/DownloadDecisionMaker.cs (ok=282 skipped_too_large=9 timed_out=7 panicked=0 failed_to_read=0)
[299/456] Radarr-Radarr.git@62a05e27 src/Radarr.Api.V3/Tags/TagController.cs (ok=283 skipped_too_large=9 timed_out=7 panicked=0 failed_to_read=0)
[300/456] Radarr-Radarr.git@64b2a10b src/NzbDrone.Core/Parser/ReleaseGroupParser.cs (ok=284 skipped_too_large=9 timed_out=7 panicked=0 failed_to_read=0)
[301/456] Radarr-Radarr.git@6bdbc9c6 src/NzbDrone.Core.Test/ParserTests/UrlFixture.cs (ok=285 skipped_too_large=9 timed_out=7 panicked=0 failed_to_read=0)
[302/456] Radarr-Radarr.git@6bdbc9c6 src/NzbDrone.Core/MediaFiles/FileExtensions.cs (ok=286 skipped_too_large=9 timed_out=7 panicked=0 failed_to_read=0)
[303/456] Radarr-Radarr.git@6bdbc9c6 src/NzbDrone.Core/MediaFiles/MediaInfo/MediaInfoFormatter.cs (ok=287 skipped_too_large=9 timed_out=7 panicked=0 failed_to_read=0)
[304/456] Radarr-Radarr.git@6bdbc9c6 src/NzbDrone.Core/MediaFiles/MovieImport/SceneNameCalculator.cs (ok=288 skipped_too_large=9 timed_out=7 panicked=0 failed_to_read=0)
[305/456] Radarr-Radarr.git@787c3870 src/Radarr.Api.V3/ManualImport/ManualImportController.cs (ok=289 skipped_too_large=9 timed_out=7 panicked=0 failed_to_read=0)
[306/456] Radarr-Radarr.git@8000abc2 src/Radarr.Http/Authentication/AuthenticationBuilderExtensions.cs (ok=290 skipped_too_large=9 timed_out=7 panicked=0 failed_to_read=0)
[307/456] Radarr-Radarr.git@8000abc2 src/Radarr.Http/Authentication/UiAuthorizationPolicyProvider.cs (ok=291 skipped_too_large=9 timed_out=7 panicked=0 failed_to_read=0)
[308/456] Radarr-Radarr.git@8bef9b4d src/NzbDrone.Core/Notifications/Pushcut/PushcutProxy.cs (ok=292 skipped_too_large=9 timed_out=7 panicked=0 failed_to_read=0)
[309/456] Radarr-Radarr.git@8bef9b4d src/NzbDrone.Core/Notifications/Pushcut/PushcutSettings.cs (ok=293 skipped_too_large=9 timed_out=7 panicked=0 failed_to_read=0)
[310/456] Radarr-Radarr.git@8c94581c src/NzbDrone.Core/Parser/ReleaseGroupParser.cs (ok=294 skipped_too_large=9 timed_out=7 panicked=0 failed_to_read=0)
[311/456] Radarr-Radarr.git@949922b9 src/NzbDrone.Core/Notifications/Pushover/PushoverProxy.cs (ok=295 skipped_too_large=9 timed_out=7 panicked=0 failed_to_read=0)
[312/456] Radarr-Radarr.git@949922b9 src/NzbDrone.Core/Notifications/Pushover/PushoverSettings.cs (ok=296 skipped_too_large=9 timed_out=7 panicked=0 failed_to_read=0)
[313/456] Radarr-Radarr.git@9906b958 src/NzbDrone.Core/Parser/ReleaseGroupParser.cs (ok=297 skipped_too_large=9 timed_out=7 panicked=0 failed_to_read=0)
[314/456] Radarr-Radarr.git@a1268350 src/NzbDrone.Core/Parser/ReleaseGroupParser.cs (ok=298 skipped_too_large=9 timed_out=7 panicked=0 failed_to_read=0)
[315/456] Radarr-Radarr.git@b59ff0a3 src/NzbDrone.Core.Test/Http/HttpProxySettingsProviderFixture.cs (ok=299 skipped_too_large=9 timed_out=7 panicked=0 failed_to_read=0)
[316/456] Radarr-Radarr.git@b6b7f138 src/NzbDrone.Core/Movies/ShouldRefreshMovie.cs (ok=300 skipped_too_large=9 timed_out=7 panicked=0 failed_to_read=0)
[317/456] Radarr-Radarr.git@bb6713f1 src/NzbDrone.Core/ImportLists/RadarrList2/IMDb/IMDbListImport.cs (ok=301 skipped_too_large=9 timed_out=7 panicked=0 failed_to_read=0)
[318/456] Radarr-Radarr.git@bb6713f1 src/NzbDrone.Core/ImportLists/RadarrList2/IMDb/IMDbListParser.cs (ok=302 skipped_too_large=9 timed_out=7 panicked=0 failed_to_read=0)
[319/456] Radarr-Radarr.git@bb6713f1 src/NzbDrone.Core/ImportLists/RadarrList2/IMDb/IMDbListRequestGenerator.cs (ok=303 skipped_too_large=9 timed_out=7 panicked=0 failed_to_read=0)
[320/456] Radarr-Radarr.git@c991a892 src/NzbDrone.Core/Datastore/Migration/000_database_engine_version_check.cs (ok=304 skipped_too_large=9 timed_out=7 panicked=0 failed_to_read=0)
[321/456] Radarr-Radarr.git@c991a892 src/NzbDrone.Core/Datastore/Migration/137_add_import_exclusions_table.cs (ok=305 skipped_too_large=9 timed_out=7 panicked=0 failed_to_read=0)
[322/456] Radarr-Radarr.git@c991a892 src/NzbDrone.Core/Datastore/Migration/Framework/MigrationController.cs (ok=306 skipped_too_large=9 timed_out=7 panicked=0 failed_to_read=0)
[323/456] Radarr-Radarr.git@c991a892 src/NzbDrone.Core/Datastore/Migration/Framework/MigrationExtension.cs (ok=307 skipped_too_large=9 timed_out=7 panicked=0 failed_to_read=0)
[324/456] Radarr-Radarr.git@d3849218 src/NzbDrone.Core.Test/Languages/LanguageFixture.cs (ok=307 skipped_too_large=9 timed_out=8 panicked=0 failed_to_read=0)
[325/456] Radarr-Radarr.git@d3849218 src/NzbDrone.Core.Test/ParserTests/IsoLanguagesFixture.cs (ok=308 skipped_too_large=9 timed_out=8 panicked=0 failed_to_read=0)
[326/456] Radarr-Radarr.git@d3849218 src/NzbDrone.Core/ImportLists/TMDb/TMDbLanguageCodes.cs (ok=309 skipped_too_large=9 timed_out=8 panicked=0 failed_to_read=0)
[327/456] Radarr-Radarr.git@d3849218 src/NzbDrone.Core/Parser/IsoLanguages.cs (ok=309 skipped_too_large=9 timed_out=9 panicked=0 failed_to_read=0)
[328/456] Radarr-Radarr.git@d478b404 src/Radarr.Http/Authentication/AuthenticationBuilderExtensions.cs (ok=310 skipped_too_large=9 timed_out=9 panicked=0 failed_to_read=0)
[329/456] Radarr-Radarr.git@e29be26f src/NzbDrone.Core/Organizer/FileNameValidation.cs (ok=311 skipped_too_large=9 timed_out=9 panicked=0 failed_to_read=0)
[330/456] Radarr-Radarr.git@e6369193 src/NzbDrone.Core/Indexers/TorrentRssParser.cs (ok=312 skipped_too_large=9 timed_out=9 panicked=0 failed_to_read=0)
[331/456] Radarr-Radarr.git@f04bff8e src/NzbDrone.Core/HealthCheck/Checks/NamingConfigCheck.cs (ok=313 skipped_too_large=9 timed_out=9 panicked=0 failed_to_read=0)
[332/456] Radarr-Radarr.git@f04bff8e src/NzbDrone.Core/Organizer/FileNameValidation.cs (ok=314 skipped_too_large=9 timed_out=9 panicked=0 failed_to_read=0)
[333/456] Sonarr-Sonarr.git@0d80c093 src/NzbDrone.Core/Notifications/CustomScript/CustomScriptSettings.cs (ok=315 skipped_too_large=9 timed_out=9 panicked=0 failed_to_read=0)
[334/456] Sonarr-Sonarr.git@0ddc2a34 src/Sonarr.Api.V3/Config/NamingConfigController.cs (ok=316 skipped_too_large=9 timed_out=9 panicked=0 failed_to_read=0)
[335/456] Sonarr-Sonarr.git@107e474f src/NzbDrone.Core.Test/ParserTests/HashedReleaseFixture.cs (ok=317 skipped_too_large=9 timed_out=9 panicked=0 failed_to_read=0)
[336/456] Sonarr-Sonarr.git@12ed8cdc src/NzbDrone.Core/Datastore/ConnectionStringFactory.cs (ok=318 skipped_too_large=9 timed_out=9 panicked=0 failed_to_read=0)
[337/456] Sonarr-Sonarr.git@16444196 src/NzbDrone.Core/Profiles/Releases/ReleaseProfileService.cs (ok=319 skipped_too_large=9 timed_out=9 panicked=0 failed_to_read=0)
[338/456] Sonarr-Sonarr.git@16444196 src/Sonarr.Api.V3/Profiles/Release/ReleaseProfileController.cs (ok=320 skipped_too_large=9 timed_out=9 panicked=0 failed_to_read=0)
[339/456] Sonarr-Sonarr.git@16444196 src/Sonarr.Api.V3/Profiles/Release/ReleaseProfileResource.cs (ok=321 skipped_too_large=9 timed_out=9 panicked=0 failed_to_read=0)
[340/456] Sonarr-Sonarr.git@16444196 src/Sonarr.Api.V5/Profiles/Release/ReleaseProfileController.cs (ok=322 skipped_too_large=9 timed_out=9 panicked=0 failed_to_read=0)
[341/456] Sonarr-Sonarr.git@16444196 src/Sonarr.Api.V5/Profiles/Release/ReleaseProfileResource.cs (ok=323 skipped_too_large=9 timed_out=9 panicked=0 failed_to_read=0)
[342/456] Sonarr-Sonarr.git@1d8da791 src/Sonarr.Api.V5/Settings/SettingsController.cs (ok=324 skipped_too_large=9 timed_out=9 panicked=0 failed_to_read=0)
[343/456] Sonarr-Sonarr.git@1d8da791 src/Sonarr.Api.V5/Settings/UiSettingsResource.cs (ok=325 skipped_too_large=9 timed_out=9 panicked=0 failed_to_read=0)
[344/456] Sonarr-Sonarr.git@399ca166 src/Sonarr.Api.V5/Commands/CommandController.cs (ok=326 skipped_too_large=9 timed_out=9 panicked=0 failed_to_read=0)
[345/456] Sonarr-Sonarr.git@6a663910 src/NzbDrone.Core/Download/Clients/QBittorrent/QBittorrentSettings.cs (ok=327 skipped_too_large=9 timed_out=9 panicked=0 failed_to_read=0)
[346/456] Sonarr-Sonarr.git@6cd1ab37 src/NzbDrone.Common/EnvironmentInfo/OsInfo.cs (ok=328 skipped_too_large=9 timed_out=9 panicked=0 failed_to_read=0)
[347/456] Sonarr-Sonarr.git@6cd1ab37 src/NzbDrone.Common/EnvironmentInfo/RuntimeInfo.cs (ok=329 skipped_too_large=9 timed_out=9 panicked=0 failed_to_read=0)
[348/456] Sonarr-Sonarr.git@6cd1ab37 src/NzbDrone.Core/Lifecycle/LifecycleService.cs (ok=330 skipped_too_large=9 timed_out=9 panicked=0 failed_to_read=0)
[349/456] Sonarr-Sonarr.git@6cd1ab37 src/NzbDrone.Core/Messaging/Events/EventAggregator.cs (ok=331 skipped_too_large=9 timed_out=9 panicked=0 failed_to_read=0)
[350/456] Sonarr-Sonarr.git@6cd1ab37 src/Sonarr.Api.V3/System/SystemController.cs (ok=332 skipped_too_large=9 timed_out=9 panicked=0 failed_to_read=0)
[351/456] Sonarr-Sonarr.git@6cd1ab37 src/Sonarr.Api.V3/System/SystemResource.cs (ok=333 skipped_too_large=9 timed_out=9 panicked=0 failed_to_read=0)
[352/456] Sonarr-Sonarr.git@8fa16e35 src/NzbDrone.Core/DecisionEngine/DownloadRejectionReason.cs (ok=334 skipped_too_large=9 timed_out=9 panicked=0 failed_to_read=0)
[353/456] Sonarr-Sonarr.git@8fa16e35 src/NzbDrone.Core/Profiles/Releases/ReleaseProfile.cs (ok=335 skipped_too_large=9 timed_out=9 panicked=0 failed_to_read=0)
[354/456] Sonarr-Sonarr.git@8fa16e35 src/Sonarr.Api.V3/Profiles/Release/ReleaseProfileResource.cs (ok=336 skipped_too_large=9 timed_out=9 panicked=0 failed_to_read=0)
[355/456] Sonarr-Sonarr.git@8fa16e35 src/Sonarr.Api.V5/Profiles/Release/ReleaseProfileController.cs (ok=337 skipped_too_large=9 timed_out=9 panicked=0 failed_to_read=0)
[356/456] Sonarr-Sonarr.git@91f1b672 src/Sonarr.Http/Frontend/Mappers/IndexHtmlMapper.cs (ok=338 skipped_too_large=9 timed_out=9 panicked=0 failed_to_read=0)
[357/456] Sonarr-Sonarr.git@a466a94d src/NzbDrone.Core/Parser/ReleaseGroupParser.cs (ok=339 skipped_too_large=9 timed_out=9 panicked=0 failed_to_read=0)
[358/456] Sonarr-Sonarr.git@b16743bd src/NzbDrone.Core/Parser/ReleaseGroupParser.cs (ok=340 skipped_too_large=9 timed_out=9 panicked=0 failed_to_read=0)
[359/456] Sonarr-Sonarr.git@b2f2c21a src/NzbDrone.Core/Download/DownloadClientFactory.cs (ok=341 skipped_too_large=9 timed_out=9 panicked=0 failed_to_read=0)
[360/456] Sonarr-Sonarr.git@b2f2c21a src/Sonarr.Api.V3/Indexers/ReleasePushController.cs (ok=342 skipped_too_large=9 timed_out=9 panicked=0 failed_to_read=0)
[361/456] Sonarr-Sonarr.git@b94cf9b3 src/NzbDrone.Core.Test/IndexerSearchTests/SeriesSearchServiceFixture.cs (ok=343 skipped_too_large=9 timed_out=9 panicked=0 failed_to_read=0)
[362/456] Sonarr-Sonarr.git@b94cf9b3 src/NzbDrone.Core/IndexerSearch/SeriesSearchService.cs (ok=344 skipped_too_large=9 timed_out=9 panicked=0 failed_to_read=0)
[363/456] Sonarr-Sonarr.git@bee7e432 src/NzbDrone.Core/Parser/ReleaseGroupParser.cs (ok=345 skipped_too_large=9 timed_out=9 panicked=0 failed_to_read=0)
[364/456] Sonarr-Sonarr.git@c3706c3c src/NzbDrone.Core/Datastore/Database.cs (ok=346 skipped_too_large=9 timed_out=9 panicked=0 failed_to_read=0)
[365/456] Sonarr-Sonarr.git@c3706c3c src/Sonarr.Http/Frontend/Mappers/IndexHtmlMapper.cs (ok=347 skipped_too_large=9 timed_out=9 panicked=0 failed_to_read=0)
[366/456] Sonarr-Sonarr.git@c3706c3c src/Sonarr.Http/Frontend/Mappers/MediaCoverProxyMapper.cs (ok=348 skipped_too_large=9 timed_out=9 panicked=0 failed_to_read=0)
[367/456] Sonarr-Sonarr.git@c3706c3c src/Sonarr.Http/Frontend/Mappers/StaticResourceMapperBase.cs (ok=349 skipped_too_large=9 timed_out=9 panicked=0 failed_to_read=0)
[368/456] Sonarr-Sonarr.git@c3706c3c src/Sonarr.Http/Frontend/Mappers/UrlBaseReplacementResourceMapperBase.cs (ok=350 skipped_too_large=9 timed_out=9 panicked=0 failed_to_read=0)
[369/456] Sonarr-Sonarr.git@c3706c3c src/Sonarr.Http/Frontend/StaticResourceController.cs (ok=351 skipped_too_large=9 timed_out=9 panicked=0 failed_to_read=0)
[370/456] Sonarr-Sonarr.git@c70de927 src/NzbDrone.Core/Datastore/Migration/Framework/SqliteSchemaDumper.cs (ok=352 skipped_too_large=9 timed_out=9 panicked=0 failed_to_read=0)
[371/456] Sonarr-Sonarr.git@d8698d1c src/NzbDrone.Core/Notifications/Plex/Server/PlexServerService.cs (ok=353 skipped_too_large=9 timed_out=9 panicked=0 failed_to_read=0)
[372/456] Sonarr-Sonarr.git@f3b39ba4 src/NzbDrone.Core.Test/MediaFiles/EpisodeImport/Aggregation/Aggregators/Augmenters/Language/AugmentLanguageFromMediaInfoFixture.cs (ok=354 skipped_too_large=9 timed_out=9 panicked=0 failed_to_read=0)
[373/456] Sonarr-Sonarr.git@f3b39ba4 src/NzbDrone.Core.Test/MediaFiles/EpisodeImport/Specifications/HasAudioTrackSpecificationFixture.cs (ok=355 skipped_too_large=9 timed_out=9 panicked=0 failed_to_read=0)
[374/456] Sonarr-Sonarr.git@f3b39ba4 src/NzbDrone.Core.Test/MediaFiles/MediaInfo/MediaInfoFormatterTests/FormatAudioCodecFixture.cs (ok=356 skipped_too_large=9 timed_out=9 panicked=0 failed_to_read=0)
[375/456] Sonarr-Sonarr.git@f3b39ba4 src/NzbDrone.Core.Test/MediaFiles/MediaInfo/VideoFileInfoReaderFixture.cs (ok=357 skipped_too_large=9 timed_out=9 panicked=0 failed_to_read=0)
[376/456] Sonarr-Sonarr.git@f3b39ba4 src/NzbDrone.Core/MediaFiles/EpisodeImport/Aggregation/Aggregators/Augmenters/Language/AugmentLanguageFromMediaInfo.cs (ok=358 skipped_too_large=9 timed_out=9 panicked=0 failed_to_read=0)
[377/456] Sonarr-Sonarr.git@f3b39ba4 src/NzbDrone.Core/MediaFiles/EpisodeImport/Specifications/HasAudioTrackSpecification.cs (ok=359 skipped_too_large=9 timed_out=9 panicked=0 failed_to_read=0)
[378/456] Sonarr-Sonarr.git@f3b39ba4 src/NzbDrone.Core/MediaFiles/MediaInfo/MediaInfoModel.cs (ok=360 skipped_too_large=9 timed_out=9 panicked=0 failed_to_read=0)
[379/456] Sonarr-Sonarr.git@f3b39ba4 src/NzbDrone.Core/Notifications/Webhook/WebhookEpisodeFileMediaInfo.cs (ok=361 skipped_too_large=9 timed_out=9 panicked=0 failed_to_read=0)
[380/456] Sonarr-Sonarr.git@f3b39ba4 src/Sonarr.Api.V3/EpisodeFiles/MediaInfoResource.cs (ok=362 skipped_too_large=9 timed_out=9 panicked=0 failed_to_read=0)
[381/456] Sonarr-Sonarr.git@fdda9abc src/NzbDrone.Core/Indexers/Newznab/Newznab.cs (ok=363 skipped_too_large=9 timed_out=9 panicked=0 failed_to_read=0)
[382/456] Sonarr-Sonarr.git@fdda9abc src/NzbDrone.Core/Indexers/Torznab/Torznab.cs (ok=364 skipped_too_large=9 timed_out=9 panicked=0 failed_to_read=0)
[383/456] jellyfin-jellyfin.git@0c274af7 Emby.Server.Implementations/Library/IgnorePatterns.cs (ok=365 skipped_too_large=9 timed_out=9 panicked=0 failed_to_read=0)
[384/456] jellyfin-jellyfin.git@0c274af7 tests/Jellyfin.Server.Implementations.Tests/Library/IgnorePatternsTests.cs (ok=366 skipped_too_large=9 timed_out=9 panicked=0 failed_to_read=0)
[385/456] jellyfin-jellyfin.git@37b50fe1 tests/Jellyfin.Model.Tests/Dlna/StreamInfoTests.cs (ok=367 skipped_too_large=9 timed_out=9 panicked=0 failed_to_read=0)
[386/456] jellyfin-jellyfin.git@4c751e0a Jellyfin.Server.Implementations/Item/PeopleRepository.cs (ok=368 skipped_too_large=9 timed_out=9 panicked=0 failed_to_read=0)
[387/456] jellyfin-jellyfin.git@7b10888c MediaBrowser.Providers/Plugins/Tmdb/TmdbUtils.cs (ok=369 skipped_too_large=9 timed_out=9 panicked=0 failed_to_read=0)
[388/456] jellyfin-jellyfin.git@8083ab78 tests/Jellyfin.Server.Implementations.Tests/Library/PathExtensionsTests.cs (ok=370 skipped_too_large=9 timed_out=9 panicked=0 failed_to_read=0)
[389/456] jellyfin-jellyfin.git@841e4dab Jellyfin.Api/WebSocketListeners/SessionInfoWebSocketListener.cs (ok=371 skipped_too_large=9 timed_out=9 panicked=0 failed_to_read=0)
[390/456] jellyfin-jellyfin.git@874fd9ac Jellyfin.Api/Controllers/EnvironmentController.cs (ok=372 skipped_too_large=9 timed_out=9 panicked=0 failed_to_read=0)
[391/456] jellyfin-jellyfin.git@874fd9ac Jellyfin.Api/Controllers/QuickConnectController.cs (ok=373 skipped_too_large=9 timed_out=9 panicked=0 failed_to_read=0)
[392/456] jellyfin-jellyfin.git@94dcaf2e Jellyfin.Server/Extensions/ApiApplicationBuilderExtensions.cs (ok=374 skipped_too_large=9 timed_out=9 panicked=0 failed_to_read=0)
[393/456] jellyfin-jellyfin.git@94dcaf2e Jellyfin.Server/Filters/FlagsEnumSchemaFilter.cs (ok=375 skipped_too_large=9 timed_out=9 panicked=0 failed_to_read=0)
[394/456] jellyfin-jellyfin.git@94dcaf2e Jellyfin.Server/Filters/IgnoreEnumSchemaFilter.cs (ok=376 skipped_too_large=9 timed_out=9 panicked=0 failed_to_read=0)
[395/456] jellyfin-jellyfin.git@94dcaf2e Jellyfin.Server/Filters/ParameterObsoleteFilter.cs (ok=377 skipped_too_large=9 timed_out=9 panicked=0 failed_to_read=0)
[396/456] jellyfin-jellyfin.git@94dcaf2e Jellyfin.Server/Filters/RetryOnTemporarilyUnavailableFilter.cs (ok=378 skipped_too_large=9 timed_out=9 panicked=0 failed_to_read=0)
[397/456] jellyfin-jellyfin.git@94dcaf2e Jellyfin.Server/Filters/SecurityRequirementsOperationFilter.cs (ok=379 skipped_too_large=9 timed_out=9 panicked=0 failed_to_read=0)
[398/456] jellyfin-jellyfin.git@b346370d Emby.Naming/TV/TvParserHelpers.cs (ok=380 skipped_too_large=9 timed_out=9 panicked=0 failed_to_read=0)
[399/456] jellyfin-jellyfin.git@b346370d MediaBrowser.Model/Providers/RemoteSearchResult.cs (ok=381 skipped_too_large=9 timed_out=9 panicked=0 failed_to_read=0)
[400/456] jellyfin-jellyfin.git@b346370d MediaBrowser.Providers/Plugins/Tmdb/Api/TmdbController.cs (ok=382 skipped_too_large=9 timed_out=9 panicked=0 failed_to_read=0)
[401/456] jellyfin-jellyfin.git@b346370d MediaBrowser.Providers/Plugins/Tmdb/BoxSets/TmdbBoxSetImageProvider.cs (ok=383 skipped_too_large=9 timed_out=9 panicked=0 failed_to_read=0)
[402/456] jellyfin-jellyfin.git@b346370d MediaBrowser.Providers/Plugins/Tmdb/BoxSets/TmdbBoxSetProvider.cs (ok=384 skipped_too_large=9 timed_out=9 panicked=0 failed_to_read=0)
[403/456] jellyfin-jellyfin.git@b346370d MediaBrowser.Providers/Plugins/Tmdb/People/TmdbPersonProvider.cs (ok=385 skipped_too_large=9 timed_out=9 panicked=0 failed_to_read=0)
[404/456] jellyfin-jellyfin.git@b346370d MediaBrowser.Providers/Plugins/Tmdb/TV/TmdbSeasonProvider.cs (ok=386 skipped_too_large=9 timed_out=9 panicked=0 failed_to_read=0)
[405/456] jellyfin-jellyfin.git@b346370d MediaBrowser.Providers/Plugins/Tmdb/TmdbUtils.cs (ok=387 skipped_too_large=9 timed_out=9 panicked=0 failed_to_read=0)
[406/456] jellyfin-jellyfin.git@b346370d src/Jellyfin.Extensions/StringExtensions.cs (ok=388 skipped_too_large=9 timed_out=9 panicked=0 failed_to_read=0)
[407/456] jellyfin-jellyfin.git@b8d2f1f9 Jellyfin.Api/Controllers/EnvironmentController.cs (ok=389 skipped_too_large=9 timed_out=9 panicked=0 failed_to_read=0)
[408/456] jellyfin-jellyfin.git@b97f5b80 MediaBrowser.Providers/Books/OpenPackagingFormat/EpubImageProvider.cs (ok=390 skipped_too_large=9 timed_out=9 panicked=0 failed_to_read=0)
[409/456] jellyfin-jellyfin.git@dad6f650 MediaBrowser.Providers/Plugins/Tmdb/TmdbUtils.cs (ok=391 skipped_too_large=9 timed_out=9 panicked=0 failed_to_read=0)
[410/456] Lidarr-Lidarr.git@48f42fdc src/NzbDrone.Core/MediaFiles/TorrentInfo/TorrentFileInfoReader.cs (ok=392 skipped_too_large=9 timed_out=9 panicked=0 failed_to_read=0)
[411/456] Lidarr-Lidarr.git@7cdb4e4b src/NzbDrone.Core/Authentication/AuthenticationType.cs (ok=393 skipped_too_large=9 timed_out=9 panicked=0 failed_to_read=0)
[412/456] Lidarr-Lidarr.git@8567a7d6 src/NzbDrone.Core/Music/Model/ArtistStatusType.cs (ok=394 skipped_too_large=9 timed_out=9 panicked=0 failed_to_read=0)
[413/456] Lidarr-Lidarr.git@87d46be6 src/NzbDrone.Common.Test/EnvironmentInfo/BuildInfoFixture.cs (ok=395 skipped_too_large=9 timed_out=9 panicked=0 failed_to_read=0)
[414/456] Lidarr-Lidarr.git@96328b8d src/Lidarr.Http/Middleware/VersionMiddleware.cs (ok=396 skipped_too_large=9 timed_out=9 panicked=0 failed_to_read=0)
[415/456] Lidarr-Lidarr.git@96328b8d src/NzbDrone.Common/Disk/DestinationAlreadyExistsException.cs (ok=397 skipped_too_large=9 timed_out=9 panicked=0 failed_to_read=0)
[416/456] Lidarr-Lidarr.git@96328b8d src/NzbDrone.Core/MediaFiles/TrackImport/RecycleBinException.cs (ok=398 skipped_too_large=9 timed_out=9 panicked=0 failed_to_read=0)
[417/456] Lidarr-Lidarr.git@96328b8d src/NzbDrone.Core/MediaFiles/TrackImport/RootFolderNotFoundException.cs (ok=399 skipped_too_large=9 timed_out=9 panicked=0 failed_to_read=0)
[418/456] Lidarr-Lidarr.git@cce7ffa6 src/NzbDrone.Core/Music/MultipleArtistsFoundException.cs (ok=400 skipped_too_large=9 timed_out=9 panicked=0 failed_to_read=0)
[419/456] Lidarr-Lidarr.git@d9bbed68 src/NzbDrone.Core/Plugins/Commands/InstallPluginCommand.cs (ok=401 skipped_too_large=9 timed_out=9 panicked=0 failed_to_read=0)
[420/456] Lidarr-Lidarr.git@d9bbed68 src/NzbDrone.Core/Plugins/Commands/UninstallPluginCommand.cs (ok=402 skipped_too_large=9 timed_out=9 panicked=0 failed_to_read=0)
[421/456] Lidarr-Lidarr.git@fcfc60a2 src/NzbDrone.Common.Test/ReflectionTests/ReflectionExtensionFixture.cs (ok=403 skipped_too_large=9 timed_out=9 panicked=0 failed_to_read=0)
[422/456] Lidarr-Lidarr.git@fcfc60a2 src/NzbDrone.Core/Blocklisting/Blocklist.cs (ok=404 skipped_too_large=9 timed_out=9 panicked=0 failed_to_read=0)
[423/456] Lidarr-Lidarr.git@fcfc60a2 src/NzbDrone.Core/Download/DownloadClientDefinition.cs (ok=405 skipped_too_large=9 timed_out=9 panicked=0 failed_to_read=0)
[424/456] Lidarr-Lidarr.git@fcfc60a2 src/NzbDrone.Core/Download/DownloadClientRepository.cs (ok=406 skipped_too_large=9 timed_out=9 panicked=0 failed_to_read=0)
[425/456] Lidarr-Lidarr.git@fcfc60a2 src/NzbDrone.Core/Download/IDownloadClient.cs (ok=407 skipped_too_large=9 timed_out=9 panicked=0 failed_to_read=0)
[426/456] Lidarr-Lidarr.git@fcfc60a2 src/NzbDrone.Core/Extras/Metadata/MetadataRepository.cs (ok=408 skipped_too_large=9 timed_out=9 panicked=0 failed_to_read=0)
[427/456] Lidarr-Lidarr.git@fcfc60a2 src/NzbDrone.Core/ImportLists/ImportListRepository.cs (ok=409 skipped_too_large=9 timed_out=9 panicked=0 failed_to_read=0)
[428/456] Lidarr-Lidarr.git@fcfc60a2 src/NzbDrone.Core/Indexers/DownloadProtocol.cs (ok=410 skipped_too_large=9 timed_out=9 panicked=0 failed_to_read=0)
[429/456] Lidarr-Lidarr.git@fcfc60a2 src/NzbDrone.Core/Indexers/IIndexer.cs (ok=411 skipped_too_large=9 timed_out=9 panicked=0 failed_to_read=0)
[430/456] Lidarr-Lidarr.git@fcfc60a2 src/NzbDrone.Core/Indexers/IndexerDefinition.cs (ok=412 skipped_too_large=9 timed_out=9 panicked=0 failed_to_read=0)
[431/456] Lidarr-Lidarr.git@fcfc60a2 src/NzbDrone.Core/Indexers/IndexerRepository.cs (ok=413 skipped_too_large=9 timed_out=9 panicked=0 failed_to_read=0)
[432/456] Lidarr-Lidarr.git@fcfc60a2 src/NzbDrone.Core/Notifications/NotificationRepository.cs (ok=414 skipped_too_large=9 timed_out=9 panicked=0 failed_to_read=0)
[433/456] Radarr-Radarr.git@0e2e7e42 src/Radarr.Api.V3/Movies/RenameMovieController.cs (ok=415 skipped_too_large=9 timed_out=9 panicked=0 failed_to_read=0)
[434/456] Radarr-Radarr.git@2235823a src/NzbDrone.Common/Disk/DestinationAlreadyExistsException.cs (ok=416 skipped_too_large=9 timed_out=9 panicked=0 failed_to_read=0)
[435/456] Radarr-Radarr.git@2235823a src/NzbDrone.Core/MediaFiles/MovieImport/RecycleBinException.cs (ok=417 skipped_too_large=9 timed_out=9 panicked=0 failed_to_read=0)
[436/456] Radarr-Radarr.git@2235823a src/NzbDrone.Core/MediaFiles/MovieImport/RootFolderNotFoundException.cs (ok=418 skipped_too_large=9 timed_out=9 panicked=0 failed_to_read=0)
[437/456] Radarr-Radarr.git@2235823a src/Radarr.Http/Middleware/VersionMiddleware.cs (ok=419 skipped_too_large=9 timed_out=9 panicked=0 failed_to_read=0)
[438/456] Radarr-Radarr.git@6b1567dd src/NzbDrone.Common.Test/EnvironmentInfo/BuildInfoFixture.cs (ok=420 skipped_too_large=9 timed_out=9 panicked=0 failed_to_read=0)
[439/456] Radarr-Radarr.git@8bef9b4d src/NzbDrone.Core/Notifications/Pushcut/PushcutPayload.cs (ok=421 skipped_too_large=9 timed_out=9 panicked=0 failed_to_read=0)
[440/456] Radarr-Radarr.git@d478b404 src/NzbDrone.Core/Authentication/AuthenticationType.cs (ok=422 skipped_too_large=9 timed_out=9 panicked=0 failed_to_read=0)
[441/456] Radarr-Radarr.git@e6369193 src/NzbDrone.Core/MediaFiles/TorrentInfo/TorrentFileInfoReader.cs (ok=423 skipped_too_large=9 timed_out=9 panicked=0 failed_to_read=0)
[442/456] Sonarr-Sonarr.git@6cd1ab37 src/NzbDrone.Common/EnvironmentInfo/IRuntimeInfo.cs (ok=424 skipped_too_large=9 timed_out=9 panicked=0 failed_to_read=0)
[443/456] Sonarr-Sonarr.git@6cd1ab37 src/NzbDrone.Core/Lifecycle/ApplicationShutdownRequested.cs (ok=425 skipped_too_large=9 timed_out=9 panicked=0 failed_to_read=0)
[444/456] Sonarr-Sonarr.git@6cd1ab37 src/NzbDrone.Core/Lifecycle/ApplicationStartedEvent.cs (ok=426 skipped_too_large=9 timed_out=9 panicked=0 failed_to_read=0)
[445/456] Sonarr-Sonarr.git@6cd1ab37 src/NzbDrone.Core/Lifecycle/ApplicationStartingEvent.cs (ok=427 skipped_too_large=9 timed_out=9 panicked=0 failed_to_read=0)
[446/456] Sonarr-Sonarr.git@a79234de src/NzbDrone.Core/Datastore/Migration/034_remove_series_contraints.cs (ok=428 skipped_too_large=9 timed_out=9 panicked=0 failed_to_read=0)
[447/456] Sonarr-Sonarr.git@c3706c3c src/NzbDrone.Common/Options/AppOptions.cs (ok=429 skipped_too_large=9 timed_out=9 panicked=0 failed_to_read=0)
[448/456] Sonarr-Sonarr.git@c3706c3c src/NzbDrone.Core/Datastore/LogDatabase.cs (ok=430 skipped_too_large=9 timed_out=9 panicked=0 failed_to_read=0)
[449/456] Sonarr-Sonarr.git@c3706c3c src/Sonarr.Http/Frontend/Mappers/IMapHttpRequestsToDisk.cs (ok=431 skipped_too_large=9 timed_out=9 panicked=0 failed_to_read=0)
[450/456] ansible-ansible.git@99708930 test/integration/targets/win_module_utils/module_utils/Ansible.Test.cs (ok=432 skipped_too_large=9 timed_out=9 panicked=0 failed_to_read=0)
[451/456] jellyfin-jellyfin.git@874fd9ac Jellyfin.Api/Models/StartupDtos/StartupRemoteAccessDto.cs (ok=433 skipped_too_large=9 timed_out=9 panicked=0 failed_to_read=0)
[452/456] jellyfin-jellyfin.git@b8d2f1f9 MediaBrowser.Model/Session/ClientCapabilities.cs (ok=434 skipped_too_large=9 timed_out=9 panicked=0 failed_to_read=0)
[453/456] jellyfin-jellyfin.git@5045c2e4 Jellyfin.Api/Controllers/DynamicHlsController.cs (ok=434 skipped_too_large=10 timed_out=9 panicked=0 failed_to_read=0)
[454/456] jellyfin-jellyfin.git@6d34f605 Jellyfin.Server.Implementations/Item/BaseItemRepository.cs (ok=434 skipped_too_large=11 timed_out=9 panicked=0 failed_to_read=0)
[455/456] jellyfin-jellyfin.git@815a153b Jellyfin.Server.Implementations/Item/BaseItemRepository.cs (ok=434 skipped_too_large=12 timed_out=9 panicked=0 failed_to_read=0)
[456/456] jellyfin-jellyfin.git@ec474470 Jellyfin.Server.Implementations/Item/BaseItemRepository.cs (ok=434 skipped_too_large=13 timed_out=9 panicked=0 failed_to_read=0)
Measured 456 pairs into "/home/marko/src/codediff/research/results/benchmark_csharp.csv": ok=434 skipped_too_large=13 timed_out=9 panicked=0 failed_to_read=0
