Loaded 123 sampled pairs
[1/123] apache-echarts.git@37649a53 test/pie-label-rotate.html (ok=1 skipped_too_large=0 timed_out=0 panicked=0 failed_to_read=0)
[2/123] apache-echarts.git@a4dfbec9 test/axis-data-min-max.html (ok=2 skipped_too_large=0 timed_out=0 panicked=0 failed_to_read=0)
[3/123] apache-echarts.git@d69383c6 test/gauge-progress.html (ok=3 skipped_too_large=0 timed_out=0 panicked=0 failed_to_read=0)
[4/123] apache-echarts.git@e192f497 test/axisLabel.html (ok=4 skipped_too_large=0 timed_out=0 panicked=0 failed_to_read=0)
[5/123] apache-echarts.git@e9b24dbc test/axis-customTicks.html (ok=5 skipped_too_large=0 timed_out=0 panicked=0 failed_to_read=0)
[6/123] apache-echarts.git@f2570e74 test/pie-label-rotate.html (ok=6 skipped_too_large=0 timed_out=0 panicked=0 failed_to_read=0)
[7/123] axios-axios.git@38fee81c examples/postMultipartFormData/index.html (ok=7 skipped_too_large=0 timed_out=0 panicked=0 failed_to_read=0)
[8/123] axios-axios.git@7b197ef6 sandbox/client.html (ok=8 skipped_too_large=0 timed_out=0 panicked=0 failed_to_read=0)
[9/123] axios-axios.git@c9b33712 sandbox/client.html (ok=9 skipped_too_large=0 timed_out=0 panicked=0 failed_to_read=0)
[10/123] axios-axios.git@ef3711d1 examples/postMultipartFormData/index.html (ok=10 skipped_too_large=0 timed_out=0 panicked=0 failed_to_read=0)
[11/123] axios-axios.git@ef3711d1 sandbox/client.html (ok=11 skipped_too_large=0 timed_out=0 panicked=0 failed_to_read=0)
[12/123] gorhill-uBlock.git@6063d4f0 platform/mv3/extension/dashboard.html (ok=12 skipped_too_large=0 timed_out=0 panicked=0 failed_to_read=0)
[13/123] gorhill-uBlock.git@f7f96140 platform/mv3/extension/dashboard.html (ok=13 skipped_too_large=0 timed_out=0 panicked=0 failed_to_read=0)
[14/123] mozilla-firefox-firefox.git@2c6bd7f8 browser/components/backup/tests/chrome/test_restore_from_backup.html (ok=14 skipped_too_large=0 timed_out=0 panicked=0 failed_to_read=0)
[15/123] mozilla-pdf.js.git@aa928105 web/viewer.html (ok=14 skipped_too_large=1 timed_out=0 panicked=0 failed_to_read=0)
[16/123] scikit-learn-scikit-learn.git@e72a6847 doc/templates/index.html (ok=15 skipped_too_large=1 timed_out=0 panicked=0 failed_to_read=0)
[17/123] twbs-bootstrap.git@25aa8cc0 js/tests/visual/floating-label.html (ok=16 skipped_too_large=1 timed_out=0 panicked=0 failed_to_read=0)
[18/123] Sonarr-Sonarr.git@91f1b672 frontend/src/login.html (ok=17 skipped_too_large=1 timed_out=0 panicked=0 failed_to_read=0)
[19/123] apache-echarts.git@27d3dbcc test/polyline-gon-event.html (ok=18 skipped_too_large=1 timed_out=0 panicked=0 failed_to_read=0)
[20/123] apache-echarts.git@51ae58df test/lines-symbol.html (ok=19 skipped_too_large=1 timed_out=0 panicked=0 failed_to_read=0)
[21/123] apache-echarts.git@61afd73d test/polyline-gon-event.html (ok=20 skipped_too_large=1 timed_out=0 panicked=0 failed_to_read=0)
[22/123] apache-echarts.git@6eddf4bc test/visualmap-seriesTargets.html (ok=21 skipped_too_large=1 timed_out=0 panicked=0 failed_to_read=0)
[23/123] apache-echarts.git@819208a1 test/matrix-label-formatter.html (ok=22 skipped_too_large=1 timed_out=0 panicked=0 failed_to_read=0)
[24/123] apache-echarts.git@8eb93d09 test/candlestick-horizontal.html (ok=23 skipped_too_large=1 timed_out=0 panicked=0 failed_to_read=0)
[25/123] apache-echarts.git@a762c7bc test/visualmap-seriesTargets.html (ok=24 skipped_too_large=1 timed_out=0 panicked=0 failed_to_read=0)
[26/123] apache-echarts.git@f94f2214 test/candlestick-horizontal.html (ok=25 skipped_too_large=1 timed_out=0 panicked=0 failed_to_read=0)
[27/123] apache-echarts.git@fa2d67a9 test/pie-label-rotate.html (ok=26 skipped_too_large=1 timed_out=0 panicked=0 failed_to_read=0)
[28/123] axios-axios.git@46e1981d examples/postMultipartFormData/index.html (ok=27 skipped_too_large=1 timed_out=0 panicked=0 failed_to_read=0)
[29/123] axios-axios.git@6dff629e examples/postMultipartFormData/index.html (ok=28 skipped_too_large=1 timed_out=0 panicked=0 failed_to_read=0)
[30/123] axios-axios.git@ef3711d1 examples/abort-controller/index.html (ok=29 skipped_too_large=1 timed_out=0 panicked=0 failed_to_read=0)
[31/123] axios-axios.git@ef3711d1 examples/all/index.html (ok=30 skipped_too_large=1 timed_out=0 panicked=0 failed_to_read=0)
[32/123] axios-axios.git@ef3711d1 examples/amd/index.html (ok=31 skipped_too_large=1 timed_out=0 panicked=0 failed_to_read=0)
[33/123] axios-axios.git@ef3711d1 examples/get/index.html (ok=32 skipped_too_large=1 timed_out=0 panicked=0 failed_to_read=0)
[34/123] axios-axios.git@ef3711d1 examples/post/index.html (ok=33 skipped_too_large=1 timed_out=0 panicked=0 failed_to_read=0)
[35/123] axios-axios.git@ef3711d1 examples/transform-response/index.html (ok=34 skipped_too_large=1 timed_out=0 panicked=0 failed_to_read=0)
[36/123] axios-axios.git@ef3711d1 examples/upload/index.html (ok=35 skipped_too_large=1 timed_out=0 panicked=0 failed_to_read=0)
[37/123] axios-axios.git@ef3711d1 test/manual/progress.html (ok=36 skipped_too_large=1 timed_out=0 panicked=0 failed_to_read=0)
[38/123] django-django.git@187a789f django/contrib/admin/templates/admin/auth/user/change_password.html (ok=37 skipped_too_large=1 timed_out=0 panicked=0 failed_to_read=0)
[39/123] django-django.git@187a789f django/contrib/admin/templates/admin/includes/fieldset.html (ok=38 skipped_too_large=1 timed_out=0 panicked=0 failed_to_read=0)
[40/123] django-django.git@187a789f django/contrib/admin/templates/registration/password_change_form.html (ok=39 skipped_too_large=1 timed_out=0 panicked=0 failed_to_read=0)
[41/123] django-django.git@187a789f django/contrib/admin/templates/registration/password_reset_confirm.html (ok=40 skipped_too_large=1 timed_out=0 panicked=0 failed_to_read=0)
[42/123] django-django.git@187a789f django/contrib/admin/templates/registration/password_reset_form.html (ok=41 skipped_too_large=1 timed_out=0 panicked=0 failed_to_read=0)
[43/123] django-django.git@283ea9e9 django/contrib/admin/templates/admin/auth/user/change_password.html (ok=42 skipped_too_large=1 timed_out=0 panicked=0 failed_to_read=0)
[44/123] django-django.git@283ea9e9 django/contrib/admin/templates/admin/change_form.html (ok=43 skipped_too_large=1 timed_out=0 panicked=0 failed_to_read=0)
[45/123] django-django.git@283ea9e9 django/contrib/admin/templates/admin/delete_confirmation.html (ok=44 skipped_too_large=1 timed_out=0 panicked=0 failed_to_read=0)
[46/123] django-django.git@283ea9e9 django/contrib/admin/templates/admin/index.html (ok=45 skipped_too_large=1 timed_out=0 panicked=0 failed_to_read=0)
[47/123] django-django.git@283ea9e9 django/contrib/admin/templates/admin/object_history.html (ok=46 skipped_too_large=1 timed_out=0 panicked=0 failed_to_read=0)
[48/123] eslint-eslint.git@0bd54976 docs/src/use/formatters/html-formatter-example.html (ok=47 skipped_too_large=1 timed_out=0 panicked=0 failed_to_read=0)
[49/123] eslint-eslint.git@1d1ca453 docs/src/use/formatters/html-formatter-example.html (ok=48 skipped_too_large=1 timed_out=0 panicked=0 failed_to_read=0)
[50/123] eslint-eslint.git@4e6c4ac0 docs/src/use/formatters/html-formatter-example.html (ok=49 skipped_too_large=1 timed_out=0 panicked=0 failed_to_read=0)
[51/123] eslint-eslint.git@55122d6f docs/src/use/formatters/html-formatter-example.html (ok=50 skipped_too_large=1 timed_out=0 panicked=0 failed_to_read=0)
[52/123] eslint-eslint.git@6f230760 docs/src/_includes/components/docs-index.html (ok=51 skipped_too_large=1 timed_out=0 panicked=0 failed_to_read=0)
[53/123] eslint-eslint.git@6f230760 docs/src/_includes/components/navigation.html (ok=52 skipped_too_large=1 timed_out=0 panicked=0 failed_to_read=0)
[54/123] eslint-eslint.git@85405a3a docs/src/use/formatters/html-formatter-example.html (ok=53 skipped_too_large=1 timed_out=0 panicked=0 failed_to_read=0)
[55/123] eslint-eslint.git@8e94f58b docs/src/_includes/components/rule-categories.macro.html (ok=54 skipped_too_large=1 timed_out=0 panicked=0 failed_to_read=0)
[56/123] eslint-eslint.git@8f360ad6 docs/src/use/formatters/html-formatter-example.html (ok=55 skipped_too_large=1 timed_out=0 panicked=0 failed_to_read=0)
[57/123] eslint-eslint.git@f9c3e7ad docs/src/use/formatters/html-formatter-example.html (ok=56 skipped_too_large=1 timed_out=0 panicked=0 failed_to_read=0)
[58/123] facebook-react.git@c0060cf2 packages/react-devtools/app.html (ok=57 skipped_too_large=1 timed_out=0 panicked=0 failed_to_read=0)
[59/123] gohugoio-hugo.git@0c2fa246 layouts/_markup/render-codeblock.html (ok=58 skipped_too_large=1 timed_out=0 panicked=0 failed_to_read=0)
[60/123] gohugoio-hugo.git@0c2fa246 layouts/_partials/layouts/home/sponsors.html (ok=59 skipped_too_large=1 timed_out=0 panicked=0 failed_to_read=0)
[61/123] gohugoio-hugo.git@0c2fa246 layouts/_shortcodes/code-toggle.html (ok=60 skipped_too_large=1 timed_out=0 panicked=0 failed_to_read=0)
[62/123] gohugoio-hugo.git@0c2fa246 layouts/_shortcodes/eturl.html (ok=61 skipped_too_large=1 timed_out=0 panicked=0 failed_to_read=0)
[63/123] gohugoio-hugo.git@0c2fa246 layouts/_shortcodes/list-pages-in-section.html (ok=62 skipped_too_large=1 timed_out=0 panicked=0 failed_to_read=0)
[64/123] gohugoio-hugo.git@0c2fa246 layouts/_shortcodes/root-configuration-keys.html (ok=63 skipped_too_large=1 timed_out=0 panicked=0 failed_to_read=0)
[65/123] gohugoio-hugo.git@0c2fa246 layouts/_shortcodes/syntax-highlighting-styles.html (ok=64 skipped_too_large=1 timed_out=0 panicked=0 failed_to_read=0)
[66/123] gohugoio-hugo.git@19ab3f58 tpl/tplimpl/embedded/templates/_partials/google_analytics.html (ok=65 skipped_too_large=1 timed_out=0 panicked=0 failed_to_read=0)
[67/123] gohugoio-hugo.git@55d136dd tpl/tplimpl/embedded/templates/_shortcodes/twitter.html (ok=66 skipped_too_large=1 timed_out=0 panicked=0 failed_to_read=0)
[68/123] gohugoio-hugo.git@55d136dd tpl/tplimpl/embedded/templates/_shortcodes/twitter_simple.html (ok=67 skipped_too_large=1 timed_out=0 panicked=0 failed_to_read=0)
[69/123] gohugoio-hugo.git@8f3c066d layouts/_partials/layouts/header/header.html (ok=68 skipped_too_large=1 timed_out=0 panicked=0 failed_to_read=0)
[70/123] gohugoio-hugo.git@8f3c066d layouts/_partials/layouts/icons.html (ok=69 skipped_too_large=1 timed_out=0 panicked=0 failed_to_read=0)
[71/123] gohugoio-hugo.git@8f3c066d layouts/_shortcodes/glossary.html (ok=70 skipped_too_large=1 timed_out=0 panicked=0 failed_to_read=0)
[72/123] gorhill-uBlock.git@161cc473 platform/mv3/extension/popup.html (ok=71 skipped_too_large=1 timed_out=0 panicked=0 failed_to_read=0)
[73/123] gorhill-uBlock.git@3cea60be src/document-blocked.html (ok=72 skipped_too_large=1 timed_out=0 panicked=0 failed_to_read=0)
[74/123] gorhill-uBlock.git@dfeb4e79 platform/mv3/extension/popup.html (ok=73 skipped_too_large=1 timed_out=0 panicked=0 failed_to_read=0)
[75/123] jekyll-jekyll.git@75d70a0b docs/_layouts/tutorials.html (ok=74 skipped_too_large=1 timed_out=0 panicked=0 failed_to_read=0)
[76/123] mermaid-js-mermaid.git@017076cd demos/venn.html (ok=75 skipped_too_large=1 timed_out=0 panicked=0 failed_to_read=0)
[77/123] mermaid-js-mermaid.git@0237f555 demos/ishikawa.html (ok=76 skipped_too_large=1 timed_out=0 panicked=0 failed_to_read=0)
[78/123] mermaid-js-mermaid.git@4e1cdf68 demos/venn.html (ok=77 skipped_too_large=1 timed_out=0 panicked=0 failed_to_read=0)
[79/123] mermaid-js-mermaid.git@7620548e demos/ishikawa.html (ok=78 skipped_too_large=1 timed_out=0 panicked=0 failed_to_read=0)
[80/123] mermaid-js-mermaid.git@7afc33e5 demos/ishikawa.html (ok=79 skipped_too_large=1 timed_out=0 panicked=0 failed_to_read=0)
[81/123] mermaid-js-mermaid.git@82b7b34d demos/venn.html (ok=80 skipped_too_large=1 timed_out=0 panicked=0 failed_to_read=0)
[82/123] mermaid-js-mermaid.git@acce4db7 demos/index.html (ok=81 skipped_too_large=1 timed_out=0 panicked=0 failed_to_read=0)
[83/123] mermaid-js-mermaid.git@aefc970a demos/ishikawa.html (ok=82 skipped_too_large=1 timed_out=0 panicked=0 failed_to_read=0)
[84/123] mermaid-js-mermaid.git@d022a495 demos/ishikawa.html (ok=83 skipped_too_large=1 timed_out=0 panicked=0 failed_to_read=0)
[85/123] mermaid-js-mermaid.git@e7d1fa43 demos/ishikawa.html (ok=84 skipped_too_large=1 timed_out=0 panicked=0 failed_to_read=0)
[86/123] microsoft-vscode.git@77044e33 extensions/github-authentication/media/index.html (ok=85 skipped_too_large=1 timed_out=0 panicked=0 failed_to_read=0)
[87/123] mozilla-firefox-firefox.git@116e97d6 browser/components/aiwindow/ui/content/aiChatContent.html (ok=86 skipped_too_large=1 timed_out=0 panicked=0 failed_to_read=0)
[88/123] mozilla-firefox-firefox.git@5099e50e testing/web-platform/tests/html/semantics/forms/the-input-element/number-constraint-validation.html (ok=87 skipped_too_large=1 timed_out=0 panicked=0 failed_to_read=0)
[89/123] mozilla-firefox-firefox.git@b2e999a9 browser/components/aiwindow/ui/content/aiChatContent.html (ok=88 skipped_too_large=1 timed_out=0 panicked=0 failed_to_read=0)
[90/123] open-webui-open-webui.git@39e5422d src/app.html (ok=89 skipped_too_large=1 timed_out=0 panicked=0 failed_to_read=0)
[91/123] puppeteer-puppeteer.git@de6df061 test/assets/input/touchscreen.html (ok=90 skipped_too_large=1 timed_out=0 panicked=0 failed_to_read=0)
[92/123] rustdesk-rustdesk.git@6aee70fa src/ui/chatbox.html (ok=91 skipped_too_large=1 timed_out=0 panicked=0 failed_to_read=0)
[93/123] axios-axios.git@ef3711d1 test/manual/basic.html (ok=92 skipped_too_large=1 timed_out=0 panicked=0 failed_to_read=0)
[94/123] axios-axios.git@ef3711d1 test/manual/cors.html (ok=93 skipped_too_large=1 timed_out=0 panicked=0 failed_to_read=0)
[95/123] electron-electron.git@e9faa14c spec/fixtures/pages/draggable-page.html (ok=94 skipped_too_large=1 timed_out=0 panicked=0 failed_to_read=0)
[96/123] fatedier-frp.git@1245f880 assets/frps/static/index.html (ok=95 skipped_too_large=1 timed_out=0 panicked=0 failed_to_read=0)
[97/123] fatedier-frp.git@36718d88 assets/frpc/static/index.html (ok=96 skipped_too_large=1 timed_out=0 panicked=0 failed_to_read=0)
[98/123] fatedier-frp.git@36718d88 assets/frps/static/index.html (ok=97 skipped_too_large=1 timed_out=0 panicked=0 failed_to_read=0)
[99/123] fatedier-frp.git@36718d88 web/frps/index.html (ok=98 skipped_too_large=1 timed_out=0 panicked=0 failed_to_read=0)
[100/123] fatedier-frp.git@479e9f50 assets/frpc/static/index.html (ok=99 skipped_too_large=1 timed_out=0 panicked=0 failed_to_read=0)
[101/123] fatedier-frp.git@479e9f50 web/frpc/index.html (ok=100 skipped_too_large=1 timed_out=0 panicked=0 failed_to_read=0)
[102/123] gohugoio-hugo.git@0c2fa246 layouts/_partials/helpers/validation/validate-keywords.html (ok=101 skipped_too_large=1 timed_out=0 panicked=0 failed_to_read=0)
[103/123] gohugoio-hugo.git@0c2fa246 layouts/_shortcodes/chroma-lexers.html (ok=102 skipped_too_large=1 timed_out=0 panicked=0 failed_to_read=0)
[104/123] gohugoio-hugo.git@0c2fa246 layouts/_shortcodes/datatable.html (ok=103 skipped_too_large=1 timed_out=0 panicked=0 failed_to_read=0)
[105/123] gohugoio-hugo.git@4384f9b8 tpl/tplimpl/embedded/templates/_shortcodes/gist.html (ok=104 skipped_too_large=1 timed_out=0 panicked=0 failed_to_read=0)
[106/123] jekyll-jekyll.git@75d70a0b docs/_layouts/docs.html (ok=105 skipped_too_large=1 timed_out=0 panicked=0 failed_to_read=0)
[107/123] jekyll-jekyll.git@75d70a0b docs/_layouts/page.html (ok=106 skipped_too_large=1 timed_out=0 panicked=0 failed_to_read=0)
[108/123] jekyll-jekyll.git@75d70a0b docs/_layouts/step.html (ok=107 skipped_too_large=1 timed_out=0 panicked=0 failed_to_read=0)
[109/123] jekyll-jekyll.git@dfa5f036 docs/_includes/footer.html (ok=108 skipped_too_large=1 timed_out=0 panicked=0 failed_to_read=0)
[110/123] mozilla-firefox-firefox.git@116e97d6 browser/components/aiwindow/ui/test/browser/test_website_chip_page.html (ok=109 skipped_too_large=1 timed_out=0 panicked=0 failed_to_read=0)
[111/123] mozilla-firefox-firefox.git@b2e999a9 browser/components/aiwindow/ui/test/browser/test_website_chip_page.html (ok=110 skipped_too_large=1 timed_out=0 panicked=0 failed_to_read=0)
[112/123] nginx-nginx.git@717e7074 docs/html/index.html (ok=111 skipped_too_large=1 timed_out=0 panicked=0 failed_to_read=0)
[113/123] cockroachdb-cockroach.git@2d235f64 docs/generated/settings/settings.html (ok=111 skipped_too_large=2 timed_out=0 panicked=0 failed_to_read=0)
[114/123] nzbgetcom-nzbget.git@0fbd1b5d webui/index.html (ok=111 skipped_too_large=3 timed_out=0 panicked=0 failed_to_read=0)
[115/123] nzbgetcom-nzbget.git@1a8e71e8 webui/index.html (ok=111 skipped_too_large=4 timed_out=0 panicked=0 failed_to_read=0)
[116/123] nzbgetcom-nzbget.git@36ce7b05 webui/index.html (ok=111 skipped_too_large=5 timed_out=0 panicked=0 failed_to_read=0)
[117/123] nzbgetcom-nzbget.git@581a97b2 webui/index.html (ok=111 skipped_too_large=6 timed_out=0 panicked=0 failed_to_read=0)
[118/123] nzbgetcom-nzbget.git@626e55a7 webui/index.html (ok=111 skipped_too_large=7 timed_out=0 panicked=0 failed_to_read=0)
[119/123] nzbgetcom-nzbget.git@78b08d5f webui/index.html (ok=111 skipped_too_large=8 timed_out=0 panicked=0 failed_to_read=0)
[120/123] nzbgetcom-nzbget.git@84fd8b1e webui/index.html (ok=111 skipped_too_large=9 timed_out=0 panicked=0 failed_to_read=0)
[121/123] nzbgetcom-nzbget.git@a3dfa7d5 webui/index.html (ok=111 skipped_too_large=10 timed_out=0 panicked=0 failed_to_read=0)
[122/123] nzbgetcom-nzbget.git@d4b844d2 webui/index.html (ok=111 skipped_too_large=11 timed_out=0 panicked=0 failed_to_read=0)
[123/123] nzbgetcom-nzbget.git@f8aac6db webui/index.html (ok=111 skipped_too_large=12 timed_out=0 panicked=0 failed_to_read=0)
Measured 123 pairs into "/home/marko/src/codediff/research/results/benchmark_html.csv": ok=111 skipped_too_large=12 timed_out=0 panicked=0 failed_to_read=0
