Loaded 208 sampled pairs
[1/208] awesomeWM-awesome.git@00ba63b4 lib/gears/surface.lua (ok=1 skipped_too_large=0 timed_out=0 panicked=0 failed_to_read=0)
[2/208] awesomeWM-awesome.git@01b06524 lib/naughty/layout/box.lua (ok=2 skipped_too_large=0 timed_out=0 panicked=0 failed_to_read=0)
[3/208] awesomeWM-awesome.git@03285e85 lib/wibox/widget/graph.lua (ok=3 skipped_too_large=0 timed_out=0 panicked=0 failed_to_read=0)
[4/208] awesomeWM-awesome.git@03285e85 lib/wibox/widget/slider.lua (ok=4 skipped_too_large=0 timed_out=0 panicked=0 failed_to_read=0)
[5/208] awesomeWM-awesome.git@0dcfc861 lib/gears/object.lua (ok=5 skipped_too_large=0 timed_out=0 panicked=0 failed_to_read=0)
[6/208] awesomeWM-awesome.git@0f950cbb tests/test-spawn.lua (ok=6 skipped_too_large=0 timed_out=0 panicked=0 failed_to_read=0)
[7/208] awesomeWM-awesome.git@151bb6d1 lib/gears/table.lua (ok=7 skipped_too_large=0 timed_out=0 panicked=0 failed_to_read=0)
[8/208] awesomeWM-awesome.git@179e2b48 lib/awful/spawn.lua (ok=8 skipped_too_large=0 timed_out=0 panicked=0 failed_to_read=0)
[9/208] awesomeWM-awesome.git@179e2b48 tests/test-spawn.lua (ok=9 skipped_too_large=0 timed_out=0 panicked=0 failed_to_read=0)
[10/208] awesomeWM-awesome.git@201bacd8 lib/awful/permissions/init.lua (ok=10 skipped_too_large=0 timed_out=0 panicked=0 failed_to_read=0)
[11/208] awesomeWM-awesome.git@201bacd8 lib/ruled/client.lua (ok=11 skipped_too_large=0 timed_out=0 panicked=0 failed_to_read=0)
[12/208] awesomeWM-awesome.git@206e6e1c lib/awful/widget/taglist.lua (ok=12 skipped_too_large=0 timed_out=0 panicked=0 failed_to_read=0)
[13/208] awesomeWM-awesome.git@27c8fa57 tests/examples/shims/client.lua (ok=13 skipped_too_large=0 timed_out=0 panicked=0 failed_to_read=0)
[14/208] awesomeWM-awesome.git@29f41d70 lib/naughty/layout/box.lua (ok=14 skipped_too_large=0 timed_out=0 panicked=0 failed_to_read=0)
[15/208] awesomeWM-awesome.git@2d5c4b64 lib/wibox/layout/grid.lua (ok=15 skipped_too_large=0 timed_out=0 panicked=0 failed_to_read=0)
[16/208] awesomeWM-awesome.git@2eab55e5 lib/wibox/container/border.lua (ok=16 skipped_too_large=0 timed_out=0 panicked=0 failed_to_read=0)
[17/208] awesomeWM-awesome.git@2eab55e5 lib/wibox/widget/imagebox.lua (ok=17 skipped_too_large=0 timed_out=0 panicked=0 failed_to_read=0)
[18/208] awesomeWM-awesome.git@3cb42b7a lib/awful/screenshot.lua (ok=18 skipped_too_large=0 timed_out=0 panicked=0 failed_to_read=0)
[19/208] awesomeWM-awesome.git@3cb42b7a lib/gears/shape.lua (ok=19 skipped_too_large=0 timed_out=0 panicked=0 failed_to_read=0)
[20/208] awesomeWM-awesome.git@492fa1fe lib/awful/spawn.lua (ok=20 skipped_too_large=0 timed_out=0 panicked=0 failed_to_read=0)
[21/208] awesomeWM-awesome.git@492fa1fe lib/naughty/core.lua (ok=21 skipped_too_large=0 timed_out=0 panicked=0 failed_to_read=0)
[22/208] awesomeWM-awesome.git@492fa1fe lib/naughty/dbus.lua (ok=22 skipped_too_large=0 timed_out=0 panicked=0 failed_to_read=0)
[23/208] awesomeWM-awesome.git@5c9ffb8e lib/wibox/widget/imagebox.lua (ok=23 skipped_too_large=0 timed_out=0 panicked=0 failed_to_read=0)
[24/208] awesomeWM-awesome.git@5ee926d5 lib/wibox/container/background.lua (ok=24 skipped_too_large=0 timed_out=0 panicked=0 failed_to_read=0)
[25/208] awesomeWM-awesome.git@63bbe80f lib/awful/permissions/init.lua (ok=25 skipped_too_large=0 timed_out=0 panicked=0 failed_to_read=0)
[26/208] awesomeWM-awesome.git@63def3d3 lib/ruled/client.lua (ok=26 skipped_too_large=0 timed_out=0 panicked=0 failed_to_read=0)
[27/208] awesomeWM-awesome.git@67f5e7fe lib/awful/wallpaper.lua (ok=27 skipped_too_large=0 timed_out=0 panicked=0 failed_to_read=0)
[28/208] awesomeWM-awesome.git@875f1208 lib/awful/hotkeys_popup/widget.lua (ok=28 skipped_too_large=0 timed_out=0 panicked=0 failed_to_read=0)
[29/208] awesomeWM-awesome.git@956bd96e lib/wibox/layout/grid.lua (ok=28 skipped_too_large=1 timed_out=0 panicked=0 failed_to_read=0)
[30/208] awesomeWM-awesome.git@9633e47f lib/awful/layout/suit/tile.lua (ok=29 skipped_too_large=1 timed_out=0 panicked=0 failed_to_read=0)
[31/208] awesomeWM-awesome.git@ab121e9a lib/wibox/widget/imagebox.lua (ok=30 skipped_too_large=1 timed_out=0 panicked=0 failed_to_read=0)
[32/208] awesomeWM-awesome.git@b283220a lib/awful/hotkeys_popup/widget.lua (ok=31 skipped_too_large=1 timed_out=0 panicked=0 failed_to_read=0)
[33/208] awesomeWM-awesome.git@b5a5f7c5 tests/examples/shims/client.lua (ok=32 skipped_too_large=1 timed_out=0 panicked=0 failed_to_read=0)
[34/208] awesomeWM-awesome.git@b9d83056 lib/awful/widget/keyboardlayout.lua (ok=33 skipped_too_large=1 timed_out=0 panicked=0 failed_to_read=0)
[35/208] awesomeWM-awesome.git@cb72c0a8 lib/awful/menu.lua (ok=34 skipped_too_large=1 timed_out=0 panicked=0 failed_to_read=0)
[36/208] awesomeWM-awesome.git@e080bf26 lib/wibox/layout/fixed.lua (ok=35 skipped_too_large=1 timed_out=0 panicked=0 failed_to_read=0)
[37/208] awesomeWM-awesome.git@e23940cc lib/wibox/widget/imagebox.lua (ok=36 skipped_too_large=1 timed_out=0 panicked=0 failed_to_read=0)
[38/208] awesomeWM-awesome.git@e82de8ed lib/wibox/container/background.lua (ok=37 skipped_too_large=1 timed_out=0 panicked=0 failed_to_read=0)
[39/208] awesomeWM-awesome.git@ecc20dd0 lib/wibox/widget/imagebox.lua (ok=38 skipped_too_large=1 timed_out=0 panicked=0 failed_to_read=0)
[40/208] awesomeWM-awesome.git@eddb83fb lib/wibox/widget/calendar.lua (ok=39 skipped_too_large=1 timed_out=0 panicked=0 failed_to_read=0)
[41/208] awesomeWM-awesome.git@f009815c lib/awful/menu.lua (ok=40 skipped_too_large=1 timed_out=0 panicked=0 failed_to_read=0)
[42/208] awesomeWM-awesome.git@f8f5e2c6 lib/wibox/layout/grid.lua (ok=41 skipped_too_large=1 timed_out=0 panicked=0 failed_to_read=0)
[43/208] neovim-neovim.git@08f48110 runtime/lua/vim/treesitter/dev.lua (ok=42 skipped_too_large=1 timed_out=0 panicked=0 failed_to_read=0)
[44/208] neovim-neovim.git@0d13945b src/gen/gen_vimdoc.lua (ok=43 skipped_too_large=1 timed_out=0 panicked=0 failed_to_read=0)
[45/208] neovim-neovim.git@14fe3705 test/unit/os/env_spec.lua (ok=44 skipped_too_large=1 timed_out=0 panicked=0 failed_to_read=0)
[46/208] neovim-neovim.git@16aab4cb runtime/lua/vim/treesitter/dev.lua (ok=45 skipped_too_large=1 timed_out=0 panicked=0 failed_to_read=0)
[47/208] neovim-neovim.git@16aab4cb test/functional/treesitter/inspect_tree_spec.lua (ok=46 skipped_too_large=1 timed_out=0 panicked=0 failed_to_read=0)
[48/208] neovim-neovim.git@1983c70d test/functional/plugin/lsp/semantic_tokens_spec.lua (ok=47 skipped_too_large=1 timed_out=0 panicked=0 failed_to_read=0)
[49/208] neovim-neovim.git@1b013adf test/functional/terminal/channel_spec.lua (ok=48 skipped_too_large=1 timed_out=0 panicked=0 failed_to_read=0)
[50/208] neovim-neovim.git@1ec74fa7 runtime/lua/vim/_meta/api_keysets.lua (ok=49 skipped_too_large=1 timed_out=0 panicked=0 failed_to_read=0)
[51/208] neovim-neovim.git@250d77cc test/functional/terminal/scrollback_spec.lua (ok=50 skipped_too_large=1 timed_out=0 panicked=0 failed_to_read=0)
[52/208] neovim-neovim.git@3115a18a test/functional/plugin/lsp/completion_spec.lua (ok=50 skipped_too_large=2 timed_out=0 panicked=0 failed_to_read=0)
[53/208] neovim-neovim.git@327dcb89 runtime/lua/vim/filetype.lua (ok=50 skipped_too_large=3 timed_out=0 panicked=0 failed_to_read=0)
[54/208] neovim-neovim.git@32d3dd06 test/functional/ui/statusline_spec.lua (ok=51 skipped_too_large=3 timed_out=0 panicked=0 failed_to_read=0)
[55/208] neovim-neovim.git@34b3bd1a test/functional/treesitter/fold_spec.lua (ok=52 skipped_too_large=3 timed_out=0 panicked=0 failed_to_read=0)
[56/208] neovim-neovim.git@37c0efb2 test/unit/marktree_spec.lua (ok=53 skipped_too_large=3 timed_out=0 panicked=0 failed_to_read=0)
[57/208] neovim-neovim.git@39c4e0f3 test/functional/lua/ui_event_spec.lua (ok=54 skipped_too_large=3 timed_out=0 panicked=0 failed_to_read=0)
[58/208] neovim-neovim.git@39c4e0f3 test/functional/ui/cmdline2_spec.lua (ok=55 skipped_too_large=3 timed_out=0 panicked=0 failed_to_read=0)
[59/208] neovim-neovim.git@39c4e0f3 test/functional/ui/messages2_spec.lua (ok=56 skipped_too_large=3 timed_out=0 panicked=0 failed_to_read=0)
[60/208] neovim-neovim.git@3aa04f7e test/functional/core/startup_spec.lua (ok=56 skipped_too_large=4 timed_out=0 panicked=0 failed_to_read=0)
[61/208] neovim-neovim.git@4648d89d runtime/lua/vim/_meta/api_keysets.lua (ok=57 skipped_too_large=4 timed_out=0 panicked=0 failed_to_read=0)
[62/208] neovim-neovim.git@4a4de730 src/gen/gen_help_html.lua (ok=57 skipped_too_large=5 timed_out=0 panicked=0 failed_to_read=0)
[63/208] neovim-neovim.git@4ef217e2 runtime/lua/vim/_core/ui2/messages.lua (ok=58 skipped_too_large=5 timed_out=0 panicked=0 failed_to_read=0)
[64/208] neovim-neovim.git@4ef217e2 test/functional/ui/messages2_spec.lua (ok=59 skipped_too_large=5 timed_out=0 panicked=0 failed_to_read=0)
[65/208] neovim-neovim.git@583308f5 runtime/lua/vim/diagnostic.lua (ok=59 skipped_too_large=6 timed_out=0 panicked=0 failed_to_read=0)
[66/208] neovim-neovim.git@5cbb9d61 runtime/lua/vim/_core/defaults.lua (ok=60 skipped_too_large=6 timed_out=0 panicked=0 failed_to_read=0)
[67/208] neovim-neovim.git@5eb1c4df test/functional/plugin/lsp/completion_spec.lua (ok=60 skipped_too_large=7 timed_out=0 panicked=0 failed_to_read=0)
[68/208] neovim-neovim.git@5eb1c4df test/functional/terminal/buffer_spec.lua (ok=60 skipped_too_large=8 timed_out=0 panicked=0 failed_to_read=0)
[69/208] neovim-neovim.git@61678811 runtime/lua/vim/health/health.lua (ok=61 skipped_too_large=8 timed_out=0 panicked=0 failed_to_read=0)
[70/208] neovim-neovim.git@6ba32713 test/functional/lua/secure_spec.lua (ok=62 skipped_too_large=8 timed_out=0 panicked=0 failed_to_read=0)
[71/208] neovim-neovim.git@7852993f runtime/lua/vim/_meta/api_keysets.lua (ok=63 skipped_too_large=8 timed_out=0 panicked=0 failed_to_read=0)
[72/208] neovim-neovim.git@844caca8 runtime/lua/vim/_core/ui2/messages.lua (ok=64 skipped_too_large=8 timed_out=0 panicked=0 failed_to_read=0)
[73/208] neovim-neovim.git@844caca8 test/functional/ui/cmdline2_spec.lua (ok=65 skipped_too_large=8 timed_out=0 panicked=0 failed_to_read=0)
[74/208] neovim-neovim.git@844caca8 test/functional/ui/messages2_spec.lua (ok=66 skipped_too_large=8 timed_out=0 panicked=0 failed_to_read=0)
[75/208] neovim-neovim.git@93a8acb1 runtime/lua/vim/filetype.lua (ok=66 skipped_too_large=9 timed_out=0 panicked=0 failed_to_read=0)
[76/208] neovim-neovim.git@a416494e test/unit/statusline_spec.lua (ok=67 skipped_too_large=9 timed_out=0 panicked=0 failed_to_read=0)
[77/208] neovim-neovim.git@b57ed5e9 src/gen/gen_help_html.lua (ok=67 skipped_too_large=10 timed_out=0 panicked=0 failed_to_read=0)
[78/208] neovim-neovim.git@c0f8b3fb test/functional/core/startup_spec.lua (ok=67 skipped_too_large=11 timed_out=0 panicked=0 failed_to_read=0)
[79/208] neovim-neovim.git@c78e2768 runtime/lua/vim/filetype.lua (ok=67 skipped_too_large=12 timed_out=0 panicked=0 failed_to_read=0)
[80/208] neovim-neovim.git@cb8c9186 runtime/lua/vim/_meta/api_keysets.lua (ok=68 skipped_too_large=12 timed_out=0 panicked=0 failed_to_read=0)
[81/208] neovim-neovim.git@cb8c9186 test/functional/api/highlight_spec.lua (ok=69 skipped_too_large=12 timed_out=0 panicked=0 failed_to_read=0)
[82/208] neovim-neovim.git@ce5c7111 runtime/lua/vim/_core/editor.lua (ok=69 skipped_too_large=13 timed_out=0 panicked=0 failed_to_read=0)
[83/208] neovim-neovim.git@ce5c7111 runtime/lua/vim/lsp.lua (ok=69 skipped_too_large=14 timed_out=0 panicked=0 failed_to_read=0)
[84/208] neovim-neovim.git@cf874cee runtime/lua/vim/_meta/vvars.lua (ok=70 skipped_too_large=14 timed_out=0 panicked=0 failed_to_read=0)
[85/208] neovim-neovim.git@cf874cee src/nvim/vvars.lua (ok=71 skipped_too_large=14 timed_out=0 panicked=0 failed_to_read=0)
[86/208] neovim-neovim.git@cf874cee test/functional/core/startup_spec.lua (ok=71 skipped_too_large=15 timed_out=0 panicked=0 failed_to_read=0)
[87/208] neovim-neovim.git@d9d8c660 runtime/lua/vim/_watch.lua (ok=72 skipped_too_large=15 timed_out=0 panicked=0 failed_to_read=0)
[88/208] neovim-neovim.git@dc5d313d runtime/lua/vim/fs.lua (ok=73 skipped_too_large=15 timed_out=0 panicked=0 failed_to_read=0)
[89/208] neovim-neovim.git@dc5d313d test/functional/lua/fs_spec.lua (ok=74 skipped_too_large=15 timed_out=0 panicked=0 failed_to_read=0)
[90/208] neovim-neovim.git@dec3c6fa test/functional/fixtures/fake-lsp-server.lua (ok=75 skipped_too_large=15 timed_out=0 panicked=0 failed_to_read=0)
[91/208] neovim-neovim.git@dec3c6fa test/functional/testnvim.lua (ok=76 skipped_too_large=15 timed_out=0 panicked=0 failed_to_read=0)
[92/208] neovim-neovim.git@e3d46a63 test/functional/core/startup_spec.lua (ok=76 skipped_too_large=16 timed_out=0 panicked=0 failed_to_read=0)
[93/208] neovim-neovim.git@e3d46a63 test/functional/plugin/pack_spec.lua (ok=76 skipped_too_large=17 timed_out=0 panicked=0 failed_to_read=0)
[94/208] neovim-neovim.git@e3d46a63 test/functional/provider/clipboard_spec.lua (ok=77 skipped_too_large=17 timed_out=0 panicked=0 failed_to_read=0)
[95/208] neovim-neovim.git@e3d46a63 test/functional/terminal/ex_terminal_spec.lua (ok=78 skipped_too_large=17 timed_out=0 panicked=0 failed_to_read=0)
[96/208] neovim-neovim.git@e3d46a63 test/functional/treesitter/highlight_spec.lua (ok=79 skipped_too_large=17 timed_out=0 panicked=0 failed_to_read=0)
[97/208] neovim-neovim.git@e3d46a63 test/functional/ui/embed_spec.lua (ok=80 skipped_too_large=17 timed_out=0 panicked=0 failed_to_read=0)
[98/208] neovim-neovim.git@e3d46a63 test/functional/vimscript/system_spec.lua (ok=81 skipped_too_large=17 timed_out=0 panicked=0 failed_to_read=0)
[99/208] neovim-neovim.git@e86ccdbe test/functional/plugin/health_spec.lua (ok=82 skipped_too_large=17 timed_out=0 panicked=0 failed_to_read=0)
[100/208] neovim-neovim.git@e86ccdbe test/functional/plugin/lsp/codelens_spec.lua (ok=83 skipped_too_large=17 timed_out=0 panicked=0 failed_to_read=0)
[101/208] neovim-neovim.git@e86ccdbe test/functional/terminal/buffer_spec.lua (ok=83 skipped_too_large=18 timed_out=0 panicked=0 failed_to_read=0)
[102/208] neovim-neovim.git@e86ccdbe test/functional/terminal/cursor_spec.lua (ok=84 skipped_too_large=18 timed_out=0 panicked=0 failed_to_read=0)
[103/208] neovim-neovim.git@e86ccdbe test/functional/terminal/ex_terminal_spec.lua (ok=85 skipped_too_large=18 timed_out=0 panicked=0 failed_to_read=0)
[104/208] neovim-neovim.git@e86ccdbe test/functional/terminal/window_spec.lua (ok=86 skipped_too_large=18 timed_out=0 panicked=0 failed_to_read=0)
[105/208] neovim-neovim.git@e86ccdbe test/functional/ui/highlight_spec.lua (ok=86 skipped_too_large=19 timed_out=0 panicked=0 failed_to_read=0)
[106/208] neovim-neovim.git@e86ccdbe test/functional/ui/hlstate_spec.lua (ok=87 skipped_too_large=19 timed_out=0 panicked=0 failed_to_read=0)
[107/208] neovim-neovim.git@e86ccdbe test/functional/ui/linematch_spec.lua (ok=88 skipped_too_large=19 timed_out=0 panicked=0 failed_to_read=0)
[108/208] neovim-neovim.git@e86ccdbe test/functional/ui/messages2_spec.lua (ok=89 skipped_too_large=19 timed_out=0 panicked=0 failed_to_read=0)
[109/208] neovim-neovim.git@ea5007b3 runtime/lua/vim/lsp/diagnostic.lua (ok=90 skipped_too_large=19 timed_out=0 panicked=0 failed_to_read=0)
[110/208] neovim-neovim.git@ea5007b3 test/functional/plugin/lsp/diagnostic_spec.lua (ok=91 skipped_too_large=19 timed_out=0 panicked=0 failed_to_read=0)
[111/208] neovim-neovim.git@eb90f5d9 runtime/lua/vim/lsp.lua (ok=91 skipped_too_large=20 timed_out=0 panicked=0 failed_to_read=0)
[112/208] neovim-neovim.git@ec247464 test/functional/core/channels_spec.lua (ok=92 skipped_too_large=20 timed_out=0 panicked=0 failed_to_read=0)
[113/208] neovim-neovim.git@f90cd620 runtime/lua/vim/lsp/completion.lua (ok=93 skipped_too_large=20 timed_out=0 panicked=0 failed_to_read=0)
[114/208] neovim-neovim.git@f90cd620 test/functional/plugin/lsp/completion_spec.lua (ok=93 skipped_too_large=21 timed_out=0 panicked=0 failed_to_read=0)
[115/208] awesomeWM-awesome.git@03285e85 lib/gears/timer.lua (ok=94 skipped_too_large=21 timed_out=0 panicked=0 failed_to_read=0)
[116/208] awesomeWM-awesome.git@03285e85 lib/wibox/widget/separator.lua (ok=95 skipped_too_large=21 timed_out=0 panicked=0 failed_to_read=0)
[117/208] awesomeWM-awesome.git@06901a91 tests/examples/wibox/nwidget/rules/widget_template.lua (ok=96 skipped_too_large=21 timed_out=0 panicked=0 failed_to_read=0)
[118/208] awesomeWM-awesome.git@1291a346 tests/examples/shims/beautiful.lua (ok=97 skipped_too_large=21 timed_out=0 panicked=0 failed_to_read=0)
[119/208] awesomeWM-awesome.git@179e2b48 tests/_client.lua (ok=98 skipped_too_large=21 timed_out=0 panicked=0 failed_to_read=0)
[120/208] awesomeWM-awesome.git@208129b7 tests/examples/awful/wallpaper/widget1.lua (ok=99 skipped_too_large=21 timed_out=0 panicked=0 failed_to_read=0)
[121/208] awesomeWM-awesome.git@220ae797 lib/gears/timer.lua (ok=100 skipped_too_large=21 timed_out=0 panicked=0 failed_to_read=0)
[122/208] awesomeWM-awesome.git@27c8fa57 lib/awful/client/shape.lua (ok=101 skipped_too_large=21 timed_out=0 panicked=0 failed_to_read=0)
[123/208] awesomeWM-awesome.git@27c8fa57 tests/test-client-shape.lua (ok=102 skipped_too_large=21 timed_out=0 panicked=0 failed_to_read=0)
[124/208] awesomeWM-awesome.git@2eab55e5 tests/examples/wibox/container/border/border_merging1.lua (ok=103 skipped_too_large=21 timed_out=0 panicked=0 failed_to_read=0)
[125/208] awesomeWM-awesome.git@36204fc2 lib/wibox/container/margin.lua (ok=104 skipped_too_large=21 timed_out=0 panicked=0 failed_to_read=0)
[126/208] awesomeWM-awesome.git@39143f03 lib/gears/filesystem.lua (ok=105 skipped_too_large=21 timed_out=0 panicked=0 failed_to_read=0)
[127/208] awesomeWM-awesome.git@3beb2187 tests/examples/wibox/layout/grid/spacing.lua (ok=106 skipped_too_large=21 timed_out=0 panicked=0 failed_to_read=0)
[128/208] awesomeWM-awesome.git@477a75b6 tests/examples/sequences/client/jump_to_urgent1.lua (ok=107 skipped_too_large=21 timed_out=0 panicked=0 failed_to_read=0)
[129/208] awesomeWM-awesome.git@477a75b6 tests/examples/shims/beautiful.lua (ok=108 skipped_too_large=21 timed_out=0 panicked=0 failed_to_read=0)
[130/208] awesomeWM-awesome.git@47855e41 tests/examples/wibox/widget/imagebox/horizontal_fit_policy.lua (ok=109 skipped_too_large=21 timed_out=0 panicked=0 failed_to_read=0)
[131/208] awesomeWM-awesome.git@47855e41 tests/examples/wibox/widget/imagebox/vertical_fit_policy.lua (ok=110 skipped_too_large=21 timed_out=0 panicked=0 failed_to_read=0)
[132/208] awesomeWM-awesome.git@4ac7bb60 lib/awful/widget/clienticon.lua (ok=111 skipped_too_large=21 timed_out=0 panicked=0 failed_to_read=0)
[133/208] awesomeWM-awesome.git@797e093b tests/examples/screen/struts.lua (ok=112 skipped_too_large=21 timed_out=0 panicked=0 failed_to_read=0)
[134/208] awesomeWM-awesome.git@956bd96e tests/examples/awful/popup/alttab.lua (ok=113 skipped_too_large=21 timed_out=0 panicked=0 failed_to_read=0)
[135/208] awesomeWM-awesome.git@956bd96e tests/examples/awful/popup/wiboxtypes.lua (ok=114 skipped_too_large=21 timed_out=0 panicked=0 failed_to_read=0)
[136/208] awesomeWM-awesome.git@956bd96e tests/examples/awful/screenshot/popup.lua (ok=115 skipped_too_large=21 timed_out=0 panicked=0 failed_to_read=0)
[137/208] awesomeWM-awesome.git@956bd96e tests/examples/awful/widget/layoutlist/bar.lua (ok=116 skipped_too_large=21 timed_out=0 panicked=0 failed_to_read=0)
[138/208] awesomeWM-awesome.git@956bd96e tests/examples/awful/widget/layoutlist/popup.lua (ok=117 skipped_too_large=21 timed_out=0 panicked=0 failed_to_read=0)
[139/208] awesomeWM-awesome.git@956bd96e tests/examples/sequences/client/tasklist_layout1.lua (ok=118 skipped_too_large=21 timed_out=0 panicked=0 failed_to_read=0)
[140/208] awesomeWM-awesome.git@956bd96e tests/examples/wibox/layout/grid/add_column_border1.lua (ok=119 skipped_too_large=21 timed_out=0 panicked=0 failed_to_read=0)
[141/208] awesomeWM-awesome.git@956bd96e tests/examples/wibox/layout/grid/add_row_border1.lua (ok=120 skipped_too_large=21 timed_out=0 panicked=0 failed_to_read=0)
[142/208] awesomeWM-awesome.git@956bd96e tests/examples/wibox/layout/grid/border_width1.lua (ok=121 skipped_too_large=21 timed_out=0 panicked=0 failed_to_read=0)
[143/208] awesomeWM-awesome.git@956bd96e tests/examples/wibox/layout/grid/border_width2.lua (ok=122 skipped_too_large=21 timed_out=0 panicked=0 failed_to_read=0)
[144/208] awesomeWM-awesome.git@956bd96e tests/examples/wibox/layout/grid/border_width3.lua (ok=123 skipped_too_large=21 timed_out=0 panicked=0 failed_to_read=0)
[145/208] awesomeWM-awesome.git@956bd96e tests/examples/wibox/layout/grid/border_width4.lua (ok=124 skipped_too_large=21 timed_out=0 panicked=0 failed_to_read=0)
[146/208] awesomeWM-awesome.git@956bd96e tests/examples/wibox/layout/grid/declarative1.lua (ok=125 skipped_too_large=21 timed_out=0 panicked=0 failed_to_read=0)
[147/208] awesomeWM-awesome.git@956bd96e tests/examples/wibox/layout/grid/expand.lua (ok=126 skipped_too_large=21 timed_out=0 panicked=0 failed_to_read=0)
[148/208] awesomeWM-awesome.git@956bd96e tests/examples/wibox/layout/grid/imperative.lua (ok=127 skipped_too_large=21 timed_out=0 panicked=0 failed_to_read=0)
[149/208] awesomeWM-awesome.git@956bd96e tests/examples/wibox/layout/grid/min_size.lua (ok=128 skipped_too_large=21 timed_out=0 panicked=0 failed_to_read=0)
[150/208] awesomeWM-awesome.git@956bd96e tests/examples/wibox/layout/grid/orientation.lua (ok=129 skipped_too_large=21 timed_out=0 panicked=0 failed_to_read=0)
[151/208] awesomeWM-awesome.git@956bd96e tests/examples/wibox/layout/grid/spacing.lua (ok=130 skipped_too_large=21 timed_out=0 panicked=0 failed_to_read=0)
[152/208] awesomeWM-awesome.git@956bd96e tests/examples/wibox/nwidget/icon/strategy.lua (ok=131 skipped_too_large=21 timed_out=0 panicked=0 failed_to_read=0)
[153/208] awesomeWM-awesome.git@ad0290bc tests/examples/wibox/widget/defaults/slider.lua (ok=132 skipped_too_large=21 timed_out=0 panicked=0 failed_to_read=0)
[154/208] awesomeWM-awesome.git@c68ca045 lib/gears/timer.lua (ok=133 skipped_too_large=21 timed_out=0 panicked=0 failed_to_read=0)
[155/208] awesomeWM-awesome.git@cab3e81d lib/awful/layout/suit/spiral.lua (ok=134 skipped_too_large=21 timed_out=0 panicked=0 failed_to_read=0)
[156/208] awesomeWM-awesome.git@dc207d5b lib/wibox/container/init.lua (ok=135 skipped_too_large=21 timed_out=0 panicked=0 failed_to_read=0)
[157/208] awesomeWM-awesome.git@de7f3bfe tests/examples/wibox/layout/grid/orientation.lua (ok=136 skipped_too_large=21 timed_out=0 panicked=0 failed_to_read=0)
[158/208] awesomeWM-awesome.git@e12ed252 tests/examples/wibox/nwidget/rules/urgency.lua (ok=137 skipped_too_large=21 timed_out=0 panicked=0 failed_to_read=0)
[159/208] awesomeWM-awesome.git@f8f5e2c6 tests/examples/wibox/layout/grid/declarative1.lua (ok=138 skipped_too_large=21 timed_out=0 panicked=0 failed_to_read=0)
[160/208] awesomeWM-awesome.git@f8f5e2c6 tests/examples/wibox/layout/grid/orientation.lua (ok=139 skipped_too_large=21 timed_out=0 panicked=0 failed_to_read=0)
[161/208] awesomeWM-awesome.git@f8f5e2c6 tests/examples/wibox/layout/grid/spacing.lua (ok=140 skipped_too_large=21 timed_out=0 panicked=0 failed_to_read=0)
[162/208] awesomeWM-awesome.git@fcd23a74 tests/examples/wibox/nwidget/rules/widget_template.lua (ok=141 skipped_too_large=21 timed_out=0 panicked=0 failed_to_read=0)
[163/208] neovim-neovim.git@08f48110 test/functional/treesitter/inspect_tree_spec.lua (ok=142 skipped_too_large=21 timed_out=0 panicked=0 failed_to_read=0)
[164/208] neovim-neovim.git@4a4de730 runtime/lua/vim/_core/help.lua (ok=143 skipped_too_large=21 timed_out=0 panicked=0 failed_to_read=0)
[165/208] neovim-neovim.git@6ba32713 runtime/lua/vim/secure.lua (ok=144 skipped_too_large=21 timed_out=0 panicked=0 failed_to_read=0)
[166/208] neovim-neovim.git@7852993f src/nvim/auevents.lua (ok=145 skipped_too_large=21 timed_out=0 panicked=0 failed_to_read=0)
[167/208] neovim-neovim.git@844caca8 runtime/lua/vim/_core/ui2.lua (ok=146 skipped_too_large=21 timed_out=0 panicked=0 failed_to_read=0)
[168/208] neovim-neovim.git@9567fb05 runtime/lua/vim/ui.lua (ok=147 skipped_too_large=21 timed_out=0 panicked=0 failed_to_read=0)
[169/208] neovim-neovim.git@9aa936d8 test/functional/lua/ui_spec.lua (ok=148 skipped_too_large=21 timed_out=0 panicked=0 failed_to_read=0)
[170/208] neovim-neovim.git@b57ed5e9 runtime/ftplugin/help.lua (ok=149 skipped_too_large=21 timed_out=0 panicked=0 failed_to_read=0)
[171/208] neovim-neovim.git@c0f8b3fb test/functional/vimscript/vvars_spec.lua (ok=150 skipped_too_large=21 timed_out=0 panicked=0 failed_to_read=0)
[172/208] neovim-neovim.git@cb8c9186 src/gen/gen_terminfo.lua (ok=151 skipped_too_large=21 timed_out=0 panicked=0 failed_to_read=0)
[173/208] neovim-neovim.git@dec3c6fa test/functional/plugin/lsp/testutil.lua (ok=152 skipped_too_large=21 timed_out=0 panicked=0 failed_to_read=0)
[174/208] neovim-neovim.git@e3d46a63 test/functional/editor/ftplugin_spec.lua (ok=153 skipped_too_large=21 timed_out=0 panicked=0 failed_to_read=0)
[175/208] neovim-neovim.git@e3d46a63 test/functional/legacy/008_autocommands_spec.lua (ok=154 skipped_too_large=21 timed_out=0 panicked=0 failed_to_read=0)
[176/208] neovim-neovim.git@e3d46a63 test/functional/options/autochdir_spec.lua (ok=155 skipped_too_large=21 timed_out=0 panicked=0 failed_to_read=0)
[177/208] neovim-neovim.git@e3d46a63 test/functional/treesitter/inspect_tree_spec.lua (ok=156 skipped_too_large=21 timed_out=0 panicked=0 failed_to_read=0)
[178/208] neovim-neovim.git@e3d46a63 test/functional/vimscript/executable_spec.lua (ok=157 skipped_too_large=21 timed_out=0 panicked=0 failed_to_read=0)
[179/208] neovim-neovim.git@e3d46a63 test/functional/vimscript/fnamemodify_spec.lua (ok=158 skipped_too_large=21 timed_out=0 panicked=0 failed_to_read=0)
[180/208] neovim-neovim.git@e86ccdbe test/functional/terminal/window_split_tab_spec.lua (ok=159 skipped_too_large=21 timed_out=0 panicked=0 failed_to_read=0)
[181/208] awesomeWM-awesome.git@956bd96e tests/examples/wibox/layout/defaults/grid.lua (ok=160 skipped_too_large=21 timed_out=0 panicked=0 failed_to_read=0)
[182/208] awesomeWM-awesome.git@956bd96e tests/examples/wibox/layout/grid/add.lua (ok=161 skipped_too_large=21 timed_out=0 panicked=0 failed_to_read=0)
[183/208] awesomeWM-awesome.git@956bd96e tests/examples/wibox/layout/grid/declarative2.lua (ok=162 skipped_too_large=21 timed_out=0 panicked=0 failed_to_read=0)
[184/208] awesomeWM-awesome.git@956bd96e tests/examples/wibox/layout/grid/extend_column.lua (ok=163 skipped_too_large=21 timed_out=0 panicked=0 failed_to_read=0)
[185/208] awesomeWM-awesome.git@956bd96e tests/examples/wibox/layout/grid/insert_column.lua (ok=164 skipped_too_large=21 timed_out=0 panicked=0 failed_to_read=0)
[186/208] awesomeWM-awesome.git@956bd96e tests/examples/wibox/layout/grid/remove.lua (ok=165 skipped_too_large=21 timed_out=0 panicked=0 failed_to_read=0)
[187/208] awesomeWM-awesome.git@956bd96e tests/examples/wibox/layout/grid/remove_column.lua (ok=166 skipped_too_large=21 timed_out=0 panicked=0 failed_to_read=0)
[188/208] awesomeWM-awesome.git@956bd96e tests/examples/wibox/layout/grid/superpose.lua (ok=167 skipped_too_large=21 timed_out=0 panicked=0 failed_to_read=0)
[189/208] awesomeWM-awesome.git@eddb83fb tests/examples/wibox/widget/defaults/calendar.lua (ok=168 skipped_too_large=21 timed_out=0 panicked=0 failed_to_read=0)
[190/208] neovim-neovim.git@2368a9ed test/unit/vterm_spec.lua (ok=168 skipped_too_large=22 timed_out=0 panicked=0 failed_to_read=0)
[191/208] neovim-neovim.git@2478a7fb runtime/lua/vim/_meta/api.lua (ok=169 skipped_too_large=22 timed_out=0 panicked=0 failed_to_read=0)
[192/208] neovim-neovim.git@2de284e5 test/functional/ui/messages_spec.lua (ok=169 skipped_too_large=23 timed_out=0 panicked=0 failed_to_read=0)
[193/208] neovim-neovim.git@30d9970c runtime/lua/vim/_meta/options.lua (ok=169 skipped_too_large=24 timed_out=0 panicked=0 failed_to_read=0)
[194/208] neovim-neovim.git@30d9970c src/nvim/options.lua (ok=169 skipped_too_large=25 timed_out=0 panicked=0 failed_to_read=0)
[195/208] neovim-neovim.git@32d3dd06 runtime/lua/vim/_meta/options.lua (ok=169 skipped_too_large=26 timed_out=0 panicked=0 failed_to_read=0)
[196/208] neovim-neovim.git@32d3dd06 src/nvim/options.lua (ok=169 skipped_too_large=27 timed_out=0 panicked=0 failed_to_read=0)
[197/208] neovim-neovim.git@39c4e0f3 test/functional/ui/messages_spec.lua (ok=169 skipped_too_large=28 timed_out=0 panicked=0 failed_to_read=0)
[198/208] neovim-neovim.git@4648d89d runtime/lua/vim/_meta/api.lua (ok=170 skipped_too_large=28 timed_out=0 panicked=0 failed_to_read=0)
[199/208] neovim-neovim.git@5cbb9d61 test/functional/terminal/tui_spec.lua (ok=170 skipped_too_large=29 timed_out=0 panicked=0 failed_to_read=0)
[200/208] neovim-neovim.git@7852993f runtime/lua/vim/_meta/options.lua (ok=170 skipped_too_large=30 timed_out=0 panicked=0 failed_to_read=0)
[201/208] neovim-neovim.git@cb8c9186 runtime/lua/vim/_meta/api.lua (ok=171 skipped_too_large=30 timed_out=0 panicked=0 failed_to_read=0)
[202/208] neovim-neovim.git@cb8c9186 runtime/lua/vim/_meta/vimfn.lua (ok=171 skipped_too_large=31 timed_out=0 panicked=0 failed_to_read=0)
[203/208] neovim-neovim.git@cb8c9186 src/nvim/eval.lua (ok=171 skipped_too_large=32 timed_out=0 panicked=0 failed_to_read=0)
[204/208] neovim-neovim.git@dec3c6fa test/functional/plugin/lsp_spec.lua (ok=171 skipped_too_large=33 timed_out=0 panicked=0 failed_to_read=0)
[205/208] neovim-neovim.git@e63346df test/functional/api/vim_spec.lua (ok=171 skipped_too_large=34 timed_out=0 panicked=0 failed_to_read=0)
[206/208] neovim-neovim.git@e86ccdbe test/functional/ui/decorations_spec.lua (ok=171 skipped_too_large=35 timed_out=0 panicked=0 failed_to_read=0)
[207/208] neovim-neovim.git@f1490b5f test/functional/terminal/tui_spec.lua (ok=171 skipped_too_large=36 timed_out=0 panicked=0 failed_to_read=0)
[208/208] neovim-neovim.git@f45c550f test/functional/terminal/tui_spec.lua (ok=171 skipped_too_large=37 timed_out=0 panicked=0 failed_to_read=0)
Measured 208 pairs into "/home/marko/src/codediff/research/results/benchmark_lua.csv": ok=171 skipped_too_large=37 timed_out=0 panicked=0 failed_to_read=0
