Loaded 137 sampled pairs
Failed to measure LadybirdBrowser-ladybird.git Libraries/LibWeb/HTML/ElementInternals.cpp: revspec '4daa2b33f1a3907306a9054e4c4f1be6a09325f7' not found; class=Reference (4); code=NotFound (-3)
[1/137] LadybirdBrowser-ladybird.git@4daa2b33 Libraries/LibWeb/HTML/ElementInternals.cpp (ok=0 skipped_too_large=0 timed_out=0 panicked=0 failed_to_read=1)
Failed to measure LadybirdBrowser-ladybird.git Libraries/LibWeb/HTML/HTMLFormElement.cpp: revspec '9af3e3487518cf5d7d6e96bd7fbdf2026fbbd939' not found; class=Reference (4); code=NotFound (-3)
[2/137] LadybirdBrowser-ladybird.git@9af3e348 Libraries/LibWeb/HTML/HTMLFormElement.cpp (ok=0 skipped_too_large=0 timed_out=0 panicked=0 failed_to_read=2)
Failed to measure LadybirdBrowser-ladybird.git Libraries/LibWeb/HTML/ElementInternals.cpp: revspec 'ad653da637761bbaf40dddef33c2c8642f8724bd' not found; class=Reference (4); code=NotFound (-3)
[3/137] LadybirdBrowser-ladybird.git@ad653da6 Libraries/LibWeb/HTML/ElementInternals.cpp (ok=0 skipped_too_large=0 timed_out=0 panicked=0 failed_to_read=3)
Failed to measure LadybirdBrowser-ladybird.git Services/WebWorker/WorkerHost.cpp: revspec 'cfd795f907fb2c6d94453236464db53f67ccfdaf' not found; class=Reference (4); code=NotFound (-3)
[4/137] LadybirdBrowser-ladybird.git@cfd795f9 Services/WebWorker/WorkerHost.cpp (ok=0 skipped_too_large=0 timed_out=0 panicked=0 failed_to_read=4)
Failed to measure LadybirdBrowser-ladybird.git Libraries/LibWeb/HTML/FormAssociatedElement.cpp: revspec 'df32da5e86b5552cc00584b5f678b260af37d199' not found; class=Reference (4); code=NotFound (-3)
[5/137] LadybirdBrowser-ladybird.git@df32da5e Libraries/LibWeb/HTML/FormAssociatedElement.cpp (ok=0 skipped_too_large=0 timed_out=0 panicked=0 failed_to_read=5)
Failed to measure LadybirdBrowser-ladybird.git Libraries/LibWeb/Painting/PaintableWithLines.cpp: revspec 'df32da5e86b5552cc00584b5f678b260af37d199' not found; class=Reference (4); code=NotFound (-3)
[6/137] LadybirdBrowser-ladybird.git@df32da5e Libraries/LibWeb/Painting/PaintableWithLines.cpp (ok=0 skipped_too_large=0 timed_out=0 panicked=0 failed_to_read=6)
Failed to measure LadybirdBrowser-ladybird.git Libraries/LibWeb/HTML/ElementInternals.cpp: revspec 'edbe8b5d90a9afe15cd5824a92198d64b9f1b311' not found; class=Reference (4); code=NotFound (-3)
[7/137] LadybirdBrowser-ladybird.git@edbe8b5d Libraries/LibWeb/HTML/ElementInternals.cpp (ok=0 skipped_too_large=0 timed_out=0 panicked=0 failed_to_read=7)
Failed to measure libreoffice sd/source/ui/dlg/animobjs.cxx: revspec '5804aa11f5917a481f09246c311a8446648f2571' not found; class=Reference (4); code=NotFound (-3)
[8/137] libreoffice@5804aa11 sd/source/ui/dlg/animobjs.cxx (ok=0 skipped_too_large=0 timed_out=0 panicked=0 failed_to_read=8)
Failed to measure libreoffice sd/source/core/drawdoc2.cxx: revspec '6808e0e7c238043acf983f93f1853f962e46c6bd' not found; class=Reference (4); code=NotFound (-3)
[9/137] libreoffice@6808e0e7 sd/source/core/drawdoc2.cxx (ok=0 skipped_too_large=0 timed_out=0 panicked=0 failed_to_read=9)
Failed to measure libreoffice vcl/source/opengl/OpenGLContext.cxx: revspec '75d1ea1171ca5537a6001d7eb121ef6023a556ad' not found; class=Reference (4); code=NotFound (-3)
[10/137] libreoffice@75d1ea11 vcl/source/opengl/OpenGLContext.cxx (ok=0 skipped_too_large=0 timed_out=0 panicked=0 failed_to_read=10)
Failed to measure libreoffice sc/source/ui/view/cellsh.cxx: revspec 'f700b442fdac1c8ce844a98e3918b2f76f30fa39' not found; class=Reference (4); code=NotFound (-3)
[11/137] libreoffice@f700b442 sc/source/ui/view/cellsh.cxx (ok=0 skipped_too_large=0 timed_out=0 panicked=0 failed_to_read=11)
[12/137] microsoft-terminal.git@040c730a src/types/UiaTextRangeBase.cpp (ok=0 skipped_too_large=1 timed_out=0 panicked=0 failed_to_read=11)
[13/137] microsoft-terminal.git@0e195704 src/host/srvinit.cpp (ok=1 skipped_too_large=1 timed_out=0 panicked=0 failed_to_read=11)
[14/137] microsoft-terminal.git@0f5d883c src/host/outputStream.cpp (ok=2 skipped_too_large=1 timed_out=0 panicked=0 failed_to_read=11)
[15/137] microsoft-terminal.git@0f5d883c src/terminal/input/terminalInput.cpp (ok=2 skipped_too_large=2 timed_out=0 panicked=0 failed_to_read=11)
[16/137] microsoft-terminal.git@6d7fac99 src/cascadia/TerminalSettingsModel/CascadiaSettings.cpp (ok=3 skipped_too_large=2 timed_out=0 panicked=0 failed_to_read=11)
[17/137] microsoft-terminal.git@c562dad1 src/cascadia/TerminalSettingsEditor/MainPage.cpp (ok=3 skipped_too_large=3 timed_out=0 panicked=0 failed_to_read=11)
[18/137] microsoft-terminal.git@da0446a7 src/host/outputStream.cpp (ok=4 skipped_too_large=3 timed_out=0 panicked=0 failed_to_read=11)
[19/137] microsoft-terminal.git@da0446a7 src/terminal/adapter/ITermDispatch.hpp (ok=4 skipped_too_large=3 timed_out=1 panicked=0 failed_to_read=11)
[20/137] microsoft-terminal.git@da0446a7 src/terminal/adapter/termDispatch.hpp (ok=5 skipped_too_large=3 timed_out=1 panicked=0 failed_to_read=11)
[21/137] microsoft-terminal.git@e6ea8ace src/interactivity/onecore/ConIoSrvComm.cpp (ok=6 skipped_too_large=3 timed_out=1 panicked=0 failed_to_read=11)
Failed to measure mongodb-mongo.git src/mongo/db/read_write_concern_defaults.cpp: revspec '1df439858667d54670d9b0cc05358c57d4738019' not found; class=Reference (4); code=NotFound (-3)
[22/137] mongodb-mongo.git@1df43985 src/mongo/db/read_write_concern_defaults.cpp (ok=6 skipped_too_large=3 timed_out=1 panicked=0 failed_to_read=12)
Failed to measure mongodb-mongo.git src/mongo/transport/service_entry_point_test_fixture.cpp: revspec '1df439858667d54670d9b0cc05358c57d4738019' not found; class=Reference (4); code=NotFound (-3)
[23/137] mongodb-mongo.git@1df43985 src/mongo/transport/service_entry_point_test_fixture.cpp (ok=6 skipped_too_large=3 timed_out=1 panicked=0 failed_to_read=13)
Failed to measure mongodb-mongo.git src/mongo/db/s/balancer/auto_merger_policy.cpp: revspec '2472acd6691fa0edfdc8c59dc154830055e5228d' not found; class=Reference (4); code=NotFound (-3)
[24/137] mongodb-mongo.git@2472acd6 src/mongo/db/s/balancer/auto_merger_policy.cpp (ok=6 skipped_too_large=3 timed_out=1 panicked=0 failed_to_read=14)
Failed to measure mongodb-mongo.git src/mongo/db/index_builds/repl_index_build_state.cpp: revspec '8f79bc27775fae8eca62f032b1e8b8fa1e14ea43' not found; class=Reference (4); code=NotFound (-3)
[25/137] mongodb-mongo.git@8f79bc27 src/mongo/db/index_builds/repl_index_build_state.cpp (ok=6 skipped_too_large=3 timed_out=1 panicked=0 failed_to_read=15)
Failed to measure mongodb-mongo.git src/mongo/db/global_catalog/ddl/drop_collection_coordinator.cpp: revspec 'ac74c8ae381bd7c2528657ca57b27499e2cbba9e' not found; class=Reference (4); code=NotFound (-3)
[26/137] mongodb-mongo.git@ac74c8ae src/mongo/db/global_catalog/ddl/drop_collection_coordinator.cpp (ok=6 skipped_too_large=3 timed_out=1 panicked=0 failed_to_read=16)
Failed to measure mongodb-mongo.git src/mongo/db/shard_role/shard_catalog/collection_impl.cpp: revspec 'c3c6fa90f2b8815b65dc356e531a1278f73c8284' not found; class=Reference (4); code=NotFound (-3)
[27/137] mongodb-mongo.git@c3c6fa90 src/mongo/db/shard_role/shard_catalog/collection_impl.cpp (ok=6 skipped_too_large=3 timed_out=1 panicked=0 failed_to_read=17)
Failed to measure mongodb-mongo.git src/mongo/db/query/query_planner_operator_test.cpp: revspec 'd976472f4ec7a03a1d5f6c6ac3ba3689f6f12a0b' not found; class=Reference (4); code=NotFound (-3)
[28/137] mongodb-mongo.git@d976472f src/mongo/db/query/query_planner_operator_test.cpp (ok=6 skipped_too_large=3 timed_out=1 panicked=0 failed_to_read=18)
Failed to measure mozilla-firefox-firefox.git gfx/ots/src/cff.cc: revspec '9f53800a48e611e33828d112b91d30b78a6a6c45' not found; class=Reference (4); code=NotFound (-3)
[29/137] mozilla-firefox-firefox.git@9f53800a gfx/ots/src/cff.cc (ok=6 skipped_too_large=3 timed_out=1 panicked=0 failed_to_read=19)
[30/137] nzbgetcom-nzbget.git@01cfd0b0 daemon/systemhealth/PathsValidator.cpp (ok=7 skipped_too_large=3 timed_out=1 panicked=0 failed_to_read=19)
[31/137] nzbgetcom-nzbget.git@063e1cd8 daemon/queue/UrlCoordinator.cpp (ok=8 skipped_too_large=3 timed_out=1 panicked=0 failed_to_read=19)
[32/137] nzbgetcom-nzbget.git@369800f6 daemon/extension/ExtensionManager.cpp (ok=9 skipped_too_large=3 timed_out=1 panicked=0 failed_to_read=19)
[33/137] nzbgetcom-nzbget.git@369800f6 daemon/util/FileSystem.cpp (ok=10 skipped_too_large=3 timed_out=1 panicked=0 failed_to_read=19)
[34/137] nzbgetcom-nzbget.git@3c41b51f daemon/main/Options.cpp (ok=10 skipped_too_large=4 timed_out=1 panicked=0 failed_to_read=19)
[35/137] nzbgetcom-nzbget.git@47acf07e daemon/main/nzbget.cpp (ok=11 skipped_too_large=4 timed_out=1 panicked=0 failed_to_read=19)
[36/137] nzbgetcom-nzbget.git@75b337a1 tests/feed/NzbInfoCreator.cpp (ok=12 skipped_too_large=4 timed_out=1 panicked=0 failed_to_read=19)
[37/137] nzbgetcom-nzbget.git@75b337a1 tests/util/Util.cpp (ok=13 skipped_too_large=4 timed_out=1 panicked=0 failed_to_read=19)
[38/137] nzbgetcom-nzbget.git@817f4485 daemon/queue/Scanner.cpp (ok=14 skipped_too_large=4 timed_out=1 panicked=0 failed_to_read=19)
[39/137] nzbgetcom-nzbget.git@ae7a1dc6 daemon/queue/Scanner.cpp (ok=15 skipped_too_large=4 timed_out=1 panicked=0 failed_to_read=19)
[40/137] nzbgetcom-nzbget.git@cc3be448 daemon/postprocess/ParChecker.cpp (ok=15 skipped_too_large=5 timed_out=1 panicked=0 failed_to_read=19)
[41/137] opencv-opencv.git@00833f98 modules/video/src/lkpyramid.cpp (ok=15 skipped_too_large=6 timed_out=1 panicked=0 failed_to_read=19)
[42/137] opencv-opencv.git@18c7c9bc modules/core/src/matrix_transform.cpp (ok=15 skipped_too_large=7 timed_out=1 panicked=0 failed_to_read=19)
[43/137] protocolbuffers-protobuf.git@002f830c src/google/protobuf/compiler/rust/message.cc (ok=16 skipped_too_large=7 timed_out=1 panicked=0 failed_to_read=19)
[44/137] protocolbuffers-protobuf.git@967e8d5d src/google/protobuf/compiler/cpp/extension.cc (ok=17 skipped_too_large=7 timed_out=1 panicked=0 failed_to_read=19)
[45/137] protocolbuffers-protobuf.git@967e8d5d src/google/protobuf/compiler/cpp/field.cc (ok=18 skipped_too_large=7 timed_out=1 panicked=0 failed_to_read=19)
[46/137] protocolbuffers-protobuf.git@967e8d5d src/google/protobuf/compiler/cpp/field_generators/map_field.cc (ok=19 skipped_too_large=7 timed_out=1 panicked=0 failed_to_read=19)
[47/137] protocolbuffers-protobuf.git@967e8d5d src/google/protobuf/compiler/cpp/field_generators/message_field.cc (ok=20 skipped_too_large=7 timed_out=1 panicked=0 failed_to_read=19)
[48/137] protocolbuffers-protobuf.git@c7e66c1e src/google/protobuf/parse_context.cc (ok=21 skipped_too_large=7 timed_out=1 panicked=0 failed_to_read=19)
[49/137] protocolbuffers-protobuf.git@e5bc8802 src/google/protobuf/json/internal/unparser.cc (ok=22 skipped_too_large=7 timed_out=1 panicked=0 failed_to_read=19)
[50/137] protocolbuffers-protobuf.git@ff1eab06 src/google/protobuf/repeated_field_proxy_test.cc (ok=22 skipped_too_large=8 timed_out=1 panicked=0 failed_to_read=19)
Failed to measure LadybirdBrowser-ladybird.git Libraries/LibWeb/HTML/HTMLOptionsCollection.cpp: revspec 'cfd795f907fb2c6d94453236464db53f67ccfdaf' not found; class=Reference (4); code=NotFound (-3)
[51/137] LadybirdBrowser-ladybird.git@cfd795f9 Libraries/LibWeb/HTML/HTMLOptionsCollection.cpp (ok=22 skipped_too_large=8 timed_out=1 panicked=0 failed_to_read=20)
Failed to measure LadybirdBrowser-ladybird.git Libraries/LibWeb/HTML/MessageEvent.cpp: revspec 'cfd795f907fb2c6d94453236464db53f67ccfdaf' not found; class=Reference (4); code=NotFound (-3)
[52/137] LadybirdBrowser-ladybird.git@cfd795f9 Libraries/LibWeb/HTML/MessageEvent.cpp (ok=22 skipped_too_large=8 timed_out=1 panicked=0 failed_to_read=21)
Failed to measure LadybirdBrowser-ladybird.git Libraries/LibWeb/HTML/NavigatorBeacon.cpp: revspec 'cfd795f907fb2c6d94453236464db53f67ccfdaf' not found; class=Reference (4); code=NotFound (-3)
[53/137] LadybirdBrowser-ladybird.git@cfd795f9 Libraries/LibWeb/HTML/NavigatorBeacon.cpp (ok=22 skipped_too_large=8 timed_out=1 panicked=0 failed_to_read=22)
[54/137] electron-electron.git@6df6ec5f shell/browser/extensions/electron_extension_system.cc (ok=23 skipped_too_large=8 timed_out=1 panicked=0 failed_to_read=22)
[55/137] electron-electron.git@7f21d314 shell/browser/ui/file_dialog_win.cc (ok=24 skipped_too_large=8 timed_out=1 panicked=0 failed_to_read=22)
[56/137] electron-electron.git@7f21d314 shell/common/electron_paths.cc (ok=25 skipped_too_large=8 timed_out=1 panicked=0 failed_to_read=22)
[57/137] electron-electron.git@dee8f5a0 shell/browser/api/electron_api_native_theme.cc (ok=26 skipped_too_large=8 timed_out=1 panicked=0 failed_to_read=22)
Failed to measure libreoffice sd/source/ui/func/fuzoom.cxx: revspec '12c1b96bdcfaa6699fa0041559120cd687a65143' not found; class=Reference (4); code=NotFound (-3)
[58/137] libreoffice@12c1b96b sd/source/ui/func/fuzoom.cxx (ok=26 skipped_too_large=8 timed_out=1 panicked=0 failed_to_read=23)
Failed to measure libreoffice include/vcl/opengl/OpenGLContext.hxx: revspec '75d1ea1171ca5537a6001d7eb121ef6023a556ad' not found; class=Reference (4); code=NotFound (-3)
[59/137] libreoffice@75d1ea11 include/vcl/opengl/OpenGLContext.hxx (ok=26 skipped_too_large=8 timed_out=1 panicked=0 failed_to_read=24)
[60/137] microsoft-terminal.git@36fb444d src/tsf/Handle.cpp (ok=27 skipped_too_large=8 timed_out=1 panicked=0 failed_to_read=24)
[61/137] microsoft-terminal.git@987fce20 src/buffer/out/ut_textbuffer/UTextAdapterTests.cpp (ok=28 skipped_too_large=8 timed_out=1 panicked=0 failed_to_read=24)
[62/137] microsoft-terminal.git@da0446a7 src/host/outputStream.hpp (ok=29 skipped_too_large=8 timed_out=1 panicked=0 failed_to_read=24)
[63/137] microsoft-terminal.git@da0446a7 src/terminal/adapter/ITerminalApi.hpp (ok=30 skipped_too_large=8 timed_out=1 panicked=0 failed_to_read=24)
[64/137] microsoft-terminal.git@da0446a7 src/terminal/parser/IStateMachineEngine.hpp (ok=31 skipped_too_large=8 timed_out=1 panicked=0 failed_to_read=24)
[65/137] microsoft-terminal.git@e2110e71 src/cascadia/TerminalControl/InteractivityAutomationPeer.cpp (ok=32 skipped_too_large=8 timed_out=1 panicked=0 failed_to_read=24)
Failed to measure mongodb-mongo.git src/mongo/db/exec/runtime_planners/classic_runtime_planner/multi_planner.cpp: revspec 'adfd81463c8d9b520c1004ef8db58eeedd7fd020' not found; class=Reference (4); code=NotFound (-3)
[66/137] mongodb-mongo.git@adfd8146 src/mongo/db/exec/runtime_planners/classic_runtime_planner/multi_planner.cpp (ok=32 skipped_too_large=8 timed_out=1 panicked=0 failed_to_read=25)
Failed to measure mongodb-mongo.git src/mongo/db/query/plan_ranking/cbr_for_no_mp_results.cpp: revspec 'adfd81463c8d9b520c1004ef8db58eeedd7fd020' not found; class=Reference (4); code=NotFound (-3)
[67/137] mongodb-mongo.git@adfd8146 src/mongo/db/query/plan_ranking/cbr_for_no_mp_results.cpp (ok=32 skipped_too_large=8 timed_out=1 panicked=0 failed_to_read=26)
Failed to measure mozilla-firefox-firefox.git dom/media/webrtc/jsapi/RTCDTMFSender.cpp: revspec 'e4e22c6c3f937ce83afeffe40334eed74bfcaffb' not found; class=Reference (4); code=NotFound (-3)
[68/137] mozilla-firefox-firefox.git@e4e22c6c dom/media/webrtc/jsapi/RTCDTMFSender.cpp (ok=32 skipped_too_large=8 timed_out=1 panicked=0 failed_to_read=27)
[69/137] nzbgetcom-nzbget.git@2414f2a3 tests/main.cpp (ok=33 skipped_too_large=8 timed_out=1 panicked=0 failed_to_read=27)
[70/137] nzbgetcom-nzbget.git@2414f2a3 tests/postprocess/ParChecker.cpp (ok=34 skipped_too_large=8 timed_out=1 panicked=0 failed_to_read=27)
[71/137] nzbgetcom-nzbget.git@369800f6 daemon/postprocess/PostUnpackRenamer.cpp (ok=35 skipped_too_large=8 timed_out=1 panicked=0 failed_to_read=27)
[72/137] nzbgetcom-nzbget.git@369800f6 daemon/systemhealth/Validators.cpp (ok=36 skipped_too_large=8 timed_out=1 panicked=0 failed_to_read=27)
[73/137] nzbgetcom-nzbget.git@369800f6 tests/extension/ManifestFile.cpp (ok=37 skipped_too_large=8 timed_out=1 panicked=0 failed_to_read=27)
[74/137] nzbgetcom-nzbget.git@369800f6 tests/feed/FeedFile.cpp (ok=38 skipped_too_large=8 timed_out=1 panicked=0 failed_to_read=27)
[75/137] nzbgetcom-nzbget.git@369800f6 tests/main/Options.cpp (ok=39 skipped_too_large=8 timed_out=1 panicked=0 failed_to_read=27)
[76/137] nzbgetcom-nzbget.git@369800f6 tests/postprocess/DupeMatcher.cpp (ok=40 skipped_too_large=8 timed_out=1 panicked=0 failed_to_read=27)
[77/137] nzbgetcom-nzbget.git@369800f6 tests/systemhealth/Validators.cpp (ok=41 skipped_too_large=8 timed_out=1 panicked=0 failed_to_read=27)
[78/137] nzbgetcom-nzbget.git@3c41b51f daemon/systemhealth/SystemHealthService.cpp (ok=42 skipped_too_large=8 timed_out=1 panicked=0 failed_to_read=27)
[79/137] nzbgetcom-nzbget.git@3c41b51f tests/systemhealth/NewsServerValidatorTest.cpp (ok=43 skipped_too_large=8 timed_out=1 panicked=0 failed_to_read=27)
[80/137] nzbgetcom-nzbget.git@47acf07e daemon/systemhealth/SystemHealthService.cpp (ok=44 skipped_too_large=8 timed_out=1 panicked=0 failed_to_read=27)
[81/137] nzbgetcom-nzbget.git@75b337a1 tests/extension/Extension.cpp (ok=45 skipped_too_large=8 timed_out=1 panicked=0 failed_to_read=27)
[82/137] nzbgetcom-nzbget.git@75b337a1 tests/extension/ExtensionManager.cpp (ok=46 skipped_too_large=8 timed_out=1 panicked=0 failed_to_read=27)
[83/137] nzbgetcom-nzbget.git@75b337a1 tests/extension/ManifestFile.cpp (ok=47 skipped_too_large=8 timed_out=1 panicked=0 failed_to_read=27)
[84/137] nzbgetcom-nzbget.git@75b337a1 tests/feed/FeedFile.cpp (ok=48 skipped_too_large=8 timed_out=1 panicked=0 failed_to_read=27)
[85/137] nzbgetcom-nzbget.git@75b337a1 tests/nntp/Decoder.cpp (ok=49 skipped_too_large=8 timed_out=1 panicked=0 failed_to_read=27)
[86/137] nzbgetcom-nzbget.git@75b337a1 tests/nntp/StatMeter.cpp (ok=50 skipped_too_large=8 timed_out=1 panicked=0 failed_to_read=27)
[87/137] nzbgetcom-nzbget.git@75b337a1 tests/postprocess/ParRenamer.cpp (ok=51 skipped_too_large=8 timed_out=1 panicked=0 failed_to_read=27)
[88/137] nzbgetcom-nzbget.git@75b337a1 tests/postprocess/RarReader.cpp (ok=52 skipped_too_large=8 timed_out=1 panicked=0 failed_to_read=27)
[89/137] nzbgetcom-nzbget.git@75b337a1 tests/system/SystemInfo.cpp (ok=53 skipped_too_large=8 timed_out=1 panicked=0 failed_to_read=27)
[90/137] nzbgetcom-nzbget.git@75b337a1 tests/util/DataAnalytics.cpp (ok=54 skipped_too_large=8 timed_out=1 panicked=0 failed_to_read=27)
[91/137] nzbgetcom-nzbget.git@75b337a1 tests/util/Json.cpp (ok=55 skipped_too_large=8 timed_out=1 panicked=0 failed_to_read=27)
[92/137] nzbgetcom-nzbget.git@75b337a1 tests/util/Unpack.cpp (ok=56 skipped_too_large=8 timed_out=1 panicked=0 failed_to_read=27)
[93/137] nzbgetcom-nzbget.git@75b337a1 tests/util/Utf8.cpp (ok=57 skipped_too_large=8 timed_out=1 panicked=0 failed_to_read=27)
[94/137] nzbgetcom-nzbget.git@817f4485 daemon/util/Unrar.cpp (ok=58 skipped_too_large=8 timed_out=1 panicked=0 failed_to_read=27)
[95/137] opencv-opencv.git@00833f98 modules/video/src/lkpyramid.hpp (ok=59 skipped_too_large=8 timed_out=1 panicked=0 failed_to_read=27)
[96/137] opencv-opencv.git@3470f5b3 modules/core/src/convert_c.cpp (ok=60 skipped_too_large=8 timed_out=1 panicked=0 failed_to_read=27)
[97/137] protocolbuffers-protobuf.git@17b8d376 src/google/protobuf/compiler/cpp/field_chunk_test.cc (ok=61 skipped_too_large=8 timed_out=1 panicked=0 failed_to_read=27)
[98/137] protocolbuffers-protobuf.git@967e8d5d src/google/protobuf/compiler/cpp/field_chunk.cc (ok=62 skipped_too_large=8 timed_out=1 panicked=0 failed_to_read=27)
[99/137] protocolbuffers-protobuf.git@967e8d5d src/google/protobuf/generated_message_bases.cc (ok=63 skipped_too_large=8 timed_out=1 panicked=0 failed_to_read=27)
Failed to measure pytorch-pytorch.git torch/csrc/distributed/c10d/ParamCommsUtils.cpp: revspec '345d703a0060c1e57cbfdea9d8eed70013437d56' not found; class=Reference (4); code=NotFound (-3)
[100/137] pytorch-pytorch.git@345d703a torch/csrc/distributed/c10d/ParamCommsUtils.cpp (ok=63 skipped_too_large=8 timed_out=1 panicked=0 failed_to_read=28)
Failed to measure LadybirdBrowser-ladybird.git Libraries/LibWeb/HTML/Parser/HTMLParser.cpp: revspec '0381c40cb4fc1dbbd2733e71fee5133f344e5334' not found; class=Reference (4); code=NotFound (-3)
[101/137] LadybirdBrowser-ladybird.git@0381c40c Libraries/LibWeb/HTML/Parser/HTMLParser.cpp (ok=63 skipped_too_large=8 timed_out=1 panicked=0 failed_to_read=29)
Failed to measure LadybirdBrowser-ladybird.git Libraries/LibWeb/DOM/Element.cpp: revspec '102c0232acc4e4f79b0385dd1ecbffaec7b68b71' not found; class=Reference (4); code=NotFound (-3)
[102/137] LadybirdBrowser-ladybird.git@102c0232 Libraries/LibWeb/DOM/Element.cpp (ok=63 skipped_too_large=8 timed_out=1 panicked=0 failed_to_read=30)
Failed to measure LadybirdBrowser-ladybird.git Libraries/LibWeb/DOM/Element.cpp: revspec '4cea5d43e6a8c1f8abda94b1c644e1ece3b50dfd' not found; class=Reference (4); code=NotFound (-3)
[103/137] LadybirdBrowser-ladybird.git@4cea5d43 Libraries/LibWeb/DOM/Element.cpp (ok=63 skipped_too_large=8 timed_out=1 panicked=0 failed_to_read=31)
Failed to measure LadybirdBrowser-ladybird.git Libraries/LibWeb/HTML/HTMLElement.cpp: revspec 'b0ecff765feaef941463e982d9b9a8fe998b1263' not found; class=Reference (4); code=NotFound (-3)
[104/137] LadybirdBrowser-ladybird.git@b0ecff76 Libraries/LibWeb/HTML/HTMLElement.cpp (ok=63 skipped_too_large=8 timed_out=1 panicked=0 failed_to_read=32)
Failed to measure LadybirdBrowser-ladybird.git Libraries/LibWeb/DOM/Document.cpp: revspec 'cfd795f907fb2c6d94453236464db53f67ccfdaf' not found; class=Reference (4); code=NotFound (-3)
[105/137] LadybirdBrowser-ladybird.git@cfd795f9 Libraries/LibWeb/DOM/Document.cpp (ok=63 skipped_too_large=8 timed_out=1 panicked=0 failed_to_read=33)
Failed to measure LadybirdBrowser-ladybird.git Libraries/LibWeb/HTML/HTMLElement.cpp: revspec 'cfd795f907fb2c6d94453236464db53f67ccfdaf' not found; class=Reference (4); code=NotFound (-3)
[106/137] LadybirdBrowser-ladybird.git@cfd795f9 Libraries/LibWeb/HTML/HTMLElement.cpp (ok=63 skipped_too_large=8 timed_out=1 panicked=0 failed_to_read=34)
Failed to measure LadybirdBrowser-ladybird.git Meta/Lagom/Tools/CodeGenerators/LibWeb/BindingsGenerator/IDLGenerators.cpp: revspec 'cfd795f907fb2c6d94453236464db53f67ccfdaf' not found; class=Reference (4); code=NotFound (-3)
[107/137] LadybirdBrowser-ladybird.git@cfd795f9 Meta/Lagom/Tools/CodeGenerators/LibWeb/BindingsGenerator/IDLGenerators.cpp (ok=63 skipped_too_large=8 timed_out=1 panicked=0 failed_to_read=35)
Failed to measure LadybirdBrowser-ladybird.git Libraries/LibWeb/DOM/Element.cpp: revspec 'df32da5e86b5552cc00584b5f678b260af37d199' not found; class=Reference (4); code=NotFound (-3)
[108/137] LadybirdBrowser-ladybird.git@df32da5e Libraries/LibWeb/DOM/Element.cpp (ok=63 skipped_too_large=8 timed_out=1 panicked=0 failed_to_read=36)
Failed to measure LadybirdBrowser-ladybird.git Libraries/LibWeb/HTML/HTMLElement.cpp: revspec 'df32da5e86b5552cc00584b5f678b260af37d199' not found; class=Reference (4); code=NotFound (-3)
[109/137] LadybirdBrowser-ladybird.git@df32da5e Libraries/LibWeb/HTML/HTMLElement.cpp (ok=63 skipped_too_large=8 timed_out=1 panicked=0 failed_to_read=37)
Failed to measure LadybirdBrowser-ladybird.git Services/WebContent/WebDriverConnection.cpp: revspec 'df32da5e86b5552cc00584b5f678b260af37d199' not found; class=Reference (4); code=NotFound (-3)
[110/137] LadybirdBrowser-ladybird.git@df32da5e Services/WebContent/WebDriverConnection.cpp (ok=63 skipped_too_large=8 timed_out=1 panicked=0 failed_to_read=38)
Failed to measure libreoffice sw/source/filter/html/htmltab.cxx: revspec '1bc864c291cf8eefc596b2f5ba70d6fb5ffc7d61' not found; class=Reference (4); code=NotFound (-3)
[111/137] libreoffice@1bc864c2 sw/source/filter/html/htmltab.cxx (ok=63 skipped_too_large=8 timed_out=1 panicked=0 failed_to_read=39)
Failed to measure libreoffice sw/source/filter/html/swhtml.cxx: revspec '1bc864c291cf8eefc596b2f5ba70d6fb5ffc7d61' not found; class=Reference (4); code=NotFound (-3)
[112/137] libreoffice@1bc864c2 sw/source/filter/html/swhtml.cxx (ok=63 skipped_too_large=8 timed_out=1 panicked=0 failed_to_read=40)
Failed to measure libreoffice vcl/unx/generic/window/salframe.cxx: revspec '75d1ea1171ca5537a6001d7eb121ef6023a556ad' not found; class=Reference (4); code=NotFound (-3)
[113/137] libreoffice@75d1ea11 vcl/unx/generic/window/salframe.cxx (ok=63 skipped_too_large=8 timed_out=1 panicked=0 failed_to_read=41)
Failed to measure libreoffice sc/source/ui/view/cellsh1.cxx: revspec 'f700b442fdac1c8ce844a98e3918b2f76f30fa39' not found; class=Reference (4); code=NotFound (-3)
[114/137] libreoffice@f700b442 sc/source/ui/view/cellsh1.cxx (ok=63 skipped_too_large=8 timed_out=1 panicked=0 failed_to_read=42)
[115/137] microsoft-terminal.git@040c730a src/buffer/out/textBuffer.cpp (ok=63 skipped_too_large=9 timed_out=1 panicked=0 failed_to_read=42)
[116/137] microsoft-terminal.git@040c730a src/host/ut_host/TextBufferTests.cpp (ok=63 skipped_too_large=10 timed_out=1 panicked=0 failed_to_read=42)
[117/137] microsoft-terminal.git@0f5d883c src/terminal/adapter/adaptDispatch.cpp (ok=63 skipped_too_large=11 timed_out=1 panicked=0 failed_to_read=42)
[118/137] microsoft-terminal.git@0f5d883c src/terminal/adapter/ut_adapter/adapterTest.cpp (ok=63 skipped_too_large=12 timed_out=1 panicked=0 failed_to_read=42)
[119/137] microsoft-terminal.git@14ee19fc src/cascadia/TerminalControl/TermControl.cpp (ok=63 skipped_too_large=13 timed_out=1 panicked=0 failed_to_read=42)
[120/137] microsoft-terminal.git@2e33056f src/cascadia/TerminalControl/ControlCore.cpp (ok=63 skipped_too_large=14 timed_out=1 panicked=0 failed_to_read=42)
[121/137] microsoft-terminal.git@da0446a7 src/terminal/adapter/adaptDispatch.cpp (ok=63 skipped_too_large=15 timed_out=1 panicked=0 failed_to_read=42)
[122/137] microsoft-terminal.git@da0446a7 src/terminal/adapter/ut_adapter/adapterTest.cpp (ok=63 skipped_too_large=16 timed_out=1 panicked=0 failed_to_read=42)
[123/137] microsoft-terminal.git@e2d51636 src/cascadia/TerminalControl/TermControl.cpp (ok=63 skipped_too_large=17 timed_out=1 panicked=0 failed_to_read=42)
[124/137] microsoft-terminal.git@f8b4e19e src/buffer/out/textBuffer.cpp (ok=63 skipped_too_large=18 timed_out=1 panicked=0 failed_to_read=42)
Failed to measure mongodb-mongo.git src/mongo/db/service_entry_point_shard_role.cpp: revspec '1df439858667d54670d9b0cc05358c57d4738019' not found; class=Reference (4); code=NotFound (-3)
[125/137] mongodb-mongo.git@1df43985 src/mongo/db/service_entry_point_shard_role.cpp (ok=63 skipped_too_large=18 timed_out=1 panicked=0 failed_to_read=43)
Failed to measure mongodb-mongo.git src/mongo/util/net/ssl_manager_openssl.cpp: revspec '26e9f9d1cf460dacf99deafbc5e7a7da66b3d7bb' not found; class=Reference (4); code=NotFound (-3)
[126/137] mongodb-mongo.git@26e9f9d1 src/mongo/util/net/ssl_manager_openssl.cpp (ok=63 skipped_too_large=18 timed_out=1 panicked=0 failed_to_read=44)
Failed to measure mongodb-mongo.git src/mongo/db/query/planner_access.cpp: revspec 'd976472f4ec7a03a1d5f6c6ac3ba3689f6f12a0b' not found; class=Reference (4); code=NotFound (-3)
[127/137] mongodb-mongo.git@d976472f src/mongo/db/query/planner_access.cpp (ok=63 skipped_too_large=18 timed_out=1 panicked=0 failed_to_read=45)
Failed to measure mongodb-mongo.git src/mongo/db/query/query_planner.cpp: revspec 'd976472f4ec7a03a1d5f6c6ac3ba3689f6f12a0b' not found; class=Reference (4); code=NotFound (-3)
[128/137] mongodb-mongo.git@d976472f src/mongo/db/query/query_planner.cpp (ok=63 skipped_too_large=18 timed_out=1 panicked=0 failed_to_read=46)
Failed to measure mongodb-mongo.git src/mongo/db/query/query_planner_index_test.cpp: revspec 'd976472f4ec7a03a1d5f6c6ac3ba3689f6f12a0b' not found; class=Reference (4); code=NotFound (-3)
[129/137] mongodb-mongo.git@d976472f src/mongo/db/query/query_planner_index_test.cpp (ok=63 skipped_too_large=18 timed_out=1 panicked=0 failed_to_read=47)
Failed to measure mozilla-firefox-firefox.git js/src/vm/TypedArrayObject.cpp: revspec '3712a0336bb20b1cd947e501134c8e15a119681c' not found; class=Reference (4); code=NotFound (-3)
[130/137] mozilla-firefox-firefox.git@3712a033 js/src/vm/TypedArrayObject.cpp (ok=63 skipped_too_large=18 timed_out=1 panicked=0 failed_to_read=48)
Failed to measure mozilla-firefox-firefox.git extensions/permissions/PermissionManager.cpp: revspec '5c443576c2056ebf1f90efe87cb951f6529db0e8' not found; class=Reference (4); code=NotFound (-3)
[131/137] mozilla-firefox-firefox.git@5c443576 extensions/permissions/PermissionManager.cpp (ok=63 skipped_too_large=18 timed_out=1 panicked=0 failed_to_read=49)
[132/137] nzbgetcom-nzbget.git@3c41b51f daemon/remote/XmlRpc.cpp (ok=63 skipped_too_large=19 timed_out=1 panicked=0 failed_to_read=49)
[133/137] protocolbuffers-protobuf.git@5a56dee4 src/google/protobuf/descriptor.cc (ok=63 skipped_too_large=20 timed_out=1 panicked=0 failed_to_read=49)
[134/137] protocolbuffers-protobuf.git@5a56dee4 src/google/protobuf/descriptor_unittest.cc (ok=63 skipped_too_large=21 timed_out=1 panicked=0 failed_to_read=49)
[135/137] protocolbuffers-protobuf.git@967e8d5d src/google/protobuf/compiler/cpp/message.cc (ok=63 skipped_too_large=22 timed_out=1 panicked=0 failed_to_read=49)
Failed to measure pytorch-pytorch.git torch/csrc/autograd/python_variable.cpp: revspec 'cc3d60086a90fe499ec54898abd9a135374511e7' not found; class=Reference (4); code=NotFound (-3)
[136/137] pytorch-pytorch.git@cc3d6008 torch/csrc/autograd/python_variable.cpp (ok=63 skipped_too_large=22 timed_out=1 panicked=0 failed_to_read=50)
[137/137] swiftlang-swift.git@7757cf62 lib/SILOptimizer/Mandatory/DefiniteInitialization.cpp (ok=63 skipped_too_large=23 timed_out=1 panicked=0 failed_to_read=50)
Measured 137 pairs into "/home/marko/src/codediff/research/results/benchmark_cpp.csv": ok=63 skipped_too_large=23 timed_out=1 panicked=0 failed_to_read=50
