Loaded 137 sampled pairs
[1/137] LadybirdBrowser-ladybird.git@4daa2b33 Libraries/LibWeb/HTML/ElementInternals.cpp (ok=1 skipped_too_large=0 timed_out=0 panicked=0 failed_to_read=0)
[2/137] LadybirdBrowser-ladybird.git@9af3e348 Libraries/LibWeb/HTML/HTMLFormElement.cpp (ok=2 skipped_too_large=0 timed_out=0 panicked=0 failed_to_read=0)
[3/137] LadybirdBrowser-ladybird.git@ad653da6 Libraries/LibWeb/HTML/ElementInternals.cpp (ok=3 skipped_too_large=0 timed_out=0 panicked=0 failed_to_read=0)
[4/137] LadybirdBrowser-ladybird.git@cfd795f9 Services/WebWorker/WorkerHost.cpp (ok=4 skipped_too_large=0 timed_out=0 panicked=0 failed_to_read=0)
[5/137] LadybirdBrowser-ladybird.git@df32da5e Libraries/LibWeb/HTML/FormAssociatedElement.cpp (ok=5 skipped_too_large=0 timed_out=0 panicked=0 failed_to_read=0)
[6/137] LadybirdBrowser-ladybird.git@df32da5e Libraries/LibWeb/Painting/PaintableWithLines.cpp (ok=6 skipped_too_large=0 timed_out=0 panicked=0 failed_to_read=0)
[7/137] LadybirdBrowser-ladybird.git@edbe8b5d Libraries/LibWeb/HTML/ElementInternals.cpp (ok=7 skipped_too_large=0 timed_out=0 panicked=0 failed_to_read=0)
[8/137] libreoffice@5804aa11 sd/source/ui/dlg/animobjs.cxx (ok=8 skipped_too_large=0 timed_out=0 panicked=0 failed_to_read=0)
[9/137] libreoffice@6808e0e7 sd/source/core/drawdoc2.cxx (ok=8 skipped_too_large=1 timed_out=0 panicked=0 failed_to_read=0)
[10/137] libreoffice@75d1ea11 vcl/source/opengl/OpenGLContext.cxx (ok=9 skipped_too_large=1 timed_out=0 panicked=0 failed_to_read=0)
[11/137] libreoffice@f700b442 sc/source/ui/view/cellsh.cxx (ok=9 skipped_too_large=2 timed_out=0 panicked=0 failed_to_read=0)
[12/137] microsoft-terminal.git@040c730a src/types/UiaTextRangeBase.cpp (ok=9 skipped_too_large=3 timed_out=0 panicked=0 failed_to_read=0)
[13/137] microsoft-terminal.git@0e195704 src/host/srvinit.cpp (ok=10 skipped_too_large=3 timed_out=0 panicked=0 failed_to_read=0)
[14/137] microsoft-terminal.git@0f5d883c src/host/outputStream.cpp (ok=11 skipped_too_large=3 timed_out=0 panicked=0 failed_to_read=0)
[15/137] microsoft-terminal.git@0f5d883c src/terminal/input/terminalInput.cpp (ok=11 skipped_too_large=4 timed_out=0 panicked=0 failed_to_read=0)
[16/137] microsoft-terminal.git@6d7fac99 src/cascadia/TerminalSettingsModel/CascadiaSettings.cpp (ok=12 skipped_too_large=4 timed_out=0 panicked=0 failed_to_read=0)
[17/137] microsoft-terminal.git@c562dad1 src/cascadia/TerminalSettingsEditor/MainPage.cpp (ok=12 skipped_too_large=5 timed_out=0 panicked=0 failed_to_read=0)
[18/137] microsoft-terminal.git@da0446a7 src/host/outputStream.cpp (ok=13 skipped_too_large=5 timed_out=0 panicked=0 failed_to_read=0)
[19/137] microsoft-terminal.git@da0446a7 src/terminal/adapter/ITermDispatch.hpp (ok=13 skipped_too_large=5 timed_out=1 panicked=0 failed_to_read=0)
[20/137] microsoft-terminal.git@da0446a7 src/terminal/adapter/termDispatch.hpp (ok=14 skipped_too_large=5 timed_out=1 panicked=0 failed_to_read=0)
[21/137] microsoft-terminal.git@e6ea8ace src/interactivity/onecore/ConIoSrvComm.cpp (ok=15 skipped_too_large=5 timed_out=1 panicked=0 failed_to_read=0)
[22/137] mongodb-mongo.git@1df43985 src/mongo/db/read_write_concern_defaults.cpp (ok=16 skipped_too_large=5 timed_out=1 panicked=0 failed_to_read=0)
[23/137] mongodb-mongo.git@1df43985 src/mongo/transport/service_entry_point_test_fixture.cpp (ok=17 skipped_too_large=5 timed_out=1 panicked=0 failed_to_read=0)
[24/137] mongodb-mongo.git@2472acd6 src/mongo/db/s/balancer/auto_merger_policy.cpp (ok=18 skipped_too_large=5 timed_out=1 panicked=0 failed_to_read=0)
[25/137] mongodb-mongo.git@8f79bc27 src/mongo/db/index_builds/repl_index_build_state.cpp (ok=19 skipped_too_large=5 timed_out=1 panicked=0 failed_to_read=0)
[26/137] mongodb-mongo.git@ac74c8ae src/mongo/db/global_catalog/ddl/drop_collection_coordinator.cpp (ok=20 skipped_too_large=5 timed_out=1 panicked=0 failed_to_read=0)
[27/137] mongodb-mongo.git@c3c6fa90 src/mongo/db/shard_role/shard_catalog/collection_impl.cpp (ok=20 skipped_too_large=6 timed_out=1 panicked=0 failed_to_read=0)
[28/137] mongodb-mongo.git@d976472f src/mongo/db/query/query_planner_operator_test.cpp (ok=20 skipped_too_large=7 timed_out=1 panicked=0 failed_to_read=0)
[29/137] mozilla-firefox-firefox.git@9f53800a gfx/ots/src/cff.cc (ok=20 skipped_too_large=8 timed_out=1 panicked=0 failed_to_read=0)
[30/137] nzbgetcom-nzbget.git@01cfd0b0 daemon/systemhealth/PathsValidator.cpp (ok=21 skipped_too_large=8 timed_out=1 panicked=0 failed_to_read=0)
[31/137] nzbgetcom-nzbget.git@063e1cd8 daemon/queue/UrlCoordinator.cpp (ok=22 skipped_too_large=8 timed_out=1 panicked=0 failed_to_read=0)
[32/137] nzbgetcom-nzbget.git@369800f6 daemon/extension/ExtensionManager.cpp (ok=23 skipped_too_large=8 timed_out=1 panicked=0 failed_to_read=0)
[33/137] nzbgetcom-nzbget.git@369800f6 daemon/util/FileSystem.cpp (ok=24 skipped_too_large=8 timed_out=1 panicked=0 failed_to_read=0)
[34/137] nzbgetcom-nzbget.git@3c41b51f daemon/main/Options.cpp (ok=24 skipped_too_large=9 timed_out=1 panicked=0 failed_to_read=0)
[35/137] nzbgetcom-nzbget.git@47acf07e daemon/main/nzbget.cpp (ok=25 skipped_too_large=9 timed_out=1 panicked=0 failed_to_read=0)
[36/137] nzbgetcom-nzbget.git@75b337a1 tests/feed/NzbInfoCreator.cpp (ok=26 skipped_too_large=9 timed_out=1 panicked=0 failed_to_read=0)
[37/137] nzbgetcom-nzbget.git@75b337a1 tests/util/Util.cpp (ok=27 skipped_too_large=9 timed_out=1 panicked=0 failed_to_read=0)
[38/137] nzbgetcom-nzbget.git@817f4485 daemon/queue/Scanner.cpp (ok=28 skipped_too_large=9 timed_out=1 panicked=0 failed_to_read=0)
[39/137] nzbgetcom-nzbget.git@ae7a1dc6 daemon/queue/Scanner.cpp (ok=29 skipped_too_large=9 timed_out=1 panicked=0 failed_to_read=0)
[40/137] nzbgetcom-nzbget.git@cc3be448 daemon/postprocess/ParChecker.cpp (ok=29 skipped_too_large=10 timed_out=1 panicked=0 failed_to_read=0)
[41/137] opencv-opencv.git@00833f98 modules/video/src/lkpyramid.cpp (ok=29 skipped_too_large=11 timed_out=1 panicked=0 failed_to_read=0)
[42/137] opencv-opencv.git@18c7c9bc modules/core/src/matrix_transform.cpp (ok=29 skipped_too_large=12 timed_out=1 panicked=0 failed_to_read=0)
[43/137] protocolbuffers-protobuf.git@002f830c src/google/protobuf/compiler/rust/message.cc (ok=30 skipped_too_large=12 timed_out=1 panicked=0 failed_to_read=0)
[44/137] protocolbuffers-protobuf.git@967e8d5d src/google/protobuf/compiler/cpp/extension.cc (ok=31 skipped_too_large=12 timed_out=1 panicked=0 failed_to_read=0)
[45/137] protocolbuffers-protobuf.git@967e8d5d src/google/protobuf/compiler/cpp/field.cc (ok=32 skipped_too_large=12 timed_out=1 panicked=0 failed_to_read=0)
[46/137] protocolbuffers-protobuf.git@967e8d5d src/google/protobuf/compiler/cpp/field_generators/map_field.cc (ok=33 skipped_too_large=12 timed_out=1 panicked=0 failed_to_read=0)
[47/137] protocolbuffers-protobuf.git@967e8d5d src/google/protobuf/compiler/cpp/field_generators/message_field.cc (ok=34 skipped_too_large=12 timed_out=1 panicked=0 failed_to_read=0)
[48/137] protocolbuffers-protobuf.git@c7e66c1e src/google/protobuf/parse_context.cc (ok=35 skipped_too_large=12 timed_out=1 panicked=0 failed_to_read=0)
[49/137] protocolbuffers-protobuf.git@e5bc8802 src/google/protobuf/json/internal/unparser.cc (ok=36 skipped_too_large=12 timed_out=1 panicked=0 failed_to_read=0)
[50/137] protocolbuffers-protobuf.git@ff1eab06 src/google/protobuf/repeated_field_proxy_test.cc (ok=36 skipped_too_large=13 timed_out=1 panicked=0 failed_to_read=0)
[51/137] LadybirdBrowser-ladybird.git@cfd795f9 Libraries/LibWeb/HTML/HTMLOptionsCollection.cpp (ok=37 skipped_too_large=13 timed_out=1 panicked=0 failed_to_read=0)
[52/137] LadybirdBrowser-ladybird.git@cfd795f9 Libraries/LibWeb/HTML/MessageEvent.cpp (ok=38 skipped_too_large=13 timed_out=1 panicked=0 failed_to_read=0)
[53/137] LadybirdBrowser-ladybird.git@cfd795f9 Libraries/LibWeb/HTML/NavigatorBeacon.cpp (ok=39 skipped_too_large=13 timed_out=1 panicked=0 failed_to_read=0)
[54/137] electron-electron.git@6df6ec5f shell/browser/extensions/electron_extension_system.cc (ok=40 skipped_too_large=13 timed_out=1 panicked=0 failed_to_read=0)
[55/137] electron-electron.git@7f21d314 shell/browser/ui/file_dialog_win.cc (ok=41 skipped_too_large=13 timed_out=1 panicked=0 failed_to_read=0)
[56/137] electron-electron.git@7f21d314 shell/common/electron_paths.cc (ok=42 skipped_too_large=13 timed_out=1 panicked=0 failed_to_read=0)
[57/137] electron-electron.git@dee8f5a0 shell/browser/api/electron_api_native_theme.cc (ok=43 skipped_too_large=13 timed_out=1 panicked=0 failed_to_read=0)
[58/137] libreoffice@12c1b96b sd/source/ui/func/fuzoom.cxx (ok=44 skipped_too_large=13 timed_out=1 panicked=0 failed_to_read=0)
[59/137] libreoffice@75d1ea11 include/vcl/opengl/OpenGLContext.hxx (ok=45 skipped_too_large=13 timed_out=1 panicked=0 failed_to_read=0)
[60/137] microsoft-terminal.git@36fb444d src/tsf/Handle.cpp (ok=46 skipped_too_large=13 timed_out=1 panicked=0 failed_to_read=0)
[61/137] microsoft-terminal.git@987fce20 src/buffer/out/ut_textbuffer/UTextAdapterTests.cpp (ok=47 skipped_too_large=13 timed_out=1 panicked=0 failed_to_read=0)
[62/137] microsoft-terminal.git@da0446a7 src/host/outputStream.hpp (ok=48 skipped_too_large=13 timed_out=1 panicked=0 failed_to_read=0)
[63/137] microsoft-terminal.git@da0446a7 src/terminal/adapter/ITerminalApi.hpp (ok=49 skipped_too_large=13 timed_out=1 panicked=0 failed_to_read=0)
[64/137] microsoft-terminal.git@da0446a7 src/terminal/parser/IStateMachineEngine.hpp (ok=50 skipped_too_large=13 timed_out=1 panicked=0 failed_to_read=0)
[65/137] microsoft-terminal.git@e2110e71 src/cascadia/TerminalControl/InteractivityAutomationPeer.cpp (ok=51 skipped_too_large=13 timed_out=1 panicked=0 failed_to_read=0)
[66/137] mongodb-mongo.git@adfd8146 src/mongo/db/exec/runtime_planners/classic_runtime_planner/multi_planner.cpp (ok=52 skipped_too_large=13 timed_out=1 panicked=0 failed_to_read=0)
[67/137] mongodb-mongo.git@adfd8146 src/mongo/db/query/plan_ranking/cbr_for_no_mp_results.cpp (ok=53 skipped_too_large=13 timed_out=1 panicked=0 failed_to_read=0)
[68/137] mozilla-firefox-firefox.git@e4e22c6c dom/media/webrtc/jsapi/RTCDTMFSender.cpp (ok=54 skipped_too_large=13 timed_out=1 panicked=0 failed_to_read=0)
[69/137] nzbgetcom-nzbget.git@2414f2a3 tests/main.cpp (ok=55 skipped_too_large=13 timed_out=1 panicked=0 failed_to_read=0)
[70/137] nzbgetcom-nzbget.git@2414f2a3 tests/postprocess/ParChecker.cpp (ok=56 skipped_too_large=13 timed_out=1 panicked=0 failed_to_read=0)
[71/137] nzbgetcom-nzbget.git@369800f6 daemon/postprocess/PostUnpackRenamer.cpp (ok=57 skipped_too_large=13 timed_out=1 panicked=0 failed_to_read=0)
[72/137] nzbgetcom-nzbget.git@369800f6 daemon/systemhealth/Validators.cpp (ok=58 skipped_too_large=13 timed_out=1 panicked=0 failed_to_read=0)
[73/137] nzbgetcom-nzbget.git@369800f6 tests/extension/ManifestFile.cpp (ok=59 skipped_too_large=13 timed_out=1 panicked=0 failed_to_read=0)
[74/137] nzbgetcom-nzbget.git@369800f6 tests/feed/FeedFile.cpp (ok=60 skipped_too_large=13 timed_out=1 panicked=0 failed_to_read=0)
[75/137] nzbgetcom-nzbget.git@369800f6 tests/main/Options.cpp (ok=61 skipped_too_large=13 timed_out=1 panicked=0 failed_to_read=0)
[76/137] nzbgetcom-nzbget.git@369800f6 tests/postprocess/DupeMatcher.cpp (ok=62 skipped_too_large=13 timed_out=1 panicked=0 failed_to_read=0)
[77/137] nzbgetcom-nzbget.git@369800f6 tests/systemhealth/Validators.cpp (ok=63 skipped_too_large=13 timed_out=1 panicked=0 failed_to_read=0)
[78/137] nzbgetcom-nzbget.git@3c41b51f daemon/systemhealth/SystemHealthService.cpp (ok=64 skipped_too_large=13 timed_out=1 panicked=0 failed_to_read=0)
[79/137] nzbgetcom-nzbget.git@3c41b51f tests/systemhealth/NewsServerValidatorTest.cpp (ok=65 skipped_too_large=13 timed_out=1 panicked=0 failed_to_read=0)
[80/137] nzbgetcom-nzbget.git@47acf07e daemon/systemhealth/SystemHealthService.cpp (ok=66 skipped_too_large=13 timed_out=1 panicked=0 failed_to_read=0)
[81/137] nzbgetcom-nzbget.git@75b337a1 tests/extension/Extension.cpp (ok=67 skipped_too_large=13 timed_out=1 panicked=0 failed_to_read=0)
[82/137] nzbgetcom-nzbget.git@75b337a1 tests/extension/ExtensionManager.cpp (ok=68 skipped_too_large=13 timed_out=1 panicked=0 failed_to_read=0)
[83/137] nzbgetcom-nzbget.git@75b337a1 tests/extension/ManifestFile.cpp (ok=69 skipped_too_large=13 timed_out=1 panicked=0 failed_to_read=0)
[84/137] nzbgetcom-nzbget.git@75b337a1 tests/feed/FeedFile.cpp (ok=70 skipped_too_large=13 timed_out=1 panicked=0 failed_to_read=0)
[85/137] nzbgetcom-nzbget.git@75b337a1 tests/nntp/Decoder.cpp (ok=71 skipped_too_large=13 timed_out=1 panicked=0 failed_to_read=0)
[86/137] nzbgetcom-nzbget.git@75b337a1 tests/nntp/StatMeter.cpp (ok=72 skipped_too_large=13 timed_out=1 panicked=0 failed_to_read=0)
[87/137] nzbgetcom-nzbget.git@75b337a1 tests/postprocess/ParRenamer.cpp (ok=73 skipped_too_large=13 timed_out=1 panicked=0 failed_to_read=0)
[88/137] nzbgetcom-nzbget.git@75b337a1 tests/postprocess/RarReader.cpp (ok=74 skipped_too_large=13 timed_out=1 panicked=0 failed_to_read=0)
[89/137] nzbgetcom-nzbget.git@75b337a1 tests/system/SystemInfo.cpp (ok=75 skipped_too_large=13 timed_out=1 panicked=0 failed_to_read=0)
[90/137] nzbgetcom-nzbget.git@75b337a1 tests/util/DataAnalytics.cpp (ok=76 skipped_too_large=13 timed_out=1 panicked=0 failed_to_read=0)
[91/137] nzbgetcom-nzbget.git@75b337a1 tests/util/Json.cpp (ok=77 skipped_too_large=13 timed_out=1 panicked=0 failed_to_read=0)
[92/137] nzbgetcom-nzbget.git@75b337a1 tests/util/Unpack.cpp (ok=78 skipped_too_large=13 timed_out=1 panicked=0 failed_to_read=0)
[93/137] nzbgetcom-nzbget.git@75b337a1 tests/util/Utf8.cpp (ok=79 skipped_too_large=13 timed_out=1 panicked=0 failed_to_read=0)
[94/137] nzbgetcom-nzbget.git@817f4485 daemon/util/Unrar.cpp (ok=80 skipped_too_large=13 timed_out=1 panicked=0 failed_to_read=0)
[95/137] opencv-opencv.git@00833f98 modules/video/src/lkpyramid.hpp (ok=81 skipped_too_large=13 timed_out=1 panicked=0 failed_to_read=0)
[96/137] opencv-opencv.git@3470f5b3 modules/core/src/convert_c.cpp (ok=82 skipped_too_large=13 timed_out=1 panicked=0 failed_to_read=0)
[97/137] protocolbuffers-protobuf.git@17b8d376 src/google/protobuf/compiler/cpp/field_chunk_test.cc (ok=83 skipped_too_large=13 timed_out=1 panicked=0 failed_to_read=0)
[98/137] protocolbuffers-protobuf.git@967e8d5d src/google/protobuf/compiler/cpp/field_chunk.cc (ok=84 skipped_too_large=13 timed_out=1 panicked=0 failed_to_read=0)
[99/137] protocolbuffers-protobuf.git@967e8d5d src/google/protobuf/generated_message_bases.cc (ok=85 skipped_too_large=13 timed_out=1 panicked=0 failed_to_read=0)
[100/137] pytorch-pytorch.git@345d703a torch/csrc/distributed/c10d/ParamCommsUtils.cpp (ok=86 skipped_too_large=13 timed_out=1 panicked=0 failed_to_read=0)
[101/137] LadybirdBrowser-ladybird.git@0381c40c Libraries/LibWeb/HTML/Parser/HTMLParser.cpp (ok=86 skipped_too_large=14 timed_out=1 panicked=0 failed_to_read=0)
[102/137] LadybirdBrowser-ladybird.git@102c0232 Libraries/LibWeb/DOM/Element.cpp (ok=86 skipped_too_large=15 timed_out=1 panicked=0 failed_to_read=0)
[103/137] LadybirdBrowser-ladybird.git@4cea5d43 Libraries/LibWeb/DOM/Element.cpp (ok=86 skipped_too_large=16 timed_out=1 panicked=0 failed_to_read=0)
[104/137] LadybirdBrowser-ladybird.git@b0ecff76 Libraries/LibWeb/HTML/HTMLElement.cpp (ok=86 skipped_too_large=17 timed_out=1 panicked=0 failed_to_read=0)
[105/137] LadybirdBrowser-ladybird.git@cfd795f9 Libraries/LibWeb/DOM/Document.cpp (ok=86 skipped_too_large=18 timed_out=1 panicked=0 failed_to_read=0)
[106/137] LadybirdBrowser-ladybird.git@cfd795f9 Libraries/LibWeb/HTML/HTMLElement.cpp (ok=86 skipped_too_large=19 timed_out=1 panicked=0 failed_to_read=0)
[107/137] LadybirdBrowser-ladybird.git@cfd795f9 Meta/Lagom/Tools/CodeGenerators/LibWeb/BindingsGenerator/IDLGenerators.cpp (ok=86 skipped_too_large=20 timed_out=1 panicked=0 failed_to_read=0)
[108/137] LadybirdBrowser-ladybird.git@df32da5e Libraries/LibWeb/DOM/Element.cpp (ok=86 skipped_too_large=21 timed_out=1 panicked=0 failed_to_read=0)
[109/137] LadybirdBrowser-ladybird.git@df32da5e Libraries/LibWeb/HTML/HTMLElement.cpp (ok=86 skipped_too_large=22 timed_out=1 panicked=0 failed_to_read=0)
[110/137] LadybirdBrowser-ladybird.git@df32da5e Services/WebContent/WebDriverConnection.cpp (ok=86 skipped_too_large=23 timed_out=1 panicked=0 failed_to_read=0)
[111/137] libreoffice@1bc864c2 sw/source/filter/html/htmltab.cxx (ok=86 skipped_too_large=24 timed_out=1 panicked=0 failed_to_read=0)
[112/137] libreoffice@1bc864c2 sw/source/filter/html/swhtml.cxx (ok=86 skipped_too_large=25 timed_out=1 panicked=0 failed_to_read=0)
[113/137] libreoffice@75d1ea11 vcl/unx/generic/window/salframe.cxx (ok=86 skipped_too_large=26 timed_out=1 panicked=0 failed_to_read=0)
[114/137] libreoffice@f700b442 sc/source/ui/view/cellsh1.cxx (ok=86 skipped_too_large=27 timed_out=1 panicked=0 failed_to_read=0)
[115/137] microsoft-terminal.git@040c730a src/buffer/out/textBuffer.cpp (ok=86 skipped_too_large=28 timed_out=1 panicked=0 failed_to_read=0)
[116/137] microsoft-terminal.git@040c730a src/host/ut_host/TextBufferTests.cpp (ok=86 skipped_too_large=29 timed_out=1 panicked=0 failed_to_read=0)
[117/137] microsoft-terminal.git@0f5d883c src/terminal/adapter/adaptDispatch.cpp (ok=86 skipped_too_large=30 timed_out=1 panicked=0 failed_to_read=0)
[118/137] microsoft-terminal.git@0f5d883c src/terminal/adapter/ut_adapter/adapterTest.cpp (ok=86 skipped_too_large=31 timed_out=1 panicked=0 failed_to_read=0)
[119/137] microsoft-terminal.git@14ee19fc src/cascadia/TerminalControl/TermControl.cpp (ok=86 skipped_too_large=32 timed_out=1 panicked=0 failed_to_read=0)
[120/137] microsoft-terminal.git@2e33056f src/cascadia/TerminalControl/ControlCore.cpp (ok=86 skipped_too_large=33 timed_out=1 panicked=0 failed_to_read=0)
[121/137] microsoft-terminal.git@da0446a7 src/terminal/adapter/adaptDispatch.cpp (ok=86 skipped_too_large=34 timed_out=1 panicked=0 failed_to_read=0)
[122/137] microsoft-terminal.git@da0446a7 src/terminal/adapter/ut_adapter/adapterTest.cpp (ok=86 skipped_too_large=35 timed_out=1 panicked=0 failed_to_read=0)
[123/137] microsoft-terminal.git@e2d51636 src/cascadia/TerminalControl/TermControl.cpp (ok=86 skipped_too_large=36 timed_out=1 panicked=0 failed_to_read=0)
[124/137] microsoft-terminal.git@f8b4e19e src/buffer/out/textBuffer.cpp (ok=86 skipped_too_large=37 timed_out=1 panicked=0 failed_to_read=0)
[125/137] mongodb-mongo.git@1df43985 src/mongo/db/service_entry_point_shard_role.cpp (ok=86 skipped_too_large=38 timed_out=1 panicked=0 failed_to_read=0)
[126/137] mongodb-mongo.git@26e9f9d1 src/mongo/util/net/ssl_manager_openssl.cpp (ok=86 skipped_too_large=39 timed_out=1 panicked=0 failed_to_read=0)
[127/137] mongodb-mongo.git@d976472f src/mongo/db/query/planner_access.cpp (ok=86 skipped_too_large=40 timed_out=1 panicked=0 failed_to_read=0)
[128/137] mongodb-mongo.git@d976472f src/mongo/db/query/query_planner.cpp (ok=86 skipped_too_large=41 timed_out=1 panicked=0 failed_to_read=0)
[129/137] mongodb-mongo.git@d976472f src/mongo/db/query/query_planner_index_test.cpp (ok=86 skipped_too_large=42 timed_out=1 panicked=0 failed_to_read=0)
[130/137] mozilla-firefox-firefox.git@3712a033 js/src/vm/TypedArrayObject.cpp (ok=86 skipped_too_large=43 timed_out=1 panicked=0 failed_to_read=0)
[131/137] mozilla-firefox-firefox.git@5c443576 extensions/permissions/PermissionManager.cpp (ok=86 skipped_too_large=44 timed_out=1 panicked=0 failed_to_read=0)
[132/137] nzbgetcom-nzbget.git@3c41b51f daemon/remote/XmlRpc.cpp (ok=86 skipped_too_large=45 timed_out=1 panicked=0 failed_to_read=0)
[133/137] protocolbuffers-protobuf.git@5a56dee4 src/google/protobuf/descriptor.cc (ok=86 skipped_too_large=46 timed_out=1 panicked=0 failed_to_read=0)
[134/137] protocolbuffers-protobuf.git@5a56dee4 src/google/protobuf/descriptor_unittest.cc (ok=86 skipped_too_large=47 timed_out=1 panicked=0 failed_to_read=0)
[135/137] protocolbuffers-protobuf.git@967e8d5d src/google/protobuf/compiler/cpp/message.cc (ok=86 skipped_too_large=48 timed_out=1 panicked=0 failed_to_read=0)
[136/137] pytorch-pytorch.git@cc3d6008 torch/csrc/autograd/python_variable.cpp (ok=86 skipped_too_large=49 timed_out=1 panicked=0 failed_to_read=0)
[137/137] swiftlang-swift.git@7757cf62 lib/SILOptimizer/Mandatory/DefiniteInitialization.cpp (ok=86 skipped_too_large=50 timed_out=1 panicked=0 failed_to_read=0)
Measured 137 pairs into "/home/m/src/codediff/research/results/benchmark_cpp.csv": ok=86 skipped_too_large=50 timed_out=1 panicked=0 failed_to_read=0
