Loaded 462 sampled pairs
[1/462] WordPress-WordPress.git@09b8e12b wp-admin/css/list-tables-rtl.css (ok=0 skipped_too_large=1 timed_out=0 panicked=0 failed_to_read=0)
[2/462] WordPress-WordPress.git@09b8e12b wp-admin/css/list-tables-rtl.min.css (ok=0 skipped_too_large=2 timed_out=0 panicked=0 failed_to_read=0)
[3/462] WordPress-WordPress.git@09b8e12b wp-admin/css/list-tables.css (ok=0 skipped_too_large=3 timed_out=0 panicked=0 failed_to_read=0)
[4/462] WordPress-WordPress.git@09b8e12b wp-admin/css/list-tables.min.css (ok=0 skipped_too_large=4 timed_out=0 panicked=0 failed_to_read=0)
[5/462] WordPress-WordPress.git@1802bd63 wp-admin/css/dashboard-rtl.css (ok=1 skipped_too_large=4 timed_out=0 panicked=0 failed_to_read=0)
[6/462] WordPress-WordPress.git@1802bd63 wp-admin/css/dashboard-rtl.min.css (ok=2 skipped_too_large=4 timed_out=0 panicked=0 failed_to_read=0)
[7/462] WordPress-WordPress.git@1802bd63 wp-admin/css/dashboard.css (ok=3 skipped_too_large=4 timed_out=0 panicked=0 failed_to_read=0)
[8/462] WordPress-WordPress.git@1802bd63 wp-admin/css/dashboard.min.css (ok=4 skipped_too_large=4 timed_out=0 panicked=0 failed_to_read=0)
[9/462] WordPress-WordPress.git@2797bb3b wp-admin/css/list-tables-rtl.css (ok=4 skipped_too_large=5 timed_out=0 panicked=0 failed_to_read=0)
[10/462] WordPress-WordPress.git@2797bb3b wp-admin/css/list-tables-rtl.min.css (ok=4 skipped_too_large=6 timed_out=0 panicked=0 failed_to_read=0)
[11/462] WordPress-WordPress.git@2797bb3b wp-admin/css/list-tables.css (ok=4 skipped_too_large=7 timed_out=0 panicked=0 failed_to_read=0)
[12/462] WordPress-WordPress.git@2797bb3b wp-admin/css/list-tables.min.css (ok=4 skipped_too_large=8 timed_out=0 panicked=0 failed_to_read=0)
[13/462] WordPress-WordPress.git@2797bb3b wp-admin/css/themes-rtl.css (ok=4 skipped_too_large=9 timed_out=0 panicked=0 failed_to_read=0)
[14/462] WordPress-WordPress.git@2797bb3b wp-admin/css/themes-rtl.min.css (ok=4 skipped_too_large=10 timed_out=0 panicked=0 failed_to_read=0)
[15/462] WordPress-WordPress.git@2797bb3b wp-admin/css/themes.css (ok=4 skipped_too_large=11 timed_out=0 panicked=0 failed_to_read=0)
[16/462] WordPress-WordPress.git@2797bb3b wp-admin/css/themes.min.css (ok=4 skipped_too_large=12 timed_out=0 panicked=0 failed_to_read=0)
[17/462] WordPress-WordPress.git@2d3a62ff wp-admin/css/edit-rtl.css (ok=4 skipped_too_large=13 timed_out=0 panicked=0 failed_to_read=0)
[18/462] WordPress-WordPress.git@2d3a62ff wp-admin/css/edit-rtl.min.css (ok=4 skipped_too_large=14 timed_out=0 panicked=0 failed_to_read=0)
[19/462] WordPress-WordPress.git@2d3a62ff wp-admin/css/edit.css (ok=4 skipped_too_large=15 timed_out=0 panicked=0 failed_to_read=0)
[20/462] WordPress-WordPress.git@2d3a62ff wp-admin/css/edit.min.css (ok=4 skipped_too_large=16 timed_out=0 panicked=0 failed_to_read=0)
[21/462] WordPress-WordPress.git@45a608f6 wp-admin/css/customize-controls-rtl.css (ok=4 skipped_too_large=17 timed_out=0 panicked=0 failed_to_read=0)
[22/462] WordPress-WordPress.git@45a608f6 wp-admin/css/customize-controls-rtl.min.css (ok=4 skipped_too_large=18 timed_out=0 panicked=0 failed_to_read=0)
[23/462] WordPress-WordPress.git@45a608f6 wp-admin/css/customize-controls.css (ok=4 skipped_too_large=19 timed_out=0 panicked=0 failed_to_read=0)
[24/462] WordPress-WordPress.git@45a608f6 wp-admin/css/customize-controls.min.css (ok=4 skipped_too_large=20 timed_out=0 panicked=0 failed_to_read=0)
[25/462] WordPress-WordPress.git@5444cf51 wp-admin/css/common-rtl.css (ok=4 skipped_too_large=21 timed_out=0 panicked=0 failed_to_read=0)
[26/462] WordPress-WordPress.git@5444cf51 wp-admin/css/common-rtl.min.css (ok=4 skipped_too_large=22 timed_out=0 panicked=0 failed_to_read=0)
[27/462] WordPress-WordPress.git@5444cf51 wp-admin/css/common.css (ok=4 skipped_too_large=23 timed_out=0 panicked=0 failed_to_read=0)
[28/462] WordPress-WordPress.git@5444cf51 wp-admin/css/common.min.css (ok=4 skipped_too_large=24 timed_out=0 panicked=0 failed_to_read=0)
[29/462] WordPress-WordPress.git@5444cf51 wp-admin/css/nav-menus-rtl.css (ok=5 skipped_too_large=24 timed_out=0 panicked=0 failed_to_read=0)
[30/462] WordPress-WordPress.git@5444cf51 wp-admin/css/nav-menus-rtl.min.css (ok=6 skipped_too_large=24 timed_out=0 panicked=0 failed_to_read=0)
[31/462] WordPress-WordPress.git@5444cf51 wp-admin/css/nav-menus.css (ok=7 skipped_too_large=24 timed_out=0 panicked=0 failed_to_read=0)
[32/462] WordPress-WordPress.git@5444cf51 wp-admin/css/nav-menus.min.css (ok=8 skipped_too_large=24 timed_out=0 panicked=0 failed_to_read=0)
[33/462] WordPress-WordPress.git@5444cf51 wp-admin/css/widgets-rtl.css (ok=9 skipped_too_large=24 timed_out=0 panicked=0 failed_to_read=0)
[34/462] WordPress-WordPress.git@5444cf51 wp-admin/css/widgets-rtl.min.css (ok=10 skipped_too_large=24 timed_out=0 panicked=0 failed_to_read=0)
[35/462] WordPress-WordPress.git@5444cf51 wp-admin/css/widgets.css (ok=11 skipped_too_large=24 timed_out=0 panicked=0 failed_to_read=0)
[36/462] WordPress-WordPress.git@5444cf51 wp-admin/css/widgets.min.css (ok=12 skipped_too_large=24 timed_out=0 panicked=0 failed_to_read=0)
[37/462] WordPress-WordPress.git@5a6cdcbc wp-admin/css/common-rtl.css (ok=12 skipped_too_large=25 timed_out=0 panicked=0 failed_to_read=0)
[38/462] WordPress-WordPress.git@5a6cdcbc wp-admin/css/common-rtl.min.css (ok=12 skipped_too_large=26 timed_out=0 panicked=0 failed_to_read=0)
[39/462] WordPress-WordPress.git@5a6cdcbc wp-admin/css/common.css (ok=12 skipped_too_large=27 timed_out=0 panicked=0 failed_to_read=0)
[40/462] WordPress-WordPress.git@5a6cdcbc wp-admin/css/common.min.css (ok=12 skipped_too_large=28 timed_out=0 panicked=0 failed_to_read=0)
[41/462] WordPress-WordPress.git@73d20acd wp-admin/css/media-rtl.css (ok=13 skipped_too_large=28 timed_out=0 panicked=0 failed_to_read=0)
[42/462] WordPress-WordPress.git@73d20acd wp-admin/css/media-rtl.min.css (ok=14 skipped_too_large=28 timed_out=0 panicked=0 failed_to_read=0)
[43/462] WordPress-WordPress.git@73d20acd wp-admin/css/media.css (ok=15 skipped_too_large=28 timed_out=0 panicked=0 failed_to_read=0)
[44/462] WordPress-WordPress.git@73d20acd wp-admin/css/media.min.css (ok=16 skipped_too_large=28 timed_out=0 panicked=0 failed_to_read=0)
[45/462] WordPress-WordPress.git@73d20acd wp-includes/css/media-views-rtl.css (ok=16 skipped_too_large=29 timed_out=0 panicked=0 failed_to_read=0)
[46/462] WordPress-WordPress.git@73d20acd wp-includes/css/media-views-rtl.min.css (ok=16 skipped_too_large=30 timed_out=0 panicked=0 failed_to_read=0)
[47/462] WordPress-WordPress.git@73d20acd wp-includes/css/media-views.css (ok=16 skipped_too_large=31 timed_out=0 panicked=0 failed_to_read=0)
[48/462] WordPress-WordPress.git@73d20acd wp-includes/css/media-views.min.css (ok=16 skipped_too_large=32 timed_out=0 panicked=0 failed_to_read=0)
[49/462] WordPress-WordPress.git@7fd6f0b1 wp-admin/css/dashboard-rtl.css (ok=17 skipped_too_large=32 timed_out=0 panicked=0 failed_to_read=0)
[50/462] WordPress-WordPress.git@7fd6f0b1 wp-admin/css/dashboard-rtl.min.css (ok=18 skipped_too_large=32 timed_out=0 panicked=0 failed_to_read=0)
[51/462] WordPress-WordPress.git@7fd6f0b1 wp-admin/css/dashboard.css (ok=19 skipped_too_large=32 timed_out=0 panicked=0 failed_to_read=0)
[52/462] WordPress-WordPress.git@7fd6f0b1 wp-admin/css/dashboard.min.css (ok=20 skipped_too_large=32 timed_out=0 panicked=0 failed_to_read=0)
[53/462] WordPress-WordPress.git@9bdb319b wp-content/themes/twentytwenty/assets/css/editor-style-block-rtl.css (ok=20 skipped_too_large=33 timed_out=0 panicked=0 failed_to_read=0)
[54/462] WordPress-WordPress.git@9bdb319b wp-content/themes/twentytwenty/assets/css/editor-style-block.css (ok=20 skipped_too_large=34 timed_out=0 panicked=0 failed_to_read=0)
[55/462] WordPress-WordPress.git@a0b91785 wp-admin/css/edit-rtl.css (ok=20 skipped_too_large=35 timed_out=0 panicked=0 failed_to_read=0)
[56/462] WordPress-WordPress.git@a0b91785 wp-admin/css/edit-rtl.min.css (ok=20 skipped_too_large=36 timed_out=0 panicked=0 failed_to_read=0)
[57/462] WordPress-WordPress.git@a0b91785 wp-admin/css/edit.css (ok=20 skipped_too_large=37 timed_out=0 panicked=0 failed_to_read=0)
[58/462] WordPress-WordPress.git@a0b91785 wp-admin/css/edit.min.css (ok=20 skipped_too_large=38 timed_out=0 panicked=0 failed_to_read=0)
[59/462] WordPress-WordPress.git@aaa00322 wp-admin/css/common-rtl.css (ok=20 skipped_too_large=39 timed_out=0 panicked=0 failed_to_read=0)
[60/462] WordPress-WordPress.git@aaa00322 wp-admin/css/common-rtl.min.css (ok=20 skipped_too_large=40 timed_out=0 panicked=0 failed_to_read=0)
[61/462] WordPress-WordPress.git@aaa00322 wp-admin/css/common.css (ok=20 skipped_too_large=41 timed_out=0 panicked=0 failed_to_read=0)
[62/462] WordPress-WordPress.git@aaa00322 wp-admin/css/common.min.css (ok=20 skipped_too_large=42 timed_out=0 panicked=0 failed_to_read=0)
[63/462] WordPress-WordPress.git@aaa00322 wp-admin/css/dashboard-rtl.css (ok=21 skipped_too_large=42 timed_out=0 panicked=0 failed_to_read=0)
[64/462] WordPress-WordPress.git@aaa00322 wp-admin/css/dashboard-rtl.min.css (ok=22 skipped_too_large=42 timed_out=0 panicked=0 failed_to_read=0)
[65/462] WordPress-WordPress.git@aaa00322 wp-admin/css/dashboard.css (ok=23 skipped_too_large=42 timed_out=0 panicked=0 failed_to_read=0)
[66/462] WordPress-WordPress.git@aaa00322 wp-admin/css/dashboard.min.css (ok=24 skipped_too_large=42 timed_out=0 panicked=0 failed_to_read=0)
[67/462] WordPress-WordPress.git@aaa00322 wp-admin/css/list-tables-rtl.css (ok=24 skipped_too_large=43 timed_out=0 panicked=0 failed_to_read=0)
[68/462] WordPress-WordPress.git@aaa00322 wp-admin/css/list-tables-rtl.min.css (ok=24 skipped_too_large=44 timed_out=0 panicked=0 failed_to_read=0)
[69/462] WordPress-WordPress.git@aaa00322 wp-admin/css/list-tables.css (ok=24 skipped_too_large=45 timed_out=0 panicked=0 failed_to_read=0)
[70/462] WordPress-WordPress.git@aaa00322 wp-admin/css/list-tables.min.css (ok=24 skipped_too_large=46 timed_out=0 panicked=0 failed_to_read=0)
[71/462] WordPress-WordPress.git@aae345c3 wp-includes/css/media-views-rtl.css (ok=24 skipped_too_large=47 timed_out=0 panicked=0 failed_to_read=0)
[72/462] WordPress-WordPress.git@aae345c3 wp-includes/css/media-views-rtl.min.css (ok=24 skipped_too_large=48 timed_out=0 panicked=0 failed_to_read=0)
[73/462] WordPress-WordPress.git@aae345c3 wp-includes/css/media-views.css (ok=24 skipped_too_large=49 timed_out=0 panicked=0 failed_to_read=0)
[74/462] WordPress-WordPress.git@aae345c3 wp-includes/css/media-views.min.css (ok=24 skipped_too_large=50 timed_out=0 panicked=0 failed_to_read=0)
[75/462] WordPress-WordPress.git@ac62a6cb wp-admin/css/dashboard-rtl.css (ok=25 skipped_too_large=50 timed_out=0 panicked=0 failed_to_read=0)
[76/462] WordPress-WordPress.git@ac62a6cb wp-admin/css/dashboard-rtl.min.css (ok=26 skipped_too_large=50 timed_out=0 panicked=0 failed_to_read=0)
[77/462] WordPress-WordPress.git@ac62a6cb wp-admin/css/dashboard.css (ok=27 skipped_too_large=50 timed_out=0 panicked=0 failed_to_read=0)
[78/462] WordPress-WordPress.git@ac62a6cb wp-admin/css/dashboard.min.css (ok=28 skipped_too_large=50 timed_out=0 panicked=0 failed_to_read=0)
[79/462] WordPress-WordPress.git@bece250f wp-admin/css/dashboard-rtl.css (ok=29 skipped_too_large=50 timed_out=0 panicked=0 failed_to_read=0)
[80/462] WordPress-WordPress.git@bece250f wp-admin/css/dashboard-rtl.min.css (ok=30 skipped_too_large=50 timed_out=0 panicked=0 failed_to_read=0)
[81/462] WordPress-WordPress.git@bece250f wp-admin/css/dashboard.css (ok=31 skipped_too_large=50 timed_out=0 panicked=0 failed_to_read=0)
[82/462] WordPress-WordPress.git@bece250f wp-admin/css/dashboard.min.css (ok=32 skipped_too_large=50 timed_out=0 panicked=0 failed_to_read=0)
[83/462] WordPress-WordPress.git@d7483f03 wp-admin/css/dashboard-rtl.css (ok=33 skipped_too_large=50 timed_out=0 panicked=0 failed_to_read=0)
[84/462] WordPress-WordPress.git@d7483f03 wp-admin/css/dashboard-rtl.min.css (ok=34 skipped_too_large=50 timed_out=0 panicked=0 failed_to_read=0)
[85/462] WordPress-WordPress.git@d7483f03 wp-admin/css/dashboard.css (ok=35 skipped_too_large=50 timed_out=0 panicked=0 failed_to_read=0)
[86/462] WordPress-WordPress.git@d7483f03 wp-admin/css/dashboard.min.css (ok=36 skipped_too_large=50 timed_out=0 panicked=0 failed_to_read=0)
[87/462] WordPress-WordPress.git@df336fd3 wp-includes/css/dist/edit-post/style-rtl.css (ok=37 skipped_too_large=50 timed_out=0 panicked=0 failed_to_read=0)
[88/462] WordPress-WordPress.git@df336fd3 wp-includes/css/dist/edit-post/style-rtl.min.css (ok=38 skipped_too_large=50 timed_out=0 panicked=0 failed_to_read=0)
[89/462] WordPress-WordPress.git@df336fd3 wp-includes/css/dist/edit-post/style.css (ok=39 skipped_too_large=50 timed_out=0 panicked=0 failed_to_read=0)
[90/462] WordPress-WordPress.git@df336fd3 wp-includes/css/dist/edit-post/style.min.css (ok=40 skipped_too_large=50 timed_out=0 panicked=0 failed_to_read=0)
[91/462] WordPress-WordPress.git@df336fd3 wp-includes/css/dist/edit-widgets/style-rtl.css (ok=41 skipped_too_large=50 timed_out=0 panicked=0 failed_to_read=0)
[92/462] WordPress-WordPress.git@df336fd3 wp-includes/css/dist/edit-widgets/style-rtl.min.css (ok=42 skipped_too_large=50 timed_out=0 panicked=0 failed_to_read=0)
[93/462] WordPress-WordPress.git@df336fd3 wp-includes/css/dist/edit-widgets/style.css (ok=43 skipped_too_large=50 timed_out=0 panicked=0 failed_to_read=0)
[94/462] WordPress-WordPress.git@df336fd3 wp-includes/css/dist/edit-widgets/style.min.css (ok=44 skipped_too_large=50 timed_out=0 panicked=0 failed_to_read=0)
[95/462] WordPress-WordPress.git@ec445010 wp-includes/blocks/image/style-rtl.css (ok=45 skipped_too_large=50 timed_out=0 panicked=0 failed_to_read=0)
[96/462] WordPress-WordPress.git@ec445010 wp-includes/blocks/image/style.css (ok=46 skipped_too_large=50 timed_out=0 panicked=0 failed_to_read=0)
[97/462] WordPress-WordPress.git@ec445010 wp-includes/css/dist/block-library/editor-rtl.css (ok=46 skipped_too_large=51 timed_out=0 panicked=0 failed_to_read=0)
[98/462] WordPress-WordPress.git@ec445010 wp-includes/css/dist/block-library/editor-rtl.min.css (ok=46 skipped_too_large=52 timed_out=0 panicked=0 failed_to_read=0)
[99/462] WordPress-WordPress.git@ec445010 wp-includes/css/dist/block-library/editor.css (ok=46 skipped_too_large=53 timed_out=0 panicked=0 failed_to_read=0)
[100/462] WordPress-WordPress.git@ec445010 wp-includes/css/dist/block-library/editor.min.css (ok=46 skipped_too_large=54 timed_out=0 panicked=0 failed_to_read=0)
[101/462] WordPress-WordPress.git@ec445010 wp-includes/css/dist/block-library/image/style-rtl.css (ok=47 skipped_too_large=54 timed_out=0 panicked=0 failed_to_read=0)
[102/462] WordPress-WordPress.git@ec445010 wp-includes/css/dist/block-library/image/style.css (ok=48 skipped_too_large=54 timed_out=0 panicked=0 failed_to_read=0)
[103/462] WordPress-WordPress.git@ec445010 wp-includes/css/dist/edit-post/style-rtl.css (ok=49 skipped_too_large=54 timed_out=0 panicked=0 failed_to_read=0)
[104/462] WordPress-WordPress.git@ec445010 wp-includes/css/dist/edit-post/style-rtl.min.css (ok=50 skipped_too_large=54 timed_out=0 panicked=0 failed_to_read=0)
[105/462] WordPress-WordPress.git@ec445010 wp-includes/css/dist/edit-post/style.css (ok=51 skipped_too_large=54 timed_out=0 panicked=0 failed_to_read=0)
[106/462] WordPress-WordPress.git@ec445010 wp-includes/css/dist/edit-post/style.min.css (ok=52 skipped_too_large=54 timed_out=0 panicked=0 failed_to_read=0)
[107/462] WordPress-WordPress.git@ec445010 wp-includes/css/dist/edit-widgets/style-rtl.css (ok=53 skipped_too_large=54 timed_out=0 panicked=0 failed_to_read=0)
[108/462] WordPress-WordPress.git@ec445010 wp-includes/css/dist/edit-widgets/style-rtl.min.css (ok=54 skipped_too_large=54 timed_out=0 panicked=0 failed_to_read=0)
[109/462] WordPress-WordPress.git@ec445010 wp-includes/css/dist/edit-widgets/style.css (ok=55 skipped_too_large=54 timed_out=0 panicked=0 failed_to_read=0)
[110/462] WordPress-WordPress.git@ec445010 wp-includes/css/dist/edit-widgets/style.min.css (ok=56 skipped_too_large=54 timed_out=0 panicked=0 failed_to_read=0)
[111/462] WordPress-WordPress.git@ec445010 wp-includes/css/dist/theme/style-rtl.css (ok=57 skipped_too_large=54 timed_out=0 panicked=0 failed_to_read=0)
[112/462] WordPress-WordPress.git@ec445010 wp-includes/css/dist/theme/style.css (ok=58 skipped_too_large=54 timed_out=0 panicked=0 failed_to_read=0)
[113/462] WordPress-WordPress.git@f61911ff wp-includes/css/dist/block-library/editor-rtl.css (ok=58 skipped_too_large=55 timed_out=0 panicked=0 failed_to_read=0)
[114/462] WordPress-WordPress.git@f61911ff wp-includes/css/dist/block-library/editor-rtl.min.css (ok=58 skipped_too_large=56 timed_out=0 panicked=0 failed_to_read=0)
[115/462] WordPress-WordPress.git@f61911ff wp-includes/css/dist/block-library/editor.css (ok=58 skipped_too_large=57 timed_out=0 panicked=0 failed_to_read=0)
[116/462] WordPress-WordPress.git@f61911ff wp-includes/css/dist/block-library/editor.min.css (ok=58 skipped_too_large=58 timed_out=0 panicked=0 failed_to_read=0)
[117/462] django-django.git@07d6fa5a django/contrib/admin/static/admin/css/base.css (ok=59 skipped_too_large=58 timed_out=0 panicked=0 failed_to_read=0)
[118/462] django-django.git@187a789f django/contrib/admin/static/admin/css/base.css (ok=60 skipped_too_large=58 timed_out=0 panicked=0 failed_to_read=0)
[119/462] django-django.git@187a789f django/contrib/admin/static/admin/css/responsive.css (ok=61 skipped_too_large=58 timed_out=0 panicked=0 failed_to_read=0)
[120/462] django-django.git@187a789f django/contrib/admin/static/admin/css/widgets.css (ok=62 skipped_too_large=58 timed_out=0 panicked=0 failed_to_read=0)
[121/462] django-django.git@69d47f92 django/contrib/admin/static/admin/css/base.css (ok=63 skipped_too_large=58 timed_out=0 panicked=0 failed_to_read=0)
[122/462] django-django.git@9482a411 django/contrib/admin/static/admin/css/widgets.css (ok=64 skipped_too_large=58 timed_out=0 panicked=0 failed_to_read=0)
[123/462] excalidraw-excalidraw.git@04435119 packages/excalidraw/css/theme.scss (ok=65 skipped_too_large=58 timed_out=0 panicked=0 failed_to_read=0)
[124/462] excalidraw-excalidraw.git@063533ae packages/excalidraw/css/styles.scss (ok=66 skipped_too_large=58 timed_out=0 panicked=0 failed_to_read=0)
[125/462] excalidraw-excalidraw.git@5bcd8280 packages/excalidraw/css/styles.scss (ok=67 skipped_too_large=58 timed_out=0 panicked=0 failed_to_read=0)
[126/462] excalidraw-excalidraw.git@5fffc474 packages/excalidraw/css/styles.scss (ok=68 skipped_too_large=58 timed_out=0 panicked=0 failed_to_read=0)
[127/462] excalidraw-excalidraw.git@63e11482 packages/excalidraw/css/styles.scss (ok=69 skipped_too_large=58 timed_out=0 panicked=0 failed_to_read=0)
[128/462] excalidraw-excalidraw.git@725412eb packages/excalidraw/css/styles.scss (ok=70 skipped_too_large=58 timed_out=0 panicked=0 failed_to_read=0)
[129/462] excalidraw-excalidraw.git@a0b98a94 packages/excalidraw/components/TTDDialog/TTDDialog.scss (ok=71 skipped_too_large=58 timed_out=0 panicked=0 failed_to_read=0)
[130/462] excalidraw-excalidraw.git@a0b98a94 packages/excalidraw/css/theme.scss (ok=72 skipped_too_large=58 timed_out=0 panicked=0 failed_to_read=0)
[131/462] excalidraw-excalidraw.git@b9a25540 packages/excalidraw/components/ColorPicker/ColorPicker.scss (ok=73 skipped_too_large=58 timed_out=0 panicked=0 failed_to_read=0)
[132/462] excalidraw-excalidraw.git@b9a25540 packages/excalidraw/css/styles.scss (ok=74 skipped_too_large=58 timed_out=0 panicked=0 failed_to_read=0)
[133/462] excalidraw-excalidraw.git@b9a25540 packages/excalidraw/css/theme.scss (ok=75 skipped_too_large=58 timed_out=0 panicked=0 failed_to_read=0)
[134/462] excalidraw-excalidraw.git@c99e8167 packages/excalidraw/css/styles.scss (ok=76 skipped_too_large=58 timed_out=0 panicked=0 failed_to_read=0)
[135/462] excalidraw-excalidraw.git@f2600fe3 packages/excalidraw/css/styles.scss (ok=77 skipped_too_large=58 timed_out=0 panicked=0 failed_to_read=0)
[136/462] gorhill-uBlock.git@f6048a08 platform/mv3/extension/css/settings.css (ok=78 skipped_too_large=58 timed_out=0 panicked=0 failed_to_read=0)
[137/462] gorhill-uBlock.git@f7f96140 platform/mv3/extension/css/settings.css (ok=79 skipped_too_large=58 timed_out=0 panicked=0 failed_to_read=0)
[138/462] jekyll-jekyll.git@dfa5f036 docs/_sass/_style.scss (ok=80 skipped_too_large=58 timed_out=0 panicked=0 failed_to_read=0)
[139/462] langflow-ai-langflow.git@126c037a src/frontend/src/style/applies.css (ok=81 skipped_too_large=58 timed_out=0 panicked=0 failed_to_read=0)
[140/462] langflow-ai-langflow.git@126c037a src/frontend/src/style/index.css (ok=82 skipped_too_large=58 timed_out=0 panicked=0 failed_to_read=0)
[141/462] microsoft-vscode.git@14e8d650 src/vs/workbench/contrib/chat/browser/widget/chatContentParts/media/chatQuestionCarousel.css (ok=83 skipped_too_large=58 timed_out=0 panicked=0 failed_to_read=0)
[142/462] microsoft-vscode.git@20c89b05 src/vs/workbench/contrib/chat/browser/widget/media/chat.css (ok=83 skipped_too_large=59 timed_out=0 panicked=0 failed_to_read=0)
[143/462] microsoft-vscode.git@6cfe4cc7 src/vs/workbench/contrib/chat/browser/widget/media/chat.css (ok=83 skipped_too_large=60 timed_out=0 panicked=0 failed_to_read=0)
[144/462] microsoft-vscode.git@6eee7730 src/vs/workbench/contrib/chat/browser/widget/chatContentParts/media/chatQuestionCarousel.css (ok=84 skipped_too_large=60 timed_out=0 panicked=0 failed_to_read=0)
[145/462] microsoft-vscode.git@d59ed468 src/vs/workbench/contrib/chat/browser/widget/chatContentParts/media/chatQuestionCarousel.css (ok=85 skipped_too_large=60 timed_out=0 panicked=0 failed_to_read=0)
[146/462] microsoft-vscode.git@ea2dc89c extensions/theme-2026/themes/styles.css (ok=86 skipped_too_large=60 timed_out=0 panicked=0 failed_to_read=0)
[147/462] mozilla-pdf.js.git@241e8c18 web/comment_manager.css (ok=87 skipped_too_large=60 timed_out=0 panicked=0 failed_to_read=0)
[148/462] mozilla-pdf.js.git@241e8c18 web/views_manager.css (ok=88 skipped_too_large=60 timed_out=0 panicked=0 failed_to_read=0)
[149/462] mozilla-pdf.js.git@55448fd0 web/views_manager.css (ok=89 skipped_too_large=60 timed_out=0 panicked=0 failed_to_read=0)
[150/462] mozilla-pdf.js.git@a251b99e web/views_manager.css (ok=90 skipped_too_large=60 timed_out=0 panicked=0 failed_to_read=0)
[151/462] mozilla-pdf.js.git@b2638415 web/viewer.css (ok=91 skipped_too_large=60 timed_out=0 panicked=0 failed_to_read=0)
[152/462] mozilla-pdf.js.git@b2638415 web/views_manager.css (ok=92 skipped_too_large=60 timed_out=0 panicked=0 failed_to_read=0)
[153/462] mozilla-pdf.js.git@bff6f4cc web/views_manager.css (ok=93 skipped_too_large=60 timed_out=0 panicked=0 failed_to_read=0)
[154/462] nzbgetcom-nzbget.git@1a8e71e8 webui/style.css (ok=93 skipped_too_large=61 timed_out=0 panicked=0 failed_to_read=0)
[155/462] nzbgetcom-nzbget.git@36ce7b05 webui/style.css (ok=93 skipped_too_large=62 timed_out=0 panicked=0 failed_to_read=0)
[156/462] nzbgetcom-nzbget.git@626e55a7 webui/style.css (ok=93 skipped_too_large=63 timed_out=0 panicked=0 failed_to_read=0)
[157/462] nzbgetcom-nzbget.git@78b08d5f webui/style.css (ok=93 skipped_too_large=64 timed_out=0 panicked=0 failed_to_read=0)
[158/462] nzbgetcom-nzbget.git@84fd8b1e webui/style.css (ok=93 skipped_too_large=65 timed_out=0 panicked=0 failed_to_read=0)
[159/462] nzbgetcom-nzbget.git@a3dfa7d5 webui/dark-theme.css (ok=94 skipped_too_large=65 timed_out=0 panicked=0 failed_to_read=0)
[160/462] nzbgetcom-nzbget.git@a3dfa7d5 webui/light-theme.css (ok=95 skipped_too_large=65 timed_out=0 panicked=0 failed_to_read=0)
[161/462] nzbgetcom-nzbget.git@a3dfa7d5 webui/style.css (ok=95 skipped_too_large=66 timed_out=0 panicked=0 failed_to_read=0)
[162/462] nzbgetcom-nzbget.git@d4b844d2 webui/style.css (ok=95 skipped_too_large=67 timed_out=0 panicked=0 failed_to_read=0)
[163/462] nzbgetcom-nzbget.git@f8aac6db webui/dark-theme.css (ok=96 skipped_too_large=67 timed_out=0 panicked=0 failed_to_read=0)
[164/462] nzbgetcom-nzbget.git@f8aac6db webui/style.css (ok=96 skipped_too_large=68 timed_out=0 panicked=0 failed_to_read=0)
[165/462] shadcn-ui-ui.git@2f64c5a4 apps/v4/registry/styles/style-lyra.css (ok=96 skipped_too_large=69 timed_out=0 panicked=0 failed_to_read=0)
[166/462] shadcn-ui-ui.git@9e6765f4 apps/v4/registry/styles/style-maia.css (ok=96 skipped_too_large=70 timed_out=0 panicked=0 failed_to_read=0)
[167/462] shadcn-ui-ui.git@9e6765f4 apps/v4/registry/styles/style-mira.css (ok=96 skipped_too_large=71 timed_out=0 panicked=0 failed_to_read=0)
[168/462] shadcn-ui-ui.git@9e6765f4 apps/v4/registry/styles/style-nova.css (ok=96 skipped_too_large=72 timed_out=0 panicked=0 failed_to_read=0)
[169/462] shadcn-ui-ui.git@9e6765f4 apps/v4/registry/styles/style-vega.css (ok=96 skipped_too_large=73 timed_out=0 panicked=0 failed_to_read=0)
[170/462] shadcn-ui-ui.git@e90efd4f apps/v4/registry/styles/style-nova.css (ok=96 skipped_too_large=74 timed_out=0 panicked=0 failed_to_read=0)
[171/462] twbs-bootstrap.git@25aa8cc0 dist/css/bootstrap-grid.css (ok=96 skipped_too_large=75 timed_out=0 panicked=0 failed_to_read=0)
[172/462] twbs-bootstrap.git@25aa8cc0 dist/css/bootstrap-grid.min.css (ok=96 skipped_too_large=76 timed_out=0 panicked=0 failed_to_read=0)
[173/462] twbs-bootstrap.git@25aa8cc0 dist/css/bootstrap-grid.rtl.css (ok=96 skipped_too_large=77 timed_out=0 panicked=0 failed_to_read=0)
[174/462] twbs-bootstrap.git@25aa8cc0 dist/css/bootstrap-grid.rtl.min.css (ok=96 skipped_too_large=78 timed_out=0 panicked=0 failed_to_read=0)
[175/462] twbs-bootstrap.git@25aa8cc0 dist/css/bootstrap-reboot.css (ok=97 skipped_too_large=78 timed_out=0 panicked=0 failed_to_read=0)
[176/462] twbs-bootstrap.git@25aa8cc0 dist/css/bootstrap-reboot.min.css (ok=98 skipped_too_large=78 timed_out=0 panicked=0 failed_to_read=0)
[177/462] twbs-bootstrap.git@25aa8cc0 dist/css/bootstrap-reboot.rtl.css (ok=99 skipped_too_large=78 timed_out=0 panicked=0 failed_to_read=0)
[178/462] twbs-bootstrap.git@25aa8cc0 dist/css/bootstrap-reboot.rtl.min.css (ok=100 skipped_too_large=78 timed_out=0 panicked=0 failed_to_read=0)
[179/462] twbs-bootstrap.git@25aa8cc0 dist/css/bootstrap-utilities.min.css (ok=100 skipped_too_large=79 timed_out=0 panicked=0 failed_to_read=0)
[180/462] twbs-bootstrap.git@25aa8cc0 dist/css/bootstrap-utilities.rtl.min.css (ok=100 skipped_too_large=80 timed_out=0 panicked=0 failed_to_read=0)
[181/462] twbs-bootstrap.git@47c75b84 scss/_reboot.scss (ok=101 skipped_too_large=80 timed_out=0 panicked=0 failed_to_read=0)
[182/462] Lidarr-Lidarr.git@b574e403 frontend/src/Components/Modal/Modal.css (ok=102 skipped_too_large=80 timed_out=0 panicked=0 failed_to_read=0)
[183/462] Lidarr-Lidarr.git@c8a3833e frontend/src/Album/Details/AlbumDetails.css (ok=103 skipped_too_large=80 timed_out=0 panicked=0 failed_to_read=0)
[184/462] Lidarr-Lidarr.git@c8a3833e frontend/src/Artist/Details/ArtistDetails.css (ok=104 skipped_too_large=80 timed_out=0 panicked=0 failed_to_read=0)
[185/462] Radarr-Radarr.git@c7866600 frontend/src/DiscoverMovie/Table/DiscoverMovieHeader.css (ok=105 skipped_too_large=80 timed_out=0 panicked=0 failed_to_read=0)
[186/462] Radarr-Radarr.git@c7866600 frontend/src/DiscoverMovie/Table/DiscoverMovieRow.css (ok=106 skipped_too_large=80 timed_out=0 panicked=0 failed_to_read=0)
[187/462] Radarr-Radarr.git@f6afbfa6 frontend/src/Components/Modal/Modal.css (ok=107 skipped_too_large=80 timed_out=0 panicked=0 failed_to_read=0)
[188/462] Sonarr-Sonarr.git@70678510 frontend/src/Series/Index/Overview/SeriesIndexOverview.css (ok=108 skipped_too_large=80 timed_out=0 panicked=0 failed_to_read=0)
[189/462] Sonarr-Sonarr.git@70678510 frontend/src/Series/Index/Posters/SeriesIndexPoster.css (ok=109 skipped_too_large=80 timed_out=0 panicked=0 failed_to_read=0)
[190/462] Sonarr-Sonarr.git@70678510 frontend/src/Series/Index/Table/SeriesIndexRow.css (ok=110 skipped_too_large=80 timed_out=0 panicked=0 failed_to_read=0)
[191/462] Sonarr-Sonarr.git@97d3a494 frontend/src/Components/Link/Button.css (ok=111 skipped_too_large=80 timed_out=0 panicked=0 failed_to_read=0)
[192/462] WordPress-WordPress.git@0345ce64 wp-admin/css/site-icon-rtl.css (ok=112 skipped_too_large=80 timed_out=0 panicked=0 failed_to_read=0)
[193/462] WordPress-WordPress.git@0345ce64 wp-admin/css/site-icon-rtl.min.css (ok=113 skipped_too_large=80 timed_out=0 panicked=0 failed_to_read=0)
[194/462] WordPress-WordPress.git@0345ce64 wp-admin/css/site-icon.css (ok=114 skipped_too_large=80 timed_out=0 panicked=0 failed_to_read=0)
[195/462] WordPress-WordPress.git@0345ce64 wp-admin/css/site-icon.min.css (ok=115 skipped_too_large=80 timed_out=0 panicked=0 failed_to_read=0)
[196/462] WordPress-WordPress.git@05caa4c0 wp-admin/css/login-rtl.css (ok=116 skipped_too_large=80 timed_out=0 panicked=0 failed_to_read=0)
[197/462] WordPress-WordPress.git@05caa4c0 wp-admin/css/login-rtl.min.css (ok=117 skipped_too_large=80 timed_out=0 panicked=0 failed_to_read=0)
[198/462] WordPress-WordPress.git@05caa4c0 wp-admin/css/login.css (ok=118 skipped_too_large=80 timed_out=0 panicked=0 failed_to_read=0)
[199/462] WordPress-WordPress.git@05caa4c0 wp-admin/css/login.min.css (ok=119 skipped_too_large=80 timed_out=0 panicked=0 failed_to_read=0)
[200/462] WordPress-WordPress.git@5444cf51 wp-includes/css/customize-preview-rtl.css (ok=120 skipped_too_large=80 timed_out=0 panicked=0 failed_to_read=0)
[201/462] WordPress-WordPress.git@5444cf51 wp-includes/css/customize-preview-rtl.min.css (ok=121 skipped_too_large=80 timed_out=0 panicked=0 failed_to_read=0)
[202/462] WordPress-WordPress.git@5444cf51 wp-includes/css/customize-preview.css (ok=122 skipped_too_large=80 timed_out=0 panicked=0 failed_to_read=0)
[203/462] WordPress-WordPress.git@5444cf51 wp-includes/css/customize-preview.min.css (ok=123 skipped_too_large=80 timed_out=0 panicked=0 failed_to_read=0)
[204/462] WordPress-WordPress.git@5a6cdcbc wp-admin/css/login-rtl.css (ok=124 skipped_too_large=80 timed_out=0 panicked=0 failed_to_read=0)
[205/462] WordPress-WordPress.git@5a6cdcbc wp-admin/css/login-rtl.min.css (ok=125 skipped_too_large=80 timed_out=0 panicked=0 failed_to_read=0)
[206/462] WordPress-WordPress.git@5a6cdcbc wp-admin/css/login.css (ok=126 skipped_too_large=80 timed_out=0 panicked=0 failed_to_read=0)
[207/462] WordPress-WordPress.git@5a6cdcbc wp-admin/css/login.min.css (ok=127 skipped_too_large=80 timed_out=0 panicked=0 failed_to_read=0)
[208/462] WordPress-WordPress.git@b9dd8f61 wp-admin/css/login-rtl.css (ok=128 skipped_too_large=80 timed_out=0 panicked=0 failed_to_read=0)
[209/462] WordPress-WordPress.git@b9dd8f61 wp-admin/css/login-rtl.min.css (ok=129 skipped_too_large=80 timed_out=0 panicked=0 failed_to_read=0)
[210/462] WordPress-WordPress.git@b9dd8f61 wp-admin/css/login.css (ok=130 skipped_too_large=80 timed_out=0 panicked=0 failed_to_read=0)
[211/462] WordPress-WordPress.git@b9dd8f61 wp-admin/css/login.min.css (ok=131 skipped_too_large=80 timed_out=0 panicked=0 failed_to_read=0)
[212/462] WordPress-WordPress.git@df336fd3 wp-includes/css/dist/media-utils/style-rtl.css (ok=132 skipped_too_large=80 timed_out=0 panicked=0 failed_to_read=0)
[213/462] WordPress-WordPress.git@df336fd3 wp-includes/css/dist/media-utils/style-rtl.min.css (ok=133 skipped_too_large=80 timed_out=0 panicked=0 failed_to_read=0)
[214/462] WordPress-WordPress.git@df336fd3 wp-includes/css/dist/media-utils/style.css (ok=134 skipped_too_large=80 timed_out=0 panicked=0 failed_to_read=0)
[215/462] WordPress-WordPress.git@df336fd3 wp-includes/css/dist/media-utils/style.min.css (ok=135 skipped_too_large=80 timed_out=0 panicked=0 failed_to_read=0)
[216/462] WordPress-WordPress.git@ec445010 wp-includes/blocks/image/style-rtl.min.css (ok=136 skipped_too_large=80 timed_out=0 panicked=0 failed_to_read=0)
[217/462] WordPress-WordPress.git@ec445010 wp-includes/blocks/image/style.min.css (ok=137 skipped_too_large=80 timed_out=0 panicked=0 failed_to_read=0)
[218/462] WordPress-WordPress.git@ec445010 wp-includes/css/dist/block-library/common-rtl.css (ok=138 skipped_too_large=80 timed_out=0 panicked=0 failed_to_read=0)
[219/462] WordPress-WordPress.git@ec445010 wp-includes/css/dist/block-library/common-rtl.min.css (ok=139 skipped_too_large=80 timed_out=0 panicked=0 failed_to_read=0)
[220/462] WordPress-WordPress.git@ec445010 wp-includes/css/dist/block-library/common.css (ok=140 skipped_too_large=80 timed_out=0 panicked=0 failed_to_read=0)
[221/462] WordPress-WordPress.git@ec445010 wp-includes/css/dist/block-library/common.min.css (ok=141 skipped_too_large=80 timed_out=0 panicked=0 failed_to_read=0)
[222/462] WordPress-WordPress.git@ec445010 wp-includes/css/dist/block-library/image/style-rtl.min.css (ok=142 skipped_too_large=80 timed_out=0 panicked=0 failed_to_read=0)
[223/462] WordPress-WordPress.git@ec445010 wp-includes/css/dist/block-library/image/style.min.css (ok=143 skipped_too_large=80 timed_out=0 panicked=0 failed_to_read=0)
[224/462] WordPress-WordPress.git@ec445010 wp-includes/css/dist/block-library/playlist-track/style-rtl.css (ok=144 skipped_too_large=80 timed_out=0 panicked=0 failed_to_read=0)
[225/462] WordPress-WordPress.git@ec445010 wp-includes/css/dist/block-library/playlist-track/style-rtl.min.css (ok=145 skipped_too_large=80 timed_out=0 panicked=0 failed_to_read=0)
[226/462] WordPress-WordPress.git@ec445010 wp-includes/css/dist/block-library/playlist-track/style.css (ok=146 skipped_too_large=80 timed_out=0 panicked=0 failed_to_read=0)
[227/462] WordPress-WordPress.git@ec445010 wp-includes/css/dist/block-library/playlist-track/style.min.css (ok=147 skipped_too_large=80 timed_out=0 panicked=0 failed_to_read=0)
[228/462] WordPress-WordPress.git@ec445010 wp-includes/css/dist/block-library/playlist/style-rtl.css (ok=148 skipped_too_large=80 timed_out=0 panicked=0 failed_to_read=0)
[229/462] WordPress-WordPress.git@ec445010 wp-includes/css/dist/block-library/playlist/style-rtl.min.css (ok=149 skipped_too_large=80 timed_out=0 panicked=0 failed_to_read=0)
[230/462] WordPress-WordPress.git@ec445010 wp-includes/css/dist/block-library/playlist/style.css (ok=150 skipped_too_large=80 timed_out=0 panicked=0 failed_to_read=0)
[231/462] WordPress-WordPress.git@ec445010 wp-includes/css/dist/block-library/playlist/style.min.css (ok=151 skipped_too_large=80 timed_out=0 panicked=0 failed_to_read=0)
[232/462] WordPress-WordPress.git@ec445010 wp-includes/css/dist/block-library/tabs-menu-item/style-rtl.css (ok=152 skipped_too_large=80 timed_out=0 panicked=0 failed_to_read=0)
[233/462] WordPress-WordPress.git@ec445010 wp-includes/css/dist/block-library/tabs-menu-item/style-rtl.min.css (ok=153 skipped_too_large=80 timed_out=0 panicked=0 failed_to_read=0)
[234/462] WordPress-WordPress.git@ec445010 wp-includes/css/dist/block-library/tabs-menu-item/style.css (ok=154 skipped_too_large=80 timed_out=0 panicked=0 failed_to_read=0)
[235/462] WordPress-WordPress.git@ec445010 wp-includes/css/dist/block-library/tabs-menu-item/style.min.css (ok=155 skipped_too_large=80 timed_out=0 panicked=0 failed_to_read=0)
[236/462] WordPress-WordPress.git@ec445010 wp-includes/css/dist/commands/style-rtl.css (ok=156 skipped_too_large=80 timed_out=0 panicked=0 failed_to_read=0)
[237/462] WordPress-WordPress.git@ec445010 wp-includes/css/dist/commands/style-rtl.min.css (ok=157 skipped_too_large=80 timed_out=0 panicked=0 failed_to_read=0)
[238/462] WordPress-WordPress.git@ec445010 wp-includes/css/dist/commands/style.css (ok=158 skipped_too_large=80 timed_out=0 panicked=0 failed_to_read=0)
[239/462] WordPress-WordPress.git@ec445010 wp-includes/css/dist/commands/style.min.css (ok=159 skipped_too_large=80 timed_out=0 panicked=0 failed_to_read=0)
[240/462] WordPress-WordPress.git@ec445010 wp-includes/css/dist/media-utils/style-rtl.css (ok=160 skipped_too_large=80 timed_out=0 panicked=0 failed_to_read=0)
[241/462] WordPress-WordPress.git@ec445010 wp-includes/css/dist/media-utils/style-rtl.min.css (ok=161 skipped_too_large=80 timed_out=0 panicked=0 failed_to_read=0)
[242/462] WordPress-WordPress.git@ec445010 wp-includes/css/dist/media-utils/style.css (ok=162 skipped_too_large=80 timed_out=0 panicked=0 failed_to_read=0)
[243/462] WordPress-WordPress.git@ec445010 wp-includes/css/dist/media-utils/style.min.css (ok=163 skipped_too_large=80 timed_out=0 panicked=0 failed_to_read=0)
[244/462] WordPress-WordPress.git@ec445010 wp-includes/css/dist/theme/style-rtl.min.css (ok=164 skipped_too_large=80 timed_out=0 panicked=0 failed_to_read=0)
[245/462] WordPress-WordPress.git@ec445010 wp-includes/css/dist/theme/style.min.css (ok=165 skipped_too_large=80 timed_out=0 panicked=0 failed_to_read=0)
[246/462] WordPress-WordPress.git@f61911ff wp-includes/blocks/navigation-link/editor-rtl.css (ok=166 skipped_too_large=80 timed_out=0 panicked=0 failed_to_read=0)
[247/462] WordPress-WordPress.git@f61911ff wp-includes/blocks/navigation-link/editor-rtl.min.css (ok=167 skipped_too_large=80 timed_out=0 panicked=0 failed_to_read=0)
[248/462] WordPress-WordPress.git@f61911ff wp-includes/blocks/navigation-link/editor.css (ok=168 skipped_too_large=80 timed_out=0 panicked=0 failed_to_read=0)
[249/462] WordPress-WordPress.git@f61911ff wp-includes/blocks/navigation-link/editor.min.css (ok=169 skipped_too_large=80 timed_out=0 panicked=0 failed_to_read=0)
[250/462] WordPress-WordPress.git@f61911ff wp-includes/css/dist/block-library/navigation-link/editor-rtl.css (ok=170 skipped_too_large=80 timed_out=0 panicked=0 failed_to_read=0)
[251/462] WordPress-WordPress.git@f61911ff wp-includes/css/dist/block-library/navigation-link/editor-rtl.min.css (ok=171 skipped_too_large=80 timed_out=0 panicked=0 failed_to_read=0)
[252/462] WordPress-WordPress.git@f61911ff wp-includes/css/dist/block-library/navigation-link/editor.css (ok=172 skipped_too_large=80 timed_out=0 panicked=0 failed_to_read=0)
[253/462] WordPress-WordPress.git@f61911ff wp-includes/css/dist/block-library/navigation-link/editor.min.css (ok=173 skipped_too_large=80 timed_out=0 panicked=0 failed_to_read=0)
[254/462] d3-d3.git@1582f4af docs/.vitepress/theme/custom.css (ok=174 skipped_too_large=80 timed_out=0 panicked=0 failed_to_read=0)
[255/462] d3-d3.git@9f88f025 docs/.vitepress/theme/custom.css (ok=175 skipped_too_large=80 timed_out=0 panicked=0 failed_to_read=0)
[256/462] d3-d3.git@b79e7da0 docs/.vitepress/theme/custom.css (ok=176 skipped_too_large=80 timed_out=0 panicked=0 failed_to_read=0)
[257/462] d3-d3.git@e9b2d69f docs/.vitepress/theme/custom.css (ok=177 skipped_too_large=80 timed_out=0 panicked=0 failed_to_read=0)
[258/462] d3-d3.git@ec5916d9 docs/.vitepress/theme/custom.css (ok=178 skipped_too_large=80 timed_out=0 panicked=0 failed_to_read=0)
[259/462] d3-d3.git@fbf24bb2 docs/.vitepress/theme/custom.css (ok=179 skipped_too_large=80 timed_out=0 panicked=0 failed_to_read=0)
[260/462] django-django.git@187a789f django/contrib/admin/static/admin/css/forms.css (ok=180 skipped_too_large=80 timed_out=0 panicked=0 failed_to_read=0)
[261/462] django-django.git@187a789f django/contrib/admin/static/admin/css/responsive_rtl.css (ok=181 skipped_too_large=80 timed_out=0 panicked=0 failed_to_read=0)
[262/462] django-django.git@187a789f django/contrib/admin/static/admin/css/rtl.css (ok=182 skipped_too_large=80 timed_out=0 panicked=0 failed_to_read=0)
[263/462] django-django.git@3dea5fed django/contrib/admin/static/admin/css/forms.css (ok=183 skipped_too_large=80 timed_out=0 panicked=0 failed_to_read=0)
[264/462] django-django.git@8d251b51 django/contrib/admin/static/admin/css/forms.css (ok=184 skipped_too_large=80 timed_out=0 panicked=0 failed_to_read=0)
[265/462] django-django.git@8d251b51 django/contrib/admin/static/admin/css/rtl.css (ok=185 skipped_too_large=80 timed_out=0 panicked=0 failed_to_read=0)
[266/462] django-django.git@9482a411 django/contrib/admin/static/admin/css/forms.css (ok=186 skipped_too_large=80 timed_out=0 panicked=0 failed_to_read=0)
[267/462] django-django.git@b665a67d django/contrib/admin/static/admin/css/forms.css (ok=187 skipped_too_large=80 timed_out=0 panicked=0 failed_to_read=0)
[268/462] django-django.git@d725f685 django/contrib/admin/static/admin/css/forms.css (ok=188 skipped_too_large=80 timed_out=0 panicked=0 failed_to_read=0)
[269/462] eslint-eslint.git@6f230760 docs/src/assets/scss/components/docs-index.scss (ok=189 skipped_too_large=80 timed_out=0 panicked=0 failed_to_read=0)
[270/462] eslint-eslint.git@6f230760 docs/src/assets/scss/components/docs-navigation.scss (ok=190 skipped_too_large=80 timed_out=0 panicked=0 failed_to_read=0)
[271/462] excalidraw-excalidraw.git@04435119 packages/excalidraw/components/TTDDialog/Chat/Chat.scss (ok=191 skipped_too_large=80 timed_out=0 panicked=0 failed_to_read=0)
[272/462] excalidraw-excalidraw.git@0586fc13 excalidraw-app/share/ShareDialog.scss (ok=192 skipped_too_large=80 timed_out=0 panicked=0 failed_to_read=0)
[273/462] excalidraw-excalidraw.git@063533ae packages/excalidraw/components/LibraryMenu.scss (ok=193 skipped_too_large=80 timed_out=0 panicked=0 failed_to_read=0)
[274/462] excalidraw-excalidraw.git@063533ae packages/excalidraw/components/TTDDialog/Chat/Chat.scss (ok=194 skipped_too_large=80 timed_out=0 panicked=0 failed_to_read=0)
[275/462] excalidraw-excalidraw.git@063533ae packages/excalidraw/components/dropdownMenu/DropdownMenu.scss (ok=195 skipped_too_large=80 timed_out=0 panicked=0 failed_to_read=0)
[276/462] excalidraw-excalidraw.git@54a98268 packages/excalidraw/components/FilledButton.scss (ok=196 skipped_too_large=80 timed_out=0 panicked=0 failed_to_read=0)
[277/462] excalidraw-excalidraw.git@5bcd8280 excalidraw-app/index.scss (ok=197 skipped_too_large=80 timed_out=0 panicked=0 failed_to_read=0)
[278/462] excalidraw-excalidraw.git@5fffc474 packages/excalidraw/components/LibraryMenu.scss (ok=198 skipped_too_large=80 timed_out=0 panicked=0 failed_to_read=0)
[279/462] excalidraw-excalidraw.git@5fffc474 packages/excalidraw/components/Sidebar/Sidebar.scss (ok=199 skipped_too_large=80 timed_out=0 panicked=0 failed_to_read=0)
[280/462] excalidraw-excalidraw.git@5fffc474 packages/excalidraw/components/dropdownMenu/DropdownMenu.scss (ok=200 skipped_too_large=80 timed_out=0 panicked=0 failed_to_read=0)
[281/462] excalidraw-excalidraw.git@60b27588 packages/excalidraw/components/PasteChartDialog.scss (ok=201 skipped_too_large=80 timed_out=0 panicked=0 failed_to_read=0)
[282/462] excalidraw-excalidraw.git@725412eb packages/excalidraw/components/ContextMenu.scss (ok=202 skipped_too_large=80 timed_out=0 panicked=0 failed_to_read=0)
[283/462] excalidraw-excalidraw.git@802cde35 packages/excalidraw/components/TTDDialog/Chat/Chat.scss (ok=203 skipped_too_large=80 timed_out=0 panicked=0 failed_to_read=0)
[284/462] excalidraw-excalidraw.git@94364af6 packages/excalidraw/components/welcome-screen/WelcomeScreen.scss (ok=204 skipped_too_large=80 timed_out=0 panicked=0 failed_to_read=0)
[285/462] excalidraw-excalidraw.git@a0b98a94 packages/excalidraw/components/FilledButton.scss (ok=205 skipped_too_large=80 timed_out=0 panicked=0 failed_to_read=0)
[286/462] excalidraw-excalidraw.git@a0b98a94 packages/excalidraw/components/dropdownMenu/DropdownMenu.scss (ok=206 skipped_too_large=80 timed_out=0 panicked=0 failed_to_read=0)
[287/462] excalidraw-excalidraw.git@b9a25540 packages/excalidraw/components/Card.scss (ok=207 skipped_too_large=80 timed_out=0 panicked=0 failed_to_read=0)
[288/462] excalidraw-excalidraw.git@b9a25540 packages/excalidraw/components/CheckboxItem.scss (ok=208 skipped_too_large=80 timed_out=0 panicked=0 failed_to_read=0)
[289/462] excalidraw-excalidraw.git@b9a25540 packages/excalidraw/components/CommandPalette/CommandPalette.scss (ok=209 skipped_too_large=80 timed_out=0 panicked=0 failed_to_read=0)
[290/462] excalidraw-excalidraw.git@b9a25540 packages/excalidraw/components/ContextMenu.scss (ok=210 skipped_too_large=80 timed_out=0 panicked=0 failed_to_read=0)
[291/462] excalidraw-excalidraw.git@b9a25540 packages/excalidraw/components/ElementLinkDialog.scss (ok=211 skipped_too_large=80 timed_out=0 panicked=0 failed_to_read=0)
[292/462] excalidraw-excalidraw.git@b9a25540 packages/excalidraw/components/ExportDialog.scss (ok=212 skipped_too_large=80 timed_out=0 panicked=0 failed_to_read=0)
[293/462] excalidraw-excalidraw.git@b9a25540 packages/excalidraw/components/FilledButton.scss (ok=213 skipped_too_large=80 timed_out=0 panicked=0 failed_to_read=0)
[294/462] excalidraw-excalidraw.git@b9a25540 packages/excalidraw/components/HelpDialog.scss (ok=214 skipped_too_large=80 timed_out=0 panicked=0 failed_to_read=0)
[295/462] excalidraw-excalidraw.git@b9a25540 packages/excalidraw/components/IconPicker.scss (ok=215 skipped_too_large=80 timed_out=0 panicked=0 failed_to_read=0)
[296/462] excalidraw-excalidraw.git@b9a25540 packages/excalidraw/components/ImageExportDialog.scss (ok=216 skipped_too_large=80 timed_out=0 panicked=0 failed_to_read=0)
[297/462] excalidraw-excalidraw.git@b9a25540 packages/excalidraw/components/LayerUI.scss (ok=217 skipped_too_large=80 timed_out=0 panicked=0 failed_to_read=0)
[298/462] excalidraw-excalidraw.git@b9a25540 packages/excalidraw/components/LibraryMenu.scss (ok=218 skipped_too_large=80 timed_out=0 panicked=0 failed_to_read=0)
[299/462] excalidraw-excalidraw.git@b9a25540 packages/excalidraw/components/LibraryMenuItems.scss (ok=219 skipped_too_large=80 timed_out=0 panicked=0 failed_to_read=0)
[300/462] excalidraw-excalidraw.git@b9a25540 packages/excalidraw/components/LibraryUnit.scss (ok=220 skipped_too_large=80 timed_out=0 panicked=0 failed_to_read=0)
[301/462] excalidraw-excalidraw.git@b9a25540 packages/excalidraw/components/MobileToolBar.scss (ok=221 skipped_too_large=80 timed_out=0 panicked=0 failed_to_read=0)
[302/462] excalidraw-excalidraw.git@b9a25540 packages/excalidraw/components/Modal.scss (ok=222 skipped_too_large=80 timed_out=0 panicked=0 failed_to_read=0)
[303/462] excalidraw-excalidraw.git@b9a25540 packages/excalidraw/components/OverwriteConfirm/OverwriteConfirm.scss (ok=223 skipped_too_large=80 timed_out=0 panicked=0 failed_to_read=0)
[304/462] excalidraw-excalidraw.git@b9a25540 packages/excalidraw/components/PublishLibrary.scss (ok=224 skipped_too_large=80 timed_out=0 panicked=0 failed_to_read=0)
[305/462] excalidraw-excalidraw.git@b9a25540 packages/excalidraw/components/RadioGroup.scss (ok=225 skipped_too_large=80 timed_out=0 panicked=0 failed_to_read=0)
[306/462] excalidraw-excalidraw.git@b9a25540 packages/excalidraw/components/Range.scss (ok=226 skipped_too_large=80 timed_out=0 panicked=0 failed_to_read=0)
[307/462] excalidraw-excalidraw.git@b9a25540 packages/excalidraw/components/SearchMenu.scss (ok=227 skipped_too_large=80 timed_out=0 panicked=0 failed_to_read=0)
[308/462] excalidraw-excalidraw.git@b9a25540 packages/excalidraw/components/ShareableLinkDialog.scss (ok=228 skipped_too_large=80 timed_out=0 panicked=0 failed_to_read=0)
[309/462] excalidraw-excalidraw.git@b9a25540 packages/excalidraw/components/Sidebar/Sidebar.scss (ok=229 skipped_too_large=80 timed_out=0 panicked=0 failed_to_read=0)
[310/462] excalidraw-excalidraw.git@b9a25540 packages/excalidraw/components/Switch.scss (ok=230 skipped_too_large=80 timed_out=0 panicked=0 failed_to_read=0)
[311/462] excalidraw-excalidraw.git@b9a25540 packages/excalidraw/components/TTDDialog/TTDDialog.scss (ok=231 skipped_too_large=80 timed_out=0 panicked=0 failed_to_read=0)
[312/462] excalidraw-excalidraw.git@b9a25540 packages/excalidraw/components/TextField.scss (ok=232 skipped_too_large=80 timed_out=0 panicked=0 failed_to_read=0)
[313/462] excalidraw-excalidraw.git@b9a25540 packages/excalidraw/components/ToolIcon.scss (ok=233 skipped_too_large=80 timed_out=0 panicked=0 failed_to_read=0)
[314/462] excalidraw-excalidraw.git@b9a25540 packages/excalidraw/components/Toolbar.scss (ok=234 skipped_too_large=80 timed_out=0 panicked=0 failed_to_read=0)
[315/462] excalidraw-excalidraw.git@b9a25540 packages/excalidraw/components/UserList.scss (ok=235 skipped_too_large=80 timed_out=0 panicked=0 failed_to_read=0)
[316/462] excalidraw-excalidraw.git@b9a25540 packages/excalidraw/components/dropdownMenu/DropdownMenu.scss (ok=236 skipped_too_large=80 timed_out=0 panicked=0 failed_to_read=0)
[317/462] excalidraw-excalidraw.git@b9a25540 packages/excalidraw/components/hyperlink/Hyperlink.scss (ok=237 skipped_too_large=80 timed_out=0 panicked=0 failed_to_read=0)
[318/462] excalidraw-excalidraw.git@b9a25540 packages/excalidraw/components/live-collaboration/LiveCollaborationTrigger.scss (ok=238 skipped_too_large=80 timed_out=0 panicked=0 failed_to_read=0)
[319/462] excalidraw-excalidraw.git@b9a25540 packages/excalidraw/css/variables.module.scss (ok=239 skipped_too_large=80 timed_out=0 panicked=0 failed_to_read=0)
[320/462] excalidraw-excalidraw.git@c99e8167 excalidraw-app/index.scss (ok=240 skipped_too_large=80 timed_out=0 panicked=0 failed_to_read=0)
[321/462] excalidraw-excalidraw.git@c99e8167 packages/excalidraw/components/LayerUI.scss (ok=241 skipped_too_large=80 timed_out=0 panicked=0 failed_to_read=0)
[322/462] facebook-react.git@1c66ac74 packages/react-devtools-shared/src/devtools/views/Components/OwnersStack.css (ok=242 skipped_too_large=80 timed_out=0 panicked=0 failed_to_read=0)
[323/462] facebook-react.git@1c66ac74 packages/react-devtools-shared/src/devtools/views/SuspenseTab/SuspenseBreadcrumbs.css (ok=243 skipped_too_large=80 timed_out=0 panicked=0 failed_to_read=0)
[324/462] facebook-react.git@3a2bee26 packages/react-devtools-shared/src/devtools/views/Components/OwnersStack.css (ok=244 skipped_too_large=80 timed_out=0 panicked=0 failed_to_read=0)
[325/462] facebook-react.git@3a2bee26 packages/react-devtools-shared/src/devtools/views/SuspenseTab/SuspenseBreadcrumbs.css (ok=245 skipped_too_large=80 timed_out=0 panicked=0 failed_to_read=0)
[326/462] facebook-react.git@8b276df4 packages/react-devtools-shared/src/devtools/views/SuspenseTab/SuspenseBreadcrumbs.css (ok=246 skipped_too_large=80 timed_out=0 panicked=0 failed_to_read=0)
[327/462] facebook-react.git@8b276df4 packages/react-devtools-shared/src/devtools/views/SuspenseTab/SuspenseTab.css (ok=247 skipped_too_large=80 timed_out=0 panicked=0 failed_to_read=0)
[328/462] fatedier-frp.git@266c492b web/frps/src/assets/css/custom.css (ok=248 skipped_too_large=80 timed_out=0 panicked=0 failed_to_read=0)
[329/462] fatedier-frp.git@886c9c2f web/frpc/src/assets/css/custom.css (ok=249 skipped_too_large=80 timed_out=0 panicked=0 failed_to_read=0)
[330/462] fatedier-frp.git@886c9c2f web/frpc/src/assets/css/dark.css (ok=250 skipped_too_large=80 timed_out=0 panicked=0 failed_to_read=0)
[331/462] freeciv-freeciv.git@d5653b24 data/themes/gtk4/Freeciv/gtk-4.0/gtk.css (ok=251 skipped_too_large=80 timed_out=0 panicked=0 failed_to_read=0)
[332/462] gohugoio-hugo.git@0c2fa246 assets/css/styles.css (ok=252 skipped_too_large=80 timed_out=0 panicked=0 failed_to_read=0)
[333/462] gohugoio-hugo.git@8f3c066d assets/css/styles.css (ok=253 skipped_too_large=80 timed_out=0 panicked=0 failed_to_read=0)
[334/462] gorhill-uBlock.git@161cc473 platform/mv3/extension/css/popup.css (ok=254 skipped_too_large=80 timed_out=0 panicked=0 failed_to_read=0)
[335/462] gorhill-uBlock.git@dfeb4e79 platform/mv3/extension/css/popup.css (ok=255 skipped_too_large=80 timed_out=0 panicked=0 failed_to_read=0)
[336/462] gorhill-uBlock.git@f7f96140 platform/mv3/extension/css/dashboard.css (ok=256 skipped_too_large=80 timed_out=0 panicked=0 failed_to_read=0)
[337/462] langflow-ai-langflow.git@0283f5d7 src/frontend/src/App.css (ok=257 skipped_too_large=80 timed_out=0 panicked=0 failed_to_read=0)
[338/462] langflow-ai-langflow.git@d602738a src/frontend/src/style/ag-theme-shadcn.css (ok=258 skipped_too_large=80 timed_out=0 panicked=0 failed_to_read=0)
[339/462] mastodon-mastodon.git@1e5cad07 app/javascript/mastodon/features/account_timeline/components/redesign.module.scss (ok=259 skipped_too_large=80 timed_out=0 panicked=0 failed_to_read=0)
[340/462] mastodon-mastodon.git@1e5cad07 app/javascript/mastodon/features/account_timeline/v2/styles.module.scss (ok=260 skipped_too_large=80 timed_out=0 panicked=0 failed_to_read=0)
[341/462] mastodon-mastodon.git@d69d7c05 app/javascript/mastodon/features/account_edit/styles.module.scss (ok=261 skipped_too_large=80 timed_out=0 panicked=0 failed_to_read=0)
[342/462] microsoft-vscode.git@0f508377 src/vs/sessions/contrib/chat/browser/media/chatWidget.css (ok=262 skipped_too_large=80 timed_out=0 panicked=0 failed_to_read=0)
[343/462] microsoft-vscode.git@14ccccdc src/vs/sessions/contrib/changesView/browser/media/changesView.css (ok=263 skipped_too_large=80 timed_out=0 panicked=0 failed_to_read=0)
[344/462] microsoft-vscode.git@1b5e0460 src/vs/workbench/contrib/chat/browser/widget/media/chatViewWelcome.css (ok=264 skipped_too_large=80 timed_out=0 panicked=0 failed_to_read=0)
[345/462] microsoft-vscode.git@4a32ff31 src/vs/workbench/contrib/chat/browser/widget/chatContentParts/media/chatTipContent.css (ok=265 skipped_too_large=80 timed_out=0 panicked=0 failed_to_read=0)
[346/462] microsoft-vscode.git@673360f3 src/vs/sessions/contrib/chat/browser/media/chatWelcomePart.css (ok=266 skipped_too_large=80 timed_out=0 panicked=0 failed_to_read=0)
[347/462] microsoft-vscode.git@6cfe4cc7 src/vs/workbench/contrib/chat/browser/widget/chatContentParts/media/chatConfirmationWidget.css (ok=267 skipped_too_large=80 timed_out=0 panicked=0 failed_to_read=0)
[348/462] microsoft-vscode.git@6cfe4cc7 src/vs/workbench/contrib/chat/browser/widget/chatContentParts/media/chatThinkingContent.css (ok=268 skipped_too_large=80 timed_out=0 panicked=0 failed_to_read=0)
[349/462] microsoft-vscode.git@7bd7d524 src/vs/workbench/contrib/chat/browser/widget/media/chatViewWelcome.css (ok=269 skipped_too_large=80 timed_out=0 panicked=0 failed_to_read=0)
[350/462] microsoft-vscode.git@9ceb219f src/vs/workbench/contrib/chat/browser/widget/chatContentParts/media/chatThinkingContent.css (ok=270 skipped_too_large=80 timed_out=0 panicked=0 failed_to_read=0)
[351/462] mozilla-firefox-firefox.git@116e97d6 browser/components/aiwindow/ui/components/ai-website-chip/ai-website-chip.css (ok=271 skipped_too_large=80 timed_out=0 panicked=0 failed_to_read=0)
[352/462] mozilla-firefox-firefox.git@2c6bd7f8 browser/components/backup/content/restore-from-backup.css (ok=272 skipped_too_large=80 timed_out=0 panicked=0 failed_to_read=0)
[353/462] mozilla-firefox-firefox.git@b2e999a9 browser/components/aiwindow/ui/components/ai-website-chip/ai-website-chip.css (ok=273 skipped_too_large=80 timed_out=0 panicked=0 failed_to_read=0)
[354/462] mozilla-pdf.js.git@241e8c18 web/sidebar.css (ok=274 skipped_too_large=80 timed_out=0 panicked=0 failed_to_read=0)
[355/462] nextcloud-server.git@9464eaba dist/dav-settings-admin-example-content.css (ok=275 skipped_too_large=80 timed_out=0 panicked=0 failed_to_read=0)
[356/462] nextcloud-server.git@9464eaba dist/dav-settings-personal-availability.css (ok=276 skipped_too_large=80 timed_out=0 panicked=0 failed_to_read=0)
[357/462] nextcloud-server.git@9464eaba dist/encryption-settings_admin.css (ok=277 skipped_too_large=80 timed_out=0 panicked=0 failed_to_read=0)
[358/462] nextcloud-server.git@9464eaba dist/encryption-settings_personal.css (ok=278 skipped_too_large=80 timed_out=0 panicked=0 failed_to_read=0)
[359/462] nextcloud-server.git@9464eaba dist/files_external-settings.css (ok=279 skipped_too_large=80 timed_out=0 panicked=0 failed_to_read=0)
[360/462] nextcloud-server.git@9464eaba dist/files_reminders-init.css (ok=280 skipped_too_large=80 timed_out=0 panicked=0 failed_to_read=0)
[361/462] nextcloud-server.git@9464eaba dist/user_ldap-settings-admin.css (ok=281 skipped_too_large=80 timed_out=0 panicked=0 failed_to_read=0)
[362/462] prettier-prettier.git@d9bd8abf website/playground/playground.css (ok=282 skipped_too_large=80 timed_out=0 panicked=0 failed_to_read=0)
[363/462] twbs-bootstrap.git@02d8ed85 scss/mixins/_table-variants.scss (ok=283 skipped_too_large=80 timed_out=0 panicked=0 failed_to_read=0)
[364/462] twbs-bootstrap.git@02d8ed85 site/src/scss/_variables.scss (ok=284 skipped_too_large=80 timed_out=0 panicked=0 failed_to_read=0)
[365/462] twbs-bootstrap.git@f50f38b8 scss/_spinners.scss (ok=285 skipped_too_large=80 timed_out=0 panicked=0 failed_to_read=0)
[366/462] Lidarr-Lidarr.git@72774587 frontend/src/Components/Form/TagInputTag.css (ok=286 skipped_too_large=80 timed_out=0 panicked=0 failed_to_read=0)
[367/462] Lidarr-Lidarr.git@fcfc60a2 frontend/src/Settings/Profiles/Delay/DelayProfile.css (ok=287 skipped_too_large=80 timed_out=0 panicked=0 failed_to_read=0)
[368/462] Lidarr-Lidarr.git@fcfc60a2 frontend/src/Settings/Profiles/Delay/DelayProfiles.css (ok=288 skipped_too_large=80 timed_out=0 panicked=0 failed_to_read=0)
[369/462] Radarr-Radarr.git@57f602eb frontend/src/Components/Icon.css (ok=289 skipped_too_large=80 timed_out=0 panicked=0 failed_to_read=0)
[370/462] Radarr-Radarr.git@abf3fc45 frontend/src/Movie/Index/Select/MovieIndexPosterSelect.css (ok=290 skipped_too_large=80 timed_out=0 panicked=0 failed_to_read=0)
[371/462] WordPress-WordPress.git@ec445010 wp-includes/css/dist/block-library/tab/style-rtl.css (ok=291 skipped_too_large=80 timed_out=0 panicked=0 failed_to_read=0)
[372/462] WordPress-WordPress.git@ec445010 wp-includes/css/dist/block-library/tab/style-rtl.min.css (ok=292 skipped_too_large=80 timed_out=0 panicked=0 failed_to_read=0)
[373/462] WordPress-WordPress.git@ec445010 wp-includes/css/dist/block-library/tab/style.css (ok=293 skipped_too_large=80 timed_out=0 panicked=0 failed_to_read=0)
[374/462] WordPress-WordPress.git@ec445010 wp-includes/css/dist/block-library/tab/style.min.css (ok=294 skipped_too_large=80 timed_out=0 panicked=0 failed_to_read=0)
[375/462] excalidraw-excalidraw.git@8013eb5e packages/excalidraw/components/HintViewer.scss (ok=295 skipped_too_large=80 timed_out=0 panicked=0 failed_to_read=0)
[376/462] excalidraw-excalidraw.git@b9a25540 packages/excalidraw/components/Avatar.scss (ok=296 skipped_too_large=80 timed_out=0 panicked=0 failed_to_read=0)
[377/462] excalidraw-excalidraw.git@b9a25540 packages/excalidraw/components/Button.scss (ok=297 skipped_too_large=80 timed_out=0 panicked=0 failed_to_read=0)
[378/462] excalidraw-excalidraw.git@b9a25540 packages/excalidraw/components/ButtonIcon.scss (ok=298 skipped_too_large=80 timed_out=0 panicked=0 failed_to_read=0)
[379/462] excalidraw-excalidraw.git@b9a25540 packages/excalidraw/components/ConfirmDialog.scss (ok=299 skipped_too_large=80 timed_out=0 panicked=0 failed_to_read=0)
[380/462] excalidraw-excalidraw.git@b9a25540 packages/excalidraw/components/ConvertElementTypePopup.scss (ok=300 skipped_too_large=80 timed_out=0 panicked=0 failed_to_read=0)
[381/462] excalidraw-excalidraw.git@b9a25540 packages/excalidraw/components/Dialog.scss (ok=301 skipped_too_large=80 timed_out=0 panicked=0 failed_to_read=0)
[382/462] excalidraw-excalidraw.git@b9a25540 packages/excalidraw/components/FixedSideContainer.scss (ok=302 skipped_too_large=80 timed_out=0 panicked=0 failed_to_read=0)
[383/462] excalidraw-excalidraw.git@b9a25540 packages/excalidraw/components/FontPicker/FontPicker.scss (ok=303 skipped_too_large=80 timed_out=0 panicked=0 failed_to_read=0)
[384/462] excalidraw-excalidraw.git@b9a25540 packages/excalidraw/components/HintViewer.scss (ok=304 skipped_too_large=80 timed_out=0 panicked=0 failed_to_read=0)
[385/462] excalidraw-excalidraw.git@b9a25540 packages/excalidraw/components/PasteChartDialog.scss (ok=305 skipped_too_large=80 timed_out=0 panicked=0 failed_to_read=0)
[386/462] excalidraw-excalidraw.git@b9a25540 packages/excalidraw/components/SVGLayer.scss (ok=306 skipped_too_large=80 timed_out=0 panicked=0 failed_to_read=0)
[387/462] excalidraw-excalidraw.git@b9a25540 packages/excalidraw/components/Sidebar/SidebarTrigger.scss (ok=307 skipped_too_large=80 timed_out=0 panicked=0 failed_to_read=0)
[388/462] excalidraw-excalidraw.git@b9a25540 packages/excalidraw/components/Spinner.scss (ok=308 skipped_too_large=80 timed_out=0 panicked=0 failed_to_read=0)
[389/462] excalidraw-excalidraw.git@b9a25540 packages/excalidraw/components/TextInput.scss (ok=309 skipped_too_large=80 timed_out=0 panicked=0 failed_to_read=0)
[390/462] excalidraw-excalidraw.git@b9a25540 packages/excalidraw/components/Toast.scss (ok=310 skipped_too_large=80 timed_out=0 panicked=0 failed_to_read=0)
[391/462] excalidraw-excalidraw.git@b9a25540 packages/excalidraw/components/ToolPopover.scss (ok=311 skipped_too_large=80 timed_out=0 panicked=0 failed_to_read=0)
[392/462] excalidraw-excalidraw.git@b9a25540 packages/excalidraw/components/Tooltip.scss (ok=312 skipped_too_large=80 timed_out=0 panicked=0 failed_to_read=0)
[393/462] excalidraw-excalidraw.git@b9a25540 packages/excalidraw/components/UnlockPopup.scss (ok=313 skipped_too_large=80 timed_out=0 panicked=0 failed_to_read=0)
[394/462] excalidraw-excalidraw.git@b9a25540 packages/excalidraw/components/footer/FooterCenter.scss (ok=314 skipped_too_large=80 timed_out=0 panicked=0 failed_to_read=0)
[395/462] excalidraw-excalidraw.git@b9a25540 packages/excalidraw/css/app.scss (ok=315 skipped_too_large=80 timed_out=0 panicked=0 failed_to_read=0)
[396/462] gohugoio-hugo.git@0c2fa246 assets/css/components/all.css (ok=316 skipped_too_large=80 timed_out=0 panicked=0 failed_to_read=0)
[397/462] nextcloud-server.git@9464eaba dist/encryption-encryption.css (ok=317 skipped_too_large=80 timed_out=0 panicked=0 failed_to_read=0)
[398/462] nextcloud-server.git@9464eaba dist/federatedfilesharing-init-files.css (ok=318 skipped_too_large=80 timed_out=0 panicked=0 failed_to_read=0)
[399/462] nextcloud-server.git@9464eaba dist/federatedfilesharing-settings-admin.css (ok=319 skipped_too_large=80 timed_out=0 panicked=0 failed_to_read=0)
[400/462] nextcloud-server.git@9464eaba dist/federatedfilesharing-settings-personal.css (ok=320 skipped_too_large=80 timed_out=0 panicked=0 failed_to_read=0)
[401/462] nextcloud-server.git@9464eaba dist/federation-settings-admin.css (ok=321 skipped_too_large=80 timed_out=0 panicked=0 failed_to_read=0)
[402/462] nextcloud-server.git@9464eaba dist/files_external-init.css (ok=322 skipped_too_large=80 timed_out=0 panicked=0 failed_to_read=0)
[403/462] nextcloud-server.git@9464eaba dist/files_trashbin-init.css (ok=323 skipped_too_large=80 timed_out=0 panicked=0 failed_to_read=0)
[404/462] nextcloud-server.git@9464eaba dist/oauth2-settings-admin.css (ok=324 skipped_too_large=80 timed_out=0 panicked=0 failed_to_read=0)
[405/462] nextcloud-server.git@9464eaba dist/profile-main.css (ok=325 skipped_too_large=80 timed_out=0 panicked=0 failed_to_read=0)
[406/462] nextcloud-server.git@9464eaba dist/profile-reference.css (ok=326 skipped_too_large=80 timed_out=0 panicked=0 failed_to_read=0)
[407/462] nextcloud-server.git@9464eaba dist/sharebymail-admin-settings.css (ok=327 skipped_too_large=80 timed_out=0 panicked=0 failed_to_read=0)
[408/462] nextcloud-server.git@9464eaba dist/systemtags-admin.css (ok=328 skipped_too_large=80 timed_out=0 panicked=0 failed_to_read=0)
[409/462] nextcloud-server.git@9464eaba dist/systemtags-init.css (ok=329 skipped_too_large=80 timed_out=0 panicked=0 failed_to_read=0)
[410/462] nextcloud-server.git@9464eaba dist/theming-settings-admin.css (ok=330 skipped_too_large=80 timed_out=0 panicked=0 failed_to_read=0)
[411/462] nextcloud-server.git@9464eaba dist/theming-settings-personal.css (ok=331 skipped_too_large=80 timed_out=0 panicked=0 failed_to_read=0)
[412/462] nextcloud-server.git@9464eaba dist/twofactor_backupcodes-settings-personal.css (ok=332 skipped_too_large=80 timed_out=0 panicked=0 failed_to_read=0)
[413/462] nextcloud-server.git@9464eaba dist/user_ldap-renewPassword.css (ok=333 skipped_too_large=80 timed_out=0 panicked=0 failed_to_read=0)
[414/462] nextcloud-server.git@9464eaba dist/user_status-menu.css (ok=334 skipped_too_large=80 timed_out=0 panicked=0 failed_to_read=0)
[415/462] twbs-bootstrap.git@25aa8cc0 scss/mixins/_banner.scss (ok=335 skipped_too_large=80 timed_out=0 panicked=0 failed_to_read=0)
[416/462] WordPress-WordPress.git@df336fd3 wp-includes/css/dist/edit-site/style-rtl.css (ok=335 skipped_too_large=81 timed_out=0 panicked=0 failed_to_read=0)
[417/462] WordPress-WordPress.git@df336fd3 wp-includes/css/dist/edit-site/style-rtl.min.css (ok=335 skipped_too_large=82 timed_out=0 panicked=0 failed_to_read=0)
[418/462] WordPress-WordPress.git@df336fd3 wp-includes/css/dist/edit-site/style.css (ok=335 skipped_too_large=83 timed_out=0 panicked=0 failed_to_read=0)
[419/462] WordPress-WordPress.git@df336fd3 wp-includes/css/dist/edit-site/style.min.css (ok=335 skipped_too_large=84 timed_out=0 panicked=0 failed_to_read=0)
[420/462] WordPress-WordPress.git@e6427e90 wp-includes/css/dist/edit-site/style-rtl.css (ok=335 skipped_too_large=85 timed_out=0 panicked=0 failed_to_read=0)
[421/462] WordPress-WordPress.git@e6427e90 wp-includes/css/dist/edit-site/style-rtl.min.css (ok=335 skipped_too_large=86 timed_out=0 panicked=0 failed_to_read=0)
[422/462] WordPress-WordPress.git@e6427e90 wp-includes/css/dist/edit-site/style.css (ok=335 skipped_too_large=87 timed_out=0 panicked=0 failed_to_read=0)
[423/462] WordPress-WordPress.git@e6427e90 wp-includes/css/dist/edit-site/style.min.css (ok=335 skipped_too_large=88 timed_out=0 panicked=0 failed_to_read=0)
[424/462] WordPress-WordPress.git@e6427e90 wp-includes/css/dist/editor/style-rtl.css (ok=335 skipped_too_large=89 timed_out=0 panicked=0 failed_to_read=0)
[425/462] WordPress-WordPress.git@e6427e90 wp-includes/css/dist/editor/style-rtl.min.css (ok=335 skipped_too_large=90 timed_out=0 panicked=0 failed_to_read=0)
[426/462] WordPress-WordPress.git@e6427e90 wp-includes/css/dist/editor/style.css (ok=335 skipped_too_large=91 timed_out=0 panicked=0 failed_to_read=0)
[427/462] WordPress-WordPress.git@e6427e90 wp-includes/css/dist/editor/style.min.css (ok=335 skipped_too_large=92 timed_out=0 panicked=0 failed_to_read=0)
[428/462] WordPress-WordPress.git@ec445010 wp-includes/css/dist/block-editor/style-rtl.css (ok=335 skipped_too_large=93 timed_out=0 panicked=0 failed_to_read=0)
[429/462] WordPress-WordPress.git@ec445010 wp-includes/css/dist/block-editor/style-rtl.min.css (ok=335 skipped_too_large=94 timed_out=0 panicked=0 failed_to_read=0)
[430/462] WordPress-WordPress.git@ec445010 wp-includes/css/dist/block-editor/style.css (ok=335 skipped_too_large=95 timed_out=0 panicked=0 failed_to_read=0)
[431/462] WordPress-WordPress.git@ec445010 wp-includes/css/dist/block-editor/style.min.css (ok=335 skipped_too_large=96 timed_out=0 panicked=0 failed_to_read=0)
[432/462] WordPress-WordPress.git@ec445010 wp-includes/css/dist/block-library/style-rtl.css (ok=335 skipped_too_large=97 timed_out=0 panicked=0 failed_to_read=0)
[433/462] WordPress-WordPress.git@ec445010 wp-includes/css/dist/block-library/style-rtl.min.css (ok=335 skipped_too_large=98 timed_out=0 panicked=0 failed_to_read=0)
[434/462] WordPress-WordPress.git@ec445010 wp-includes/css/dist/block-library/style.css (ok=335 skipped_too_large=99 timed_out=0 panicked=0 failed_to_read=0)
[435/462] WordPress-WordPress.git@ec445010 wp-includes/css/dist/block-library/style.min.css (ok=335 skipped_too_large=100 timed_out=0 panicked=0 failed_to_read=0)
[436/462] WordPress-WordPress.git@ec445010 wp-includes/css/dist/components/style-rtl.css (ok=335 skipped_too_large=101 timed_out=0 panicked=0 failed_to_read=0)
[437/462] WordPress-WordPress.git@ec445010 wp-includes/css/dist/components/style-rtl.min.css (ok=335 skipped_too_large=102 timed_out=0 panicked=0 failed_to_read=0)
[438/462] WordPress-WordPress.git@ec445010 wp-includes/css/dist/components/style.css (ok=335 skipped_too_large=103 timed_out=0 panicked=0 failed_to_read=0)
[439/462] WordPress-WordPress.git@ec445010 wp-includes/css/dist/components/style.min.css (ok=335 skipped_too_large=104 timed_out=0 panicked=0 failed_to_read=0)
[440/462] WordPress-WordPress.git@ec445010 wp-includes/css/dist/edit-site/style-rtl.css (ok=335 skipped_too_large=105 timed_out=0 panicked=0 failed_to_read=0)
[441/462] WordPress-WordPress.git@ec445010 wp-includes/css/dist/edit-site/style-rtl.min.css (ok=335 skipped_too_large=106 timed_out=0 panicked=0 failed_to_read=0)
[442/462] WordPress-WordPress.git@ec445010 wp-includes/css/dist/edit-site/style.css (ok=335 skipped_too_large=107 timed_out=0 panicked=0 failed_to_read=0)
[443/462] WordPress-WordPress.git@ec445010 wp-includes/css/dist/edit-site/style.min.css (ok=335 skipped_too_large=108 timed_out=0 panicked=0 failed_to_read=0)
[444/462] WordPress-WordPress.git@ec445010 wp-includes/css/dist/editor/style-rtl.css (ok=335 skipped_too_large=109 timed_out=0 panicked=0 failed_to_read=0)
[445/462] WordPress-WordPress.git@ec445010 wp-includes/css/dist/editor/style-rtl.min.css (ok=335 skipped_too_large=110 timed_out=0 panicked=0 failed_to_read=0)
[446/462] WordPress-WordPress.git@ec445010 wp-includes/css/dist/editor/style.css (ok=335 skipped_too_large=111 timed_out=0 panicked=0 failed_to_read=0)
[447/462] WordPress-WordPress.git@ec445010 wp-includes/css/dist/editor/style.min.css (ok=335 skipped_too_large=112 timed_out=0 panicked=0 failed_to_read=0)
[448/462] WordPress-WordPress.git@f61911ff wp-includes/css/dist/edit-site/style-rtl.css (ok=335 skipped_too_large=113 timed_out=0 panicked=0 failed_to_read=0)
[449/462] WordPress-WordPress.git@f61911ff wp-includes/css/dist/edit-site/style-rtl.min.css (ok=335 skipped_too_large=114 timed_out=0 panicked=0 failed_to_read=0)
[450/462] WordPress-WordPress.git@f61911ff wp-includes/css/dist/edit-site/style.css (ok=335 skipped_too_large=115 timed_out=0 panicked=0 failed_to_read=0)
[451/462] WordPress-WordPress.git@f61911ff wp-includes/css/dist/edit-site/style.min.css (ok=335 skipped_too_large=116 timed_out=0 panicked=0 failed_to_read=0)
[452/462] WordPress-WordPress.git@f61911ff wp-includes/css/dist/editor/style-rtl.css (ok=335 skipped_too_large=117 timed_out=0 panicked=0 failed_to_read=0)
[453/462] WordPress-WordPress.git@f61911ff wp-includes/css/dist/editor/style-rtl.min.css (ok=335 skipped_too_large=118 timed_out=0 panicked=0 failed_to_read=0)
[454/462] WordPress-WordPress.git@f61911ff wp-includes/css/dist/editor/style.css (ok=335 skipped_too_large=119 timed_out=0 panicked=0 failed_to_read=0)
[455/462] WordPress-WordPress.git@f61911ff wp-includes/css/dist/editor/style.min.css (ok=335 skipped_too_large=120 timed_out=0 panicked=0 failed_to_read=0)
[456/462] fatedier-frp.git@1245f880 assets/frps/static/index-Cl4R6mJh.css (ok=335 skipped_too_large=121 timed_out=0 panicked=0 failed_to_read=0)
[457/462] twbs-bootstrap.git@25aa8cc0 dist/css/bootstrap-utilities.css (ok=335 skipped_too_large=122 timed_out=0 panicked=0 failed_to_read=0)
[458/462] twbs-bootstrap.git@25aa8cc0 dist/css/bootstrap-utilities.rtl.css (ok=335 skipped_too_large=123 timed_out=0 panicked=0 failed_to_read=0)
[459/462] twbs-bootstrap.git@25aa8cc0 dist/css/bootstrap.css (ok=335 skipped_too_large=124 timed_out=0 panicked=0 failed_to_read=0)
[460/462] twbs-bootstrap.git@25aa8cc0 dist/css/bootstrap.min.css (ok=335 skipped_too_large=125 timed_out=0 panicked=0 failed_to_read=0)
[461/462] twbs-bootstrap.git@25aa8cc0 dist/css/bootstrap.rtl.css (ok=335 skipped_too_large=126 timed_out=0 panicked=0 failed_to_read=0)
[462/462] twbs-bootstrap.git@25aa8cc0 dist/css/bootstrap.rtl.min.css (ok=335 skipped_too_large=127 timed_out=0 panicked=0 failed_to_read=0)
Measured 462 pairs into "/home/marko/src/codediff/research/results/benchmark_css.csv": ok=335 skipped_too_large=127 timed_out=0 panicked=0 failed_to_read=0
