Loaded 1000 sampled pairs
[1/1000] LadybirdBrowser-ladybird.git@81cb968b Libraries/LibWeb/CSS/Enums.json (ok=1 skipped_too_large=0 timed_out=0 panicked=0 failed_to_read=0)
[2/1000] Lidarr-Lidarr.git@0be9d639 src/NzbDrone.Core/Localization/Core/bg.json (ok=1 skipped_too_large=0 timed_out=1 panicked=0 failed_to_read=0)
[3/1000] Lidarr-Lidarr.git@0be9d639 src/NzbDrone.Core/Localization/Core/hu.json (ok=1 skipped_too_large=1 timed_out=1 panicked=0 failed_to_read=0)
[4/1000] Lidarr-Lidarr.git@b8121759 src/NzbDrone.Core/Localization/Core/en.json (ok=1 skipped_too_large=2 timed_out=1 panicked=0 failed_to_read=0)
[5/1000] Lidarr-Lidarr.git@f8664bf2 src/NzbDrone.Core/Localization/Core/nl.json (ok=1 skipped_too_large=3 timed_out=1 panicked=0 failed_to_read=0)
[6/1000] Radarr-Radarr.git@2dac2dd3 src/NzbDrone.Core/Localization/Core/hr.json (ok=1 skipped_too_large=3 timed_out=2 panicked=0 failed_to_read=0)
[7/1000] Radarr-Radarr.git@2dac2dd3 src/NzbDrone.Core/Localization/Core/sv.json (ok=1 skipped_too_large=4 timed_out=2 panicked=0 failed_to_read=0)
[8/1000] Radarr-Radarr.git@4d22bf1c src/NzbDrone.Core/Localization/Core/cs.json (ok=1 skipped_too_large=5 timed_out=2 panicked=0 failed_to_read=0)
[9/1000] Radarr-Radarr.git@4d22bf1c src/NzbDrone.Core/Localization/Core/hr.json (ok=1 skipped_too_large=5 timed_out=3 panicked=0 failed_to_read=0)
[10/1000] Radarr-Radarr.git@4d22bf1c src/NzbDrone.Core/Localization/Core/ro.json (ok=1 skipped_too_large=6 timed_out=3 panicked=0 failed_to_read=0)
[11/1000] Sonarr-Sonarr.git@ac5b9b14 src/NzbDrone.Core/Localization/Core/it.json (ok=1 skipped_too_large=7 timed_out=3 panicked=0 failed_to_read=0)
[12/1000] apache-superset.git@0d9db04d superset-frontend/package.json (ok=2 skipped_too_large=7 timed_out=3 panicked=0 failed_to_read=0)
[13/1000] excalidraw-excalidraw.git@51ad8951 packages/excalidraw/locales/az-AZ.json (ok=3 skipped_too_large=7 timed_out=3 panicked=0 failed_to_read=0)
[14/1000] excalidraw-excalidraw.git@51ad8951 packages/excalidraw/locales/el-GR.json (ok=4 skipped_too_large=7 timed_out=3 panicked=0 failed_to_read=0)
[15/1000] excalidraw-excalidraw.git@51ad8951 packages/excalidraw/locales/fa-IR.json (ok=5 skipped_too_large=7 timed_out=3 panicked=0 failed_to_read=0)
[16/1000] excalidraw-excalidraw.git@51ad8951 packages/excalidraw/locales/he-IL.json (ok=6 skipped_too_large=7 timed_out=3 panicked=0 failed_to_read=0)
[17/1000] excalidraw-excalidraw.git@51ad8951 packages/excalidraw/locales/it-IT.json (ok=7 skipped_too_large=7 timed_out=3 panicked=0 failed_to_read=0)
[18/1000] excalidraw-excalidraw.git@51ad8951 packages/excalidraw/locales/kab-KAB.json (ok=8 skipped_too_large=7 timed_out=3 panicked=0 failed_to_read=0)
[19/1000] excalidraw-excalidraw.git@51ad8951 packages/excalidraw/locales/pa-IN.json (ok=9 skipped_too_large=7 timed_out=3 panicked=0 failed_to_read=0)
[20/1000] excalidraw-excalidraw.git@51ad8951 packages/excalidraw/locales/ru-RU.json (ok=10 skipped_too_large=7 timed_out=3 panicked=0 failed_to_read=0)
[21/1000] excalidraw-excalidraw.git@51ad8951 packages/excalidraw/locales/ta-IN.json (ok=11 skipped_too_large=7 timed_out=3 panicked=0 failed_to_read=0)
[22/1000] excalidraw-excalidraw.git@8013eb5e packages/excalidraw/locales/en.json (ok=12 skipped_too_large=7 timed_out=3 panicked=0 failed_to_read=0)
[23/1000] excalidraw-excalidraw.git@b5fc8733 packages/excalidraw/locales/de-DE.json (ok=13 skipped_too_large=7 timed_out=3 panicked=0 failed_to_read=0)
[24/1000] excalidraw-excalidraw.git@d1f39823 packages/excalidraw/locales/ar-SA.json (ok=13 skipped_too_large=7 timed_out=4 panicked=0 failed_to_read=0)
[25/1000] excalidraw-excalidraw.git@d1f39823 packages/excalidraw/locales/bg-BG.json (ok=13 skipped_too_large=7 timed_out=5 panicked=0 failed_to_read=0)
[26/1000] excalidraw-excalidraw.git@d1f39823 packages/excalidraw/locales/bn-BD.json (ok=13 skipped_too_large=7 timed_out=6 panicked=0 failed_to_read=0)
[27/1000] excalidraw-excalidraw.git@d1f39823 packages/excalidraw/locales/fi-FI.json (ok=13 skipped_too_large=7 timed_out=7 panicked=0 failed_to_read=0)
[28/1000] excalidraw-excalidraw.git@d1f39823 packages/excalidraw/locales/fr-FR.json (ok=13 skipped_too_large=7 timed_out=8 panicked=0 failed_to_read=0)
[29/1000] excalidraw-excalidraw.git@d1f39823 packages/excalidraw/locales/it-IT.json (ok=13 skipped_too_large=7 timed_out=9 panicked=0 failed_to_read=0)
[30/1000] excalidraw-excalidraw.git@d1f39823 packages/excalidraw/locales/kaa.json (ok=13 skipped_too_large=7 timed_out=10 panicked=0 failed_to_read=0)
[31/1000] excalidraw-excalidraw.git@d1f39823 packages/excalidraw/locales/km-KH.json (ok=13 skipped_too_large=7 timed_out=11 panicked=0 failed_to_read=0)
[32/1000] excalidraw-excalidraw.git@d1f39823 packages/excalidraw/locales/nb-NO.json (ok=13 skipped_too_large=7 timed_out=12 panicked=0 failed_to_read=0)
[33/1000] excalidraw-excalidraw.git@f12ae80b packages/excalidraw/locales/az-AZ.json (ok=14 skipped_too_large=7 timed_out=12 panicked=0 failed_to_read=0)
[34/1000] excalidraw-excalidraw.git@f12ae80b packages/excalidraw/locales/bn-IN.json (ok=15 skipped_too_large=7 timed_out=12 panicked=0 failed_to_read=0)
[35/1000] excalidraw-excalidraw.git@f12ae80b packages/excalidraw/locales/da-DK.json (ok=16 skipped_too_large=7 timed_out=12 panicked=0 failed_to_read=0)
[36/1000] excalidraw-excalidraw.git@f12ae80b packages/excalidraw/locales/de-DE.json (ok=17 skipped_too_large=7 timed_out=12 panicked=0 failed_to_read=0)
[37/1000] excalidraw-excalidraw.git@f12ae80b packages/excalidraw/locales/el-GR.json (ok=18 skipped_too_large=7 timed_out=12 panicked=0 failed_to_read=0)
[38/1000] excalidraw-excalidraw.git@f12ae80b packages/excalidraw/locales/fa-IR.json (ok=19 skipped_too_large=7 timed_out=12 panicked=0 failed_to_read=0)
[39/1000] excalidraw-excalidraw.git@f12ae80b packages/excalidraw/locales/fi-FI.json (ok=20 skipped_too_large=7 timed_out=12 panicked=0 failed_to_read=0)
[40/1000] excalidraw-excalidraw.git@f12ae80b packages/excalidraw/locales/hu-HU.json (ok=20 skipped_too_large=7 timed_out=13 panicked=0 failed_to_read=0)
[41/1000] excalidraw-excalidraw.git@f12ae80b packages/excalidraw/locales/ja-JP.json (ok=21 skipped_too_large=7 timed_out=13 panicked=0 failed_to_read=0)
[42/1000] excalidraw-excalidraw.git@f12ae80b packages/excalidraw/locales/kk-KZ.json (ok=22 skipped_too_large=7 timed_out=13 panicked=0 failed_to_read=0)
[43/1000] excalidraw-excalidraw.git@f12ae80b packages/excalidraw/locales/ku-TR.json (ok=23 skipped_too_large=7 timed_out=13 panicked=0 failed_to_read=0)
[44/1000] excalidraw-excalidraw.git@f12ae80b packages/excalidraw/locales/mr-IN.json (ok=24 skipped_too_large=7 timed_out=13 panicked=0 failed_to_read=0)
[45/1000] excalidraw-excalidraw.git@f12ae80b packages/excalidraw/locales/nb-NO.json (ok=25 skipped_too_large=7 timed_out=13 panicked=0 failed_to_read=0)
[46/1000] excalidraw-excalidraw.git@f12ae80b packages/excalidraw/locales/pa-IN.json (ok=26 skipped_too_large=7 timed_out=13 panicked=0 failed_to_read=0)
[47/1000] excalidraw-excalidraw.git@f12ae80b packages/excalidraw/locales/pl-PL.json (ok=27 skipped_too_large=7 timed_out=13 panicked=0 failed_to_read=0)
[48/1000] excalidraw-excalidraw.git@f12ae80b packages/excalidraw/locales/pt-BR.json (ok=28 skipped_too_large=7 timed_out=13 panicked=0 failed_to_read=0)
[49/1000] excalidraw-excalidraw.git@f12ae80b packages/excalidraw/locales/sk-SK.json (ok=29 skipped_too_large=7 timed_out=13 panicked=0 failed_to_read=0)
[50/1000] excalidraw-excalidraw.git@f12ae80b packages/excalidraw/locales/sv-SE.json (ok=30 skipped_too_large=7 timed_out=13 panicked=0 failed_to_read=0)
[51/1000] excalidraw-excalidraw.git@f12ae80b packages/excalidraw/locales/tr-TR.json (ok=31 skipped_too_large=7 timed_out=13 panicked=0 failed_to_read=0)
[52/1000] gorhill-uBlock.git@00b79d90 assets/assets.dev.json (ok=32 skipped_too_large=7 timed_out=13 panicked=0 failed_to_read=0)
[53/1000] gorhill-uBlock.git@00b79d90 assets/assets.json (ok=33 skipped_too_large=7 timed_out=13 panicked=0 failed_to_read=0)
[54/1000] gorhill-uBlock.git@08b7eafd platform/mv3/extension/_locales/id/messages.json (ok=34 skipped_too_large=7 timed_out=13 panicked=0 failed_to_read=0)
[55/1000] gorhill-uBlock.git@08b7eafd platform/mv3/extension/_locales/ja/messages.json (ok=35 skipped_too_large=7 timed_out=13 panicked=0 failed_to_read=0)
[56/1000] gorhill-uBlock.git@3c1c84df platform/mv3/extension/_locales/sq/messages.json (ok=36 skipped_too_large=7 timed_out=13 panicked=0 failed_to_read=0)
[57/1000] gorhill-uBlock.git@3c1c84df platform/mv3/extension/_locales/uk/messages.json (ok=37 skipped_too_large=7 timed_out=13 panicked=0 failed_to_read=0)
[58/1000] gorhill-uBlock.git@3c1c84df platform/mv3/extension/_locales/zh_CN/messages.json (ok=38 skipped_too_large=7 timed_out=13 panicked=0 failed_to_read=0)
[59/1000] gorhill-uBlock.git@71979832 src/_locales/cv/messages.json (ok=38 skipped_too_large=8 timed_out=13 panicked=0 failed_to_read=0)
[60/1000] gorhill-uBlock.git@71979832 src/_locales/cy/messages.json (ok=38 skipped_too_large=9 timed_out=13 panicked=0 failed_to_read=0)
[61/1000] gorhill-uBlock.git@71979832 src/_locales/gu/messages.json (ok=38 skipped_too_large=10 timed_out=13 panicked=0 failed_to_read=0)
[62/1000] gorhill-uBlock.git@74b838cc platform/mv3/extension/_locales/fi/messages.json (ok=39 skipped_too_large=10 timed_out=13 panicked=0 failed_to_read=0)
[63/1000] gorhill-uBlock.git@74b838cc src/_locales/ta/messages.json (ok=39 skipped_too_large=11 timed_out=13 panicked=0 failed_to_read=0)
[64/1000] gorhill-uBlock.git@7a69bf06 src/_locales/az/messages.json (ok=39 skipped_too_large=12 timed_out=13 panicked=0 failed_to_read=0)
[65/1000] gorhill-uBlock.git@7a69bf06 src/_locales/bn/messages.json (ok=39 skipped_too_large=13 timed_out=13 panicked=0 failed_to_read=0)
[66/1000] gorhill-uBlock.git@7a69bf06 src/_locales/cy/messages.json (ok=39 skipped_too_large=14 timed_out=13 panicked=0 failed_to_read=0)
[67/1000] gorhill-uBlock.git@7a69bf06 src/_locales/en/messages.json (ok=39 skipped_too_large=15 timed_out=13 panicked=0 failed_to_read=0)
[68/1000] gorhill-uBlock.git@7a69bf06 src/_locales/gu/messages.json (ok=39 skipped_too_large=16 timed_out=13 panicked=0 failed_to_read=0)
[69/1000] gorhill-uBlock.git@7a69bf06 src/_locales/hr/messages.json (ok=39 skipped_too_large=17 timed_out=13 panicked=0 failed_to_read=0)
[70/1000] gorhill-uBlock.git@7a69bf06 src/_locales/ja/messages.json (ok=39 skipped_too_large=18 timed_out=13 panicked=0 failed_to_read=0)
[71/1000] gorhill-uBlock.git@7a69bf06 src/_locales/kk/messages.json (ok=39 skipped_too_large=19 timed_out=13 panicked=0 failed_to_read=0)
[72/1000] gorhill-uBlock.git@7a69bf06 src/_locales/lt/messages.json (ok=39 skipped_too_large=20 timed_out=13 panicked=0 failed_to_read=0)
[73/1000] gorhill-uBlock.git@7a69bf06 src/_locales/nb/messages.json (ok=39 skipped_too_large=21 timed_out=13 panicked=0 failed_to_read=0)
[74/1000] gorhill-uBlock.git@7a69bf06 src/_locales/ro/messages.json (ok=39 skipped_too_large=22 timed_out=13 panicked=0 failed_to_read=0)
[75/1000] gorhill-uBlock.git@7a69bf06 src/_locales/ru/messages.json (ok=39 skipped_too_large=23 timed_out=13 panicked=0 failed_to_read=0)
[76/1000] gorhill-uBlock.git@81448c3c platform/mv3/extension/_locales/mk/messages.json (ok=40 skipped_too_large=23 timed_out=13 panicked=0 failed_to_read=0)
[77/1000] gorhill-uBlock.git@9cf8a0fe platform/mv3/extension/_locales/ar/messages.json (ok=41 skipped_too_large=23 timed_out=13 panicked=0 failed_to_read=0)
[78/1000] gorhill-uBlock.git@9cf8a0fe platform/mv3/extension/_locales/az/messages.json (ok=42 skipped_too_large=23 timed_out=13 panicked=0 failed_to_read=0)
[79/1000] gorhill-uBlock.git@9cf8a0fe platform/mv3/extension/_locales/bg/messages.json (ok=43 skipped_too_large=23 timed_out=13 panicked=0 failed_to_read=0)
[80/1000] gorhill-uBlock.git@9cf8a0fe platform/mv3/extension/_locales/bn/messages.json (ok=44 skipped_too_large=23 timed_out=13 panicked=0 failed_to_read=0)
[81/1000] gorhill-uBlock.git@9cf8a0fe platform/mv3/extension/_locales/ca/messages.json (ok=45 skipped_too_large=23 timed_out=13 panicked=0 failed_to_read=0)
[82/1000] gorhill-uBlock.git@9cf8a0fe platform/mv3/extension/_locales/cy/messages.json (ok=46 skipped_too_large=23 timed_out=13 panicked=0 failed_to_read=0)
[83/1000] gorhill-uBlock.git@9cf8a0fe platform/mv3/extension/_locales/el/messages.json (ok=47 skipped_too_large=23 timed_out=13 panicked=0 failed_to_read=0)
[84/1000] gorhill-uBlock.git@9cf8a0fe platform/mv3/extension/_locales/et/messages.json (ok=48 skipped_too_large=23 timed_out=13 panicked=0 failed_to_read=0)
[85/1000] gorhill-uBlock.git@9cf8a0fe platform/mv3/extension/_locales/eu/messages.json (ok=49 skipped_too_large=23 timed_out=13 panicked=0 failed_to_read=0)
[86/1000] gorhill-uBlock.git@9cf8a0fe platform/mv3/extension/_locales/fa/messages.json (ok=50 skipped_too_large=23 timed_out=13 panicked=0 failed_to_read=0)
[87/1000] gorhill-uBlock.git@9cf8a0fe platform/mv3/extension/_locales/fy/messages.json (ok=51 skipped_too_large=23 timed_out=13 panicked=0 failed_to_read=0)
[88/1000] gorhill-uBlock.git@9cf8a0fe platform/mv3/extension/_locales/id/messages.json (ok=52 skipped_too_large=23 timed_out=13 panicked=0 failed_to_read=0)
[89/1000] gorhill-uBlock.git@9cf8a0fe platform/mv3/extension/_locales/ka/messages.json (ok=53 skipped_too_large=23 timed_out=13 panicked=0 failed_to_read=0)
[90/1000] gorhill-uBlock.git@9cf8a0fe platform/mv3/extension/_locales/kn/messages.json (ok=54 skipped_too_large=23 timed_out=13 panicked=0 failed_to_read=0)
[91/1000] gorhill-uBlock.git@9cf8a0fe platform/mv3/extension/_locales/lv/messages.json (ok=55 skipped_too_large=23 timed_out=13 panicked=0 failed_to_read=0)
[92/1000] gorhill-uBlock.git@9cf8a0fe platform/mv3/extension/_locales/ml/messages.json (ok=56 skipped_too_large=23 timed_out=13 panicked=0 failed_to_read=0)
[93/1000] gorhill-uBlock.git@9cf8a0fe platform/mv3/extension/_locales/mr/messages.json (ok=57 skipped_too_large=23 timed_out=13 panicked=0 failed_to_read=0)
[94/1000] gorhill-uBlock.git@9cf8a0fe platform/mv3/extension/_locales/pl/messages.json (ok=58 skipped_too_large=23 timed_out=13 panicked=0 failed_to_read=0)
[95/1000] gorhill-uBlock.git@9cf8a0fe platform/mv3/extension/_locales/so/messages.json (ok=59 skipped_too_large=23 timed_out=13 panicked=0 failed_to_read=0)
[96/1000] gorhill-uBlock.git@9cf8a0fe platform/mv3/extension/_locales/sq/messages.json (ok=60 skipped_too_large=23 timed_out=13 panicked=0 failed_to_read=0)
[97/1000] gorhill-uBlock.git@9cf8a0fe platform/mv3/extension/_locales/ta/messages.json (ok=61 skipped_too_large=23 timed_out=13 panicked=0 failed_to_read=0)
[98/1000] gorhill-uBlock.git@9cf8a0fe platform/mv3/extension/_locales/te/messages.json (ok=62 skipped_too_large=23 timed_out=13 panicked=0 failed_to_read=0)
[99/1000] gorhill-uBlock.git@a0a7a996 assets/assets.dev.json (ok=63 skipped_too_large=23 timed_out=13 panicked=0 failed_to_read=0)
[100/1000] gorhill-uBlock.git@a85fc33c src/_locales/ko/messages.json (ok=63 skipped_too_large=24 timed_out=13 panicked=0 failed_to_read=0)
[101/1000] gorhill-uBlock.git@c8c29faa platform/mv3/extension/_locales/lv/messages.json (ok=64 skipped_too_large=24 timed_out=13 panicked=0 failed_to_read=0)
[102/1000] gorhill-uBlock.git@d136c087 platform/mv3/extension/_locales/bs/messages.json (ok=65 skipped_too_large=24 timed_out=13 panicked=0 failed_to_read=0)
[103/1000] gorhill-uBlock.git@d136c087 src/_locales/ro/messages.json (ok=65 skipped_too_large=25 timed_out=13 panicked=0 failed_to_read=0)
[104/1000] gorhill-uBlock.git@e0fcb848 platform/mv3/extension/_locales/sq/messages.json (ok=66 skipped_too_large=25 timed_out=13 panicked=0 failed_to_read=0)
[105/1000] gorhill-uBlock.git@e7f91cdd platform/mv3/extension/_locales/fr/messages.json (ok=67 skipped_too_large=25 timed_out=13 panicked=0 failed_to_read=0)
[106/1000] gorhill-uBlock.git@e7f91cdd platform/mv3/extension/_locales/ko/messages.json (ok=68 skipped_too_large=25 timed_out=13 panicked=0 failed_to_read=0)
[107/1000] gorhill-uBlock.git@e7f91cdd platform/mv3/extension/_locales/ru/messages.json (ok=69 skipped_too_large=25 timed_out=13 panicked=0 failed_to_read=0)
[108/1000] gorhill-uBlock.git@ede231b9 platform/mv3/extension/_locales/bs/messages.json (ok=70 skipped_too_large=25 timed_out=13 panicked=0 failed_to_read=0)
[109/1000] gorhill-uBlock.git@ede231b9 platform/mv3/extension/_locales/da/messages.json (ok=71 skipped_too_large=25 timed_out=13 panicked=0 failed_to_read=0)
[110/1000] gorhill-uBlock.git@ede231b9 platform/mv3/extension/_locales/eo/messages.json (ok=72 skipped_too_large=25 timed_out=13 panicked=0 failed_to_read=0)
[111/1000] gorhill-uBlock.git@ede231b9 platform/mv3/extension/_locales/fr/messages.json (ok=73 skipped_too_large=25 timed_out=13 panicked=0 failed_to_read=0)
[112/1000] gorhill-uBlock.git@ede231b9 platform/mv3/extension/_locales/gl/messages.json (ok=74 skipped_too_large=25 timed_out=13 panicked=0 failed_to_read=0)
[113/1000] gorhill-uBlock.git@ede231b9 platform/mv3/extension/_locales/hi/messages.json (ok=75 skipped_too_large=25 timed_out=13 panicked=0 failed_to_read=0)
[114/1000] gorhill-uBlock.git@ede231b9 platform/mv3/extension/_locales/hu/messages.json (ok=76 skipped_too_large=25 timed_out=13 panicked=0 failed_to_read=0)
[115/1000] gorhill-uBlock.git@ede231b9 platform/mv3/extension/_locales/ml/messages.json (ok=77 skipped_too_large=25 timed_out=13 panicked=0 failed_to_read=0)
[116/1000] gorhill-uBlock.git@ede231b9 platform/mv3/extension/_locales/ms/messages.json (ok=78 skipped_too_large=25 timed_out=13 panicked=0 failed_to_read=0)
[117/1000] gorhill-uBlock.git@ede231b9 platform/mv3/extension/_locales/pa/messages.json (ok=79 skipped_too_large=25 timed_out=13 panicked=0 failed_to_read=0)
[118/1000] gorhill-uBlock.git@ede231b9 platform/mv3/extension/_locales/sw/messages.json (ok=80 skipped_too_large=25 timed_out=13 panicked=0 failed_to_read=0)
[119/1000] gorhill-uBlock.git@ede231b9 platform/mv3/extension/_locales/ta/messages.json (ok=81 skipped_too_large=25 timed_out=13 panicked=0 failed_to_read=0)
[120/1000] gorhill-uBlock.git@ede231b9 platform/mv3/extension/_locales/tr/messages.json (ok=82 skipped_too_large=25 timed_out=13 panicked=0 failed_to_read=0)
[121/1000] gorhill-uBlock.git@ede231b9 platform/mv3/extension/_locales/uk/messages.json (ok=83 skipped_too_large=25 timed_out=13 panicked=0 failed_to_read=0)
[122/1000] gorhill-uBlock.git@ede231b9 platform/mv3/extension/_locales/ur/messages.json (ok=84 skipped_too_large=25 timed_out=13 panicked=0 failed_to_read=0)
[123/1000] gorhill-uBlock.git@ede231b9 platform/mv3/extension/_locales/vi/messages.json (ok=85 skipped_too_large=25 timed_out=13 panicked=0 failed_to_read=0)
[124/1000] gorhill-uBlock.git@ede231b9 platform/mv3/extension/_locales/zh_CN/messages.json (ok=86 skipped_too_large=25 timed_out=13 panicked=0 failed_to_read=0)
[125/1000] gorhill-uBlock.git@ede231b9 src/_locales/az/messages.json (ok=86 skipped_too_large=26 timed_out=13 panicked=0 failed_to_read=0)
[126/1000] gorhill-uBlock.git@ede231b9 src/_locales/de/messages.json (ok=86 skipped_too_large=27 timed_out=13 panicked=0 failed_to_read=0)
[127/1000] gorhill-uBlock.git@ede231b9 src/_locales/es/messages.json (ok=86 skipped_too_large=28 timed_out=13 panicked=0 failed_to_read=0)
[128/1000] gorhill-uBlock.git@ede231b9 src/_locales/et/messages.json (ok=86 skipped_too_large=29 timed_out=13 panicked=0 failed_to_read=0)
[129/1000] gorhill-uBlock.git@ede231b9 src/_locales/fa/messages.json (ok=86 skipped_too_large=30 timed_out=13 panicked=0 failed_to_read=0)
[130/1000] gorhill-uBlock.git@ede231b9 src/_locales/fil/messages.json (ok=86 skipped_too_large=31 timed_out=13 panicked=0 failed_to_read=0)
[131/1000] gorhill-uBlock.git@ede231b9 src/_locales/fy/messages.json (ok=86 skipped_too_large=32 timed_out=13 panicked=0 failed_to_read=0)
[132/1000] gorhill-uBlock.git@ede231b9 src/_locales/gu/messages.json (ok=86 skipped_too_large=33 timed_out=13 panicked=0 failed_to_read=0)
[133/1000] gorhill-uBlock.git@ede231b9 src/_locales/hu/messages.json (ok=86 skipped_too_large=34 timed_out=13 panicked=0 failed_to_read=0)
[134/1000] gorhill-uBlock.git@ede231b9 src/_locales/ko/messages.json (ok=86 skipped_too_large=35 timed_out=13 panicked=0 failed_to_read=0)
[135/1000] gorhill-uBlock.git@ede231b9 src/_locales/lv/messages.json (ok=86 skipped_too_large=36 timed_out=13 panicked=0 failed_to_read=0)
[136/1000] gorhill-uBlock.git@ede231b9 src/_locales/nb/messages.json (ok=86 skipped_too_large=37 timed_out=13 panicked=0 failed_to_read=0)
[137/1000] gorhill-uBlock.git@ede231b9 src/_locales/pl/messages.json (ok=86 skipped_too_large=38 timed_out=13 panicked=0 failed_to_read=0)
[138/1000] gorhill-uBlock.git@ede231b9 src/_locales/sk/messages.json (ok=86 skipped_too_large=39 timed_out=13 panicked=0 failed_to_read=0)
[139/1000] gorhill-uBlock.git@ede231b9 src/_locales/sl/messages.json (ok=86 skipped_too_large=40 timed_out=13 panicked=0 failed_to_read=0)
[140/1000] gorhill-uBlock.git@ede231b9 src/_locales/th/messages.json (ok=86 skipped_too_large=41 timed_out=13 panicked=0 failed_to_read=0)
[141/1000] gorhill-uBlock.git@f4c3c823 assets/assets.dev.json (ok=87 skipped_too_large=41 timed_out=13 panicked=0 failed_to_read=0)
[142/1000] gorhill-uBlock.git@f4c3c823 assets/assets.json (ok=88 skipped_too_large=41 timed_out=13 panicked=0 failed_to_read=0)
[143/1000] jellyfin-jellyfin.git@56a469d8 Emby.Server.Implementations/Localization/Core/ja.json (ok=89 skipped_too_large=41 timed_out=13 panicked=0 failed_to_read=0)
[144/1000] jellyfin-jellyfin.git@b9e5cce3 Emby.Server.Implementations/Localization/Core/bg-BG.json (ok=90 skipped_too_large=41 timed_out=13 panicked=0 failed_to_read=0)
[145/1000] jellyfin-jellyfin.git@e8232d31 Emby.Server.Implementations/Localization/Core/be.json (ok=91 skipped_too_large=41 timed_out=13 panicked=0 failed_to_read=0)
[146/1000] jesseduffield-lazygit.git@463e81f1 pkg/i18n/translations/ja.json (ok=91 skipped_too_large=42 timed_out=13 panicked=0 failed_to_read=0)
[147/1000] jesseduffield-lazygit.git@463e81f1 pkg/i18n/translations/ko.json (ok=92 skipped_too_large=42 timed_out=13 panicked=0 failed_to_read=0)
[148/1000] jesseduffield-lazygit.git@62913ee2 schema-master/config.json (ok=92 skipped_too_large=43 timed_out=13 panicked=0 failed_to_read=0)
[149/1000] kovidgoyal-calibre.git@5be7a665 bypy/sources.json (ok=93 skipped_too_large=43 timed_out=13 panicked=0 failed_to_read=0)
[150/1000] langflow-ai-langflow.git@0283f5d7 src/backend/base/langflow/initial_setup/starter_projects/Knowledge Ingestion.json (ok=93 skipped_too_large=44 timed_out=13 panicked=0 failed_to_read=0)
[151/1000] langflow-ai-langflow.git@0283f5d7 src/lfx/tests/data/starter_projects_1_6_0/Basic Prompting.json (ok=94 skipped_too_large=44 timed_out=13 panicked=0 failed_to_read=0)
[152/1000] langflow-ai-langflow.git@0283f5d7 src/lfx/tests/data/starter_projects_1_6_0/Search agent.json (ok=94 skipped_too_large=45 timed_out=13 panicked=0 failed_to_read=0)
[153/1000] langflow-ai-langflow.git@22607cc0 src/backend/base/langflow/initial_setup/starter_projects/Basic Prompting.json (ok=94 skipped_too_large=46 timed_out=13 panicked=0 failed_to_read=0)
[154/1000] langflow-ai-langflow.git@2d67402b src/lfx/src/lfx/_assets/stable_hash_history.json (ok=94 skipped_too_large=47 timed_out=13 panicked=0 failed_to_read=0)
[155/1000] langflow-ai-langflow.git@2f4b7d6b src/backend/base/langflow/initial_setup/starter_projects/Research Translation Loop.json (ok=94 skipped_too_large=48 timed_out=13 panicked=0 failed_to_read=0)
[156/1000] langflow-ai-langflow.git@2f4b7d6b src/backend/base/langflow/initial_setup/starter_projects/SaaS Pricing.json (ok=94 skipped_too_large=49 timed_out=13 panicked=0 failed_to_read=0)
[157/1000] langflow-ai-langflow.git@4063abdc src/backend/base/langflow/initial_setup/starter_projects/SaaS Pricing.json (ok=94 skipped_too_large=50 timed_out=13 panicked=0 failed_to_read=0)
[158/1000] langflow-ai-langflow.git@6f9de60d src/backend/base/langflow/initial_setup/starter_projects/Search agent.json (ok=94 skipped_too_large=51 timed_out=13 panicked=0 failed_to_read=0)
[159/1000] langflow-ai-langflow.git@7c43e4c4 src/frontend/tests/assets/outdated_flow.json (ok=94 skipped_too_large=52 timed_out=13 panicked=0 failed_to_read=0)
[160/1000] langflow-ai-langflow.git@86078b23 src/backend/base/langflow/initial_setup/starter_projects/Basic Prompting.json (ok=94 skipped_too_large=53 timed_out=13 panicked=0 failed_to_read=0)
[161/1000] langflow-ai-langflow.git@86078b23 src/backend/base/langflow/initial_setup/starter_projects/Search agent.json (ok=94 skipped_too_large=54 timed_out=13 panicked=0 failed_to_read=0)
[162/1000] langflow-ai-langflow.git@a691fdb2 src/backend/base/langflow/initial_setup/starter_projects/Knowledge Ingestion.json (ok=94 skipped_too_large=55 timed_out=13 panicked=0 failed_to_read=0)
[163/1000] langflow-ai-langflow.git@c20918fe src/lfx/src/lfx/_assets/stable_hash_history.json (ok=94 skipped_too_large=56 timed_out=13 panicked=0 failed_to_read=0)
[164/1000] langflow-ai-langflow.git@cb225422 src/lfx/src/lfx/_assets/stable_hash_history.json (ok=94 skipped_too_large=57 timed_out=13 panicked=0 failed_to_read=0)
[165/1000] langflow-ai-langflow.git@cea60b84 src/lfx/src/lfx/_assets/stable_hash_history.json (ok=94 skipped_too_large=58 timed_out=13 panicked=0 failed_to_read=0)
[166/1000] langflow-ai-langflow.git@e601eadf src/backend/base/langflow/initial_setup/starter_projects/Knowledge Retrieval.json (ok=95 skipped_too_large=58 timed_out=13 panicked=0 failed_to_read=0)
[167/1000] langflow-ai-langflow.git@e601eadf src/backend/base/langflow/initial_setup/starter_projects/Search agent.json (ok=95 skipped_too_large=59 timed_out=13 panicked=0 failed_to_read=0)
[168/1000] louislam-uptime-kuma.git@019b4b75 src/lang/en.json (ok=95 skipped_too_large=60 timed_out=13 panicked=0 failed_to_read=0)
[169/1000] louislam-uptime-kuma.git@593037ac src/lang/en.json (ok=95 skipped_too_large=61 timed_out=13 panicked=0 failed_to_read=0)
[170/1000] louislam-uptime-kuma.git@593435c3 src/lang/en.json (ok=95 skipped_too_large=62 timed_out=13 panicked=0 failed_to_read=0)
[171/1000] louislam-uptime-kuma.git@aca6d02d src/lang/en.json (ok=95 skipped_too_large=63 timed_out=13 panicked=0 failed_to_read=0)
[172/1000] louislam-uptime-kuma.git@ba71a349 src/lang/cs-CZ.json (ok=95 skipped_too_large=64 timed_out=13 panicked=0 failed_to_read=0)
[173/1000] louislam-uptime-kuma.git@f63047ef src/lang/nb-NO.json (ok=95 skipped_too_large=65 timed_out=13 panicked=0 failed_to_read=0)
[174/1000] microsoft-TypeScript.git@3fc1f264 tests/baselines/reference/bundlerDirectoryModule(module=nodenext,moduleresolution=nodenext).trace.json (ok=96 skipped_too_large=65 timed_out=13 panicked=0 failed_to_read=0)
[175/1000] microsoft-TypeScript.git@3fc1f264 tests/baselines/reference/libTypeScriptOverrideSimple.trace.json (ok=97 skipped_too_large=65 timed_out=13 panicked=0 failed_to_read=0)
[176/1000] microsoft-TypeScript.git@3fc1f264 tests/baselines/reference/libTypeScriptOverrideSimpleConfig.trace.json (ok=98 skipped_too_large=65 timed_out=13 panicked=0 failed_to_read=0)
[177/1000] microsoft-TypeScript.git@3fc1f264 tests/baselines/reference/nodeModulesPackagePatternExportsTrailers(module=nodenext).trace.json (ok=99 skipped_too_large=65 timed_out=13 panicked=0 failed_to_read=0)
[178/1000] microsoft-vscode.git@0005b2dc extensions/json-language-features/package-lock.json (ok=100 skipped_too_large=65 timed_out=13 panicked=0 failed_to_read=0)
[179/1000] microsoft-vscode.git@d013e8cd extensions/npm/package.json (ok=101 skipped_too_large=65 timed_out=13 panicked=0 failed_to_read=0)
[180/1000] microsoft-vscode.git@ea2dc89c extensions/theme-2026/themes/2026-light.json (ok=102 skipped_too_large=65 timed_out=13 panicked=0 failed_to_read=0)
[181/1000] microsoft-vscode.git@f8edf625 package.json (ok=103 skipped_too_large=65 timed_out=13 panicked=0 failed_to_read=0)
[182/1000] mozilla-firefox-firefox.git@4fffb3f8 browser/locales/l10n-changesets.json (ok=103 skipped_too_large=66 timed_out=13 panicked=0 failed_to_read=0)
[183/1000] nextcloud-server.git@34314411 apps/files/l10n/tr.json (ok=103 skipped_too_large=66 timed_out=14 panicked=0 failed_to_read=0)
[184/1000] nextcloud-server.git@b4b328cf apps/files_sharing/l10n/mk.json (ok=104 skipped_too_large=66 timed_out=14 panicked=0 failed_to_read=0)
[185/1000] nextcloud-server.git@be5dd03f apps/files_external/l10n/da.json (ok=105 skipped_too_large=66 timed_out=14 panicked=0 failed_to_read=0)
[186/1000] nextcloud-server.git@be5dd03f apps/files_sharing/l10n/el.json (ok=105 skipped_too_large=66 timed_out=15 panicked=0 failed_to_read=0)
[187/1000] nextcloud-server.git@be5dd03f apps/files_sharing/l10n/mn.json (ok=105 skipped_too_large=66 timed_out=16 panicked=0 failed_to_read=0)
[188/1000] nextcloud-server.git@be5dd03f apps/theming/l10n/mn.json (ok=106 skipped_too_large=66 timed_out=16 panicked=0 failed_to_read=0)
[189/1000] nextcloud-server.git@be5dd03f core/l10n/mn.json (ok=106 skipped_too_large=66 timed_out=17 panicked=0 failed_to_read=0)
[190/1000] nextcloud-server.git@c4eddb59 apps/settings/l10n/nl.json (ok=107 skipped_too_large=66 timed_out=17 panicked=0 failed_to_read=0)
[191/1000] nextcloud-server.git@d758f64a apps/files_sharing/l10n/gl.json (ok=108 skipped_too_large=66 timed_out=17 panicked=0 failed_to_read=0)
[192/1000] nextcloud-server.git@e61f0074 apps/files/l10n/mn.json (ok=108 skipped_too_large=66 timed_out=18 panicked=0 failed_to_read=0)
[193/1000] nextcloud-server.git@e61f0074 apps/systemtags/l10n/mn.json (ok=109 skipped_too_large=66 timed_out=18 panicked=0 failed_to_read=0)
[194/1000] nextcloud-server.git@e61f0074 lib/l10n/mn.json (ok=109 skipped_too_large=66 timed_out=19 panicked=0 failed_to_read=0)
[195/1000] open-webui-open-webui.git@9044abf3 src/lib/i18n/locales/en-GB/translation.json (ok=109 skipped_too_large=67 timed_out=19 panicked=0 failed_to_read=0)
[196/1000] open-webui-open-webui.git@9044abf3 src/lib/i18n/locales/lt-LT/translation.json (ok=109 skipped_too_large=68 timed_out=19 panicked=0 failed_to_read=0)
[197/1000] open-webui-open-webui.git@9044abf3 src/lib/i18n/locales/ro-RO/translation.json (ok=109 skipped_too_large=69 timed_out=19 panicked=0 failed_to_read=0)
[198/1000] open-webui-open-webui.git@9044abf3 src/lib/i18n/locales/sr-RS/translation.json (ok=109 skipped_too_large=70 timed_out=19 panicked=0 failed_to_read=0)
[199/1000] puppeteer-puppeteer.git@0bb4703f test/TestExpectations.json (ok=109 skipped_too_large=71 timed_out=19 panicked=0 failed_to_read=0)
[200/1000] puppeteer-puppeteer.git@603fc9ea test/TestExpectations.json (ok=109 skipped_too_large=72 timed_out=19 panicked=0 failed_to_read=0)
[201/1000] puppeteer-puppeteer.git@6624d1dc versions.json (ok=109 skipped_too_large=72 timed_out=20 panicked=0 failed_to_read=0)
[202/1000] puppeteer-puppeteer.git@a51345c0 test/TestExpectations.json (ok=109 skipped_too_large=73 timed_out=20 panicked=0 failed_to_read=0)
[203/1000] puppeteer-puppeteer.git@b0c66a0a test/TestExpectations.json (ok=109 skipped_too_large=74 timed_out=20 panicked=0 failed_to_read=0)
[204/1000] puppeteer-puppeteer.git@c5fdc0c5 versions.json (ok=110 skipped_too_large=74 timed_out=20 panicked=0 failed_to_read=0)
[205/1000] puppeteer-puppeteer.git@f71d8cbc test/TestExpectations.json (ok=110 skipped_too_large=75 timed_out=20 panicked=0 failed_to_read=0)
[206/1000] shadcn-ui-ui.git@0008c487 apps/v4/public/r/styles/base-lyra/chart.json (ok=111 skipped_too_large=75 timed_out=20 panicked=0 failed_to_read=0)
[207/1000] shadcn-ui-ui.git@0008c487 apps/v4/public/r/styles/base-lyra/dropdown-menu.json (ok=112 skipped_too_large=75 timed_out=20 panicked=0 failed_to_read=0)
[208/1000] shadcn-ui-ui.git@0008c487 apps/v4/public/r/styles/base-lyra/field-example.json (ok=113 skipped_too_large=75 timed_out=20 panicked=0 failed_to_read=0)
[209/1000] shadcn-ui-ui.git@0008c487 apps/v4/public/r/styles/base-lyra/preview.json (ok=113 skipped_too_large=75 timed_out=21 panicked=0 failed_to_read=0)
[210/1000] shadcn-ui-ui.git@0008c487 apps/v4/public/r/styles/base-nova/chart.json (ok=114 skipped_too_large=75 timed_out=21 panicked=0 failed_to_read=0)
[211/1000] shadcn-ui-ui.git@0008c487 apps/v4/public/r/styles/base-nova/combobox.json (ok=115 skipped_too_large=75 timed_out=21 panicked=0 failed_to_read=0)
[212/1000] shadcn-ui-ui.git@0008c487 apps/v4/public/r/styles/base-nova/preview.json (ok=115 skipped_too_large=75 timed_out=22 panicked=0 failed_to_read=0)
[213/1000] shadcn-ui-ui.git@0008c487 apps/v4/public/r/styles/base-nova/registry.json (ok=115 skipped_too_large=76 timed_out=22 panicked=0 failed_to_read=0)
[214/1000] shadcn-ui-ui.git@0008c487 apps/v4/public/r/styles/base-vega/field-example.json (ok=115 skipped_too_large=76 timed_out=23 panicked=0 failed_to_read=0)
[215/1000] shadcn-ui-ui.git@0008c487 apps/v4/public/r/styles/base-vega/preview.json (ok=115 skipped_too_large=76 timed_out=24 panicked=0 failed_to_read=0)
[216/1000] shadcn-ui-ui.git@0008c487 apps/v4/public/r/styles/base-vega/sidebar.json (ok=116 skipped_too_large=76 timed_out=24 panicked=0 failed_to_read=0)
[217/1000] shadcn-ui-ui.git@0008c487 apps/v4/public/r/styles/radix-lyra/sidebar.json (ok=117 skipped_too_large=76 timed_out=24 panicked=0 failed_to_read=0)
[218/1000] shadcn-ui-ui.git@0008c487 apps/v4/public/r/styles/radix-maia/dropdown-menu.json (ok=118 skipped_too_large=76 timed_out=24 panicked=0 failed_to_read=0)
[219/1000] shadcn-ui-ui.git@0008c487 apps/v4/public/r/styles/radix-nova/combobox.json (ok=119 skipped_too_large=76 timed_out=24 panicked=0 failed_to_read=0)
[220/1000] shadcn-ui-ui.git@01d5f034 apps/v4/public/r/registries.json (ok=120 skipped_too_large=76 timed_out=24 panicked=0 failed_to_read=0)
[221/1000] shadcn-ui-ui.git@4069c336 apps/v4/public/r/registries.json (ok=121 skipped_too_large=76 timed_out=24 panicked=0 failed_to_read=0)
[222/1000] shadcn-ui-ui.git@46631fc4 apps/v4/public/r/styles/base-nova/toggle-group-example.json (ok=122 skipped_too_large=76 timed_out=24 panicked=0 failed_to_read=0)
[223/1000] shadcn-ui-ui.git@46631fc4 apps/v4/public/r/styles/radix-nova/toggle-group-example.json (ok=123 skipped_too_large=76 timed_out=24 panicked=0 failed_to_read=0)
[224/1000] shadcn-ui-ui.git@474d461b apps/v4/public/r/registries.json (ok=124 skipped_too_large=76 timed_out=24 panicked=0 failed_to_read=0)
[225/1000] shadcn-ui-ui.git@6e2efb4b apps/v4/public/r/registries.json (ok=125 skipped_too_large=76 timed_out=24 panicked=0 failed_to_read=0)
[226/1000] shadcn-ui-ui.git@c759f460 apps/v4/public/r/styles/radix-mira/registry.json (ok=125 skipped_too_large=77 timed_out=24 panicked=0 failed_to_read=0)
[227/1000] shadcn-ui-ui.git@f076420e apps/v4/public/r/styles/radix-lyra/toggle-group-example.json (ok=126 skipped_too_large=77 timed_out=24 panicked=0 failed_to_read=0)
[228/1000] shadcn-ui-ui.git@f076420e apps/v4/public/r/styles/radix-nova/toggle-group-example.json (ok=127 skipped_too_large=77 timed_out=24 panicked=0 failed_to_read=0)
[229/1000] sherlock-project-sherlock.git@1898a0c4 sherlock_project/resources/data.json (ok=127 skipped_too_large=78 timed_out=24 panicked=0 failed_to_read=0)
[230/1000] sherlock-project-sherlock.git@1be2abb0 sherlock_project/resources/data.json (ok=127 skipped_too_large=79 timed_out=24 panicked=0 failed_to_read=0)
[231/1000] sherlock-project-sherlock.git@472c0868 sherlock_project/resources/data.json (ok=127 skipped_too_large=80 timed_out=24 panicked=0 failed_to_read=0)
[232/1000] sherlock-project-sherlock.git@828c4710 sherlock_project/resources/data.json (ok=127 skipped_too_large=81 timed_out=24 panicked=0 failed_to_read=0)
[233/1000] sherlock-project-sherlock.git@8797fcd5 sherlock_project/resources/data.json (ok=127 skipped_too_large=82 timed_out=24 panicked=0 failed_to_read=0)
[234/1000] sherlock-project-sherlock.git@a4aab389 sherlock_project/resources/data.json (ok=127 skipped_too_large=83 timed_out=24 panicked=0 failed_to_read=0)
[235/1000] sherlock-project-sherlock.git@deebe713 sherlock_project/resources/data.json (ok=127 skipped_too_large=84 timed_out=24 panicked=0 failed_to_read=0)
[236/1000] sherlock-project-sherlock.git@eff86990 sherlock_project/resources/data.json (ok=127 skipped_too_large=85 timed_out=24 panicked=0 failed_to_read=0)
[237/1000] twbs-bootstrap.git@07b3816d package.json (ok=128 skipped_too_large=85 timed_out=24 panicked=0 failed_to_read=0)
[238/1000] twbs-bootstrap.git@0aa4f69a package.json (ok=129 skipped_too_large=85 timed_out=24 panicked=0 failed_to_read=0)
[239/1000] twbs-bootstrap.git@21d19a9a package.json (ok=130 skipped_too_large=85 timed_out=24 panicked=0 failed_to_read=0)
[240/1000] twbs-bootstrap.git@35858ff3 package.json (ok=131 skipped_too_large=85 timed_out=24 panicked=0 failed_to_read=0)
[241/1000] twbs-bootstrap.git@68afc562 package.json (ok=132 skipped_too_large=85 timed_out=24 panicked=0 failed_to_read=0)
[242/1000] twbs-bootstrap.git@6ad25a71 package.json (ok=133 skipped_too_large=85 timed_out=24 panicked=0 failed_to_read=0)
[243/1000] twbs-bootstrap.git@90baf94d package.json (ok=134 skipped_too_large=85 timed_out=24 panicked=0 failed_to_read=0)
[244/1000] twbs-bootstrap.git@b4a1d28d package.json (ok=135 skipped_too_large=85 timed_out=24 panicked=0 failed_to_read=0)
[245/1000] twbs-bootstrap.git@c38c6cb6 package.json (ok=136 skipped_too_large=85 timed_out=24 panicked=0 failed_to_read=0)
[246/1000] twbs-bootstrap.git@c985f821 package.json (ok=137 skipped_too_large=85 timed_out=24 panicked=0 failed_to_read=0)
[247/1000] twbs-bootstrap.git@c9e83a12 package.json (ok=138 skipped_too_large=85 timed_out=24 panicked=0 failed_to_read=0)
[248/1000] twbs-bootstrap.git@e52e3b1c package.json (ok=139 skipped_too_large=85 timed_out=24 panicked=0 failed_to_read=0)
[249/1000] twbs-bootstrap.git@ec7a45b8 package.json (ok=140 skipped_too_large=85 timed_out=24 panicked=0 failed_to_read=0)
[250/1000] vercel-next.js.git@2071a816 packages/next/package.json (ok=141 skipped_too_large=85 timed_out=24 panicked=0 failed_to_read=0)
[251/1000] OpenHands-OpenHands.git@d2fd54a0 frontend/package.json (ok=142 skipped_too_large=85 timed_out=24 panicked=0 failed_to_read=0)
[252/1000] Sonarr-Sonarr.git@0d521c07 src/NzbDrone.Core/Localization/Core/hr.json (ok=143 skipped_too_large=85 timed_out=24 panicked=0 failed_to_read=0)
[253/1000] Sonarr-Sonarr.git@5487aa74 src/NzbDrone.Core/Localization/Core/pl.json (ok=144 skipped_too_large=85 timed_out=24 panicked=0 failed_to_read=0)
[254/1000] WordPress-WordPress.git@ec445010 wp-includes/blocks/post-comments-form/block.json (ok=145 skipped_too_large=85 timed_out=24 panicked=0 failed_to_read=0)
[255/1000] WordPress-WordPress.git@ec445010 wp-includes/blocks/post-excerpt/block.json (ok=146 skipped_too_large=85 timed_out=24 panicked=0 failed_to_read=0)
[256/1000] WordPress-WordPress.git@ec445010 wp-includes/blocks/post-terms/block.json (ok=147 skipped_too_large=85 timed_out=24 panicked=0 failed_to_read=0)
[257/1000] apache-superset.git@d0391720 docs/package.json (ok=148 skipped_too_large=85 timed_out=24 panicked=0 failed_to_read=0)
[258/1000] axios-axios.git@29f75425 package.json (ok=149 skipped_too_large=85 timed_out=24 panicked=0 failed_to_read=0)
[259/1000] axios-axios.git@335b79ff package.json (ok=150 skipped_too_large=85 timed_out=24 panicked=0 failed_to_read=0)
[260/1000] axios-axios.git@472c631e package.json (ok=151 skipped_too_large=85 timed_out=24 panicked=0 failed_to_read=0)
[261/1000] axios-axios.git@99d588dc package.json (ok=152 skipped_too_large=85 timed_out=24 panicked=0 failed_to_read=0)
[262/1000] d3-d3.git@c834894e package.json (ok=153 skipped_too_large=85 timed_out=24 panicked=0 failed_to_read=0)
[263/1000] electron-electron.git@3a5f9e0a script/node-disabled-tests.json (ok=154 skipped_too_large=85 timed_out=24 panicked=0 failed_to_read=0)
[264/1000] electron-electron.git@469b2af0 package.json (ok=155 skipped_too_large=85 timed_out=24 panicked=0 failed_to_read=0)
[265/1000] electron-electron.git@dec7f937 package.json (ok=156 skipped_too_large=85 timed_out=24 panicked=0 failed_to_read=0)
[266/1000] electron-electron.git@e9faa14c package.json (ok=157 skipped_too_large=85 timed_out=24 panicked=0 failed_to_read=0)
[267/1000] electron-electron.git@efb3fd98 package.json (ok=158 skipped_too_large=85 timed_out=24 panicked=0 failed_to_read=0)
[268/1000] eslint-eslint.git@0bd54976 docs/package.json (ok=159 skipped_too_large=85 timed_out=24 panicked=0 failed_to_read=0)
[269/1000] eslint-eslint.git@0bd54976 package.json (ok=160 skipped_too_large=85 timed_out=24 panicked=0 failed_to_read=0)
[270/1000] eslint-eslint.git@1d1ca453 docs/package.json (ok=161 skipped_too_large=85 timed_out=24 panicked=0 failed_to_read=0)
[271/1000] eslint-eslint.git@436b82f3 package.json (ok=162 skipped_too_large=85 timed_out=24 panicked=0 failed_to_read=0)
[272/1000] eslint-eslint.git@4e6c4ac0 package.json (ok=163 skipped_too_large=85 timed_out=24 panicked=0 failed_to_read=0)
[273/1000] eslint-eslint.git@55122d6f package.json (ok=164 skipped_too_large=85 timed_out=24 panicked=0 failed_to_read=0)
[274/1000] eslint-eslint.git@6aa1afe6 packages/eslint-config-eslint/package.json (ok=165 skipped_too_large=85 timed_out=24 panicked=0 failed_to_read=0)
[275/1000] eslint-eslint.git@8f360ad6 docs/package.json (ok=166 skipped_too_large=85 timed_out=24 panicked=0 failed_to_read=0)
[276/1000] eslint-eslint.git@8f360ad6 package.json (ok=167 skipped_too_large=85 timed_out=24 panicked=0 failed_to_read=0)
[277/1000] eslint-eslint.git@afc06817 docs/package.json (ok=168 skipped_too_large=85 timed_out=24 panicked=0 failed_to_read=0)
[278/1000] eslint-eslint.git@ba71baa8 package.json (ok=169 skipped_too_large=85 timed_out=24 panicked=0 failed_to_read=0)
[279/1000] eslint-eslint.git@f9c3e7ad docs/package.json (ok=170 skipped_too_large=85 timed_out=24 panicked=0 failed_to_read=0)
[280/1000] eslint-eslint.git@f9c3e7ad package.json (ok=171 skipped_too_large=85 timed_out=24 panicked=0 failed_to_read=0)
[281/1000] excalidraw-excalidraw.git@063533ae packages/excalidraw/package.json (ok=172 skipped_too_large=85 timed_out=24 panicked=0 failed_to_read=0)
[282/1000] excalidraw-excalidraw.git@8fd97032 package.json (ok=173 skipped_too_large=85 timed_out=24 panicked=0 failed_to_read=0)
[283/1000] excalidraw-excalidraw.git@b9a25540 packages/utils/package.json (ok=174 skipped_too_large=85 timed_out=24 panicked=0 failed_to_read=0)
[284/1000] excalidraw-excalidraw.git@c141960a packages/excalidraw/package.json (ok=175 skipped_too_large=85 timed_out=24 panicked=0 failed_to_read=0)
[285/1000] excalidraw-excalidraw.git@d080833f package.json (ok=176 skipped_too_large=85 timed_out=24 panicked=0 failed_to_read=0)
[286/1000] fatedier-frp.git@36718d88 web/frps/package.json (ok=177 skipped_too_large=85 timed_out=24 panicked=0 failed_to_read=0)
[287/1000] fatedier-frp.git@479e9f50 web/frpc/package.json (ok=178 skipped_too_large=85 timed_out=24 panicked=0 failed_to_read=0)
[288/1000] gohugoio-hugo.git@8f3c066d .cspell.json (ok=179 skipped_too_large=85 timed_out=24 panicked=0 failed_to_read=0)
[289/1000] jellyfin-jellyfin.git@32d80861 Emby.Server.Implementations/Localization/Core/pt.json (ok=180 skipped_too_large=85 timed_out=24 panicked=0 failed_to_read=0)
[290/1000] jellyfin-jellyfin.git@411a6cce Emby.Server.Implementations/Localization/Core/zh-CN.json (ok=181 skipped_too_large=85 timed_out=24 panicked=0 failed_to_read=0)
[291/1000] jellyfin-jellyfin.git@62474af0 Emby.Server.Implementations/Localization/Core/tr.json (ok=182 skipped_too_large=85 timed_out=24 panicked=0 failed_to_read=0)
[292/1000] jellyfin-jellyfin.git@6b8400cc Emby.Server.Implementations/Localization/Core/it.json (ok=183 skipped_too_large=85 timed_out=24 panicked=0 failed_to_read=0)
[293/1000] jellyfin-jellyfin.git@b9e5cce3 Emby.Server.Implementations/Localization/Core/ca.json (ok=184 skipped_too_large=85 timed_out=24 panicked=0 failed_to_read=0)
[294/1000] jellyfin-jellyfin.git@b9e5cce3 Emby.Server.Implementations/Localization/Core/cs.json (ok=185 skipped_too_large=85 timed_out=24 panicked=0 failed_to_read=0)
