Loaded 200 sampled pairs
[1/200] Lidarr-Lidarr.git@7b24bc55 frontend/src/Settings/MediaManagement/Naming/NamingModal.js (ok=1 skipped_too_large=0 timed_out=0 panicked=0 failed_to_read=0)
[2/200] Lidarr-Lidarr.git@fcfc60a2 frontend/src/Components/Page/Sidebar/PageSidebar.js (ok=2 skipped_too_large=0 timed_out=0 panicked=0 failed_to_read=0)
[3/200] Lidarr-Lidarr.git@fcfc60a2 frontend/src/Components/SignalRConnector.js (ok=3 skipped_too_large=0 timed_out=0 panicked=0 failed_to_read=0)
[4/200] Lidarr-Lidarr.git@fcfc60a2 frontend/src/Store/Actions/systemActions.js (ok=4 skipped_too_large=0 timed_out=0 panicked=0 failed_to_read=0)
[5/200] axios-axios.git@9e705864 test/unit/adapters/http.js (ok=4 skipped_too_large=1 timed_out=0 panicked=0 failed_to_read=0)
[6/200] eslint-eslint.git@1f42bd78 lib/rules/padding-line-between-statements.js (ok=5 skipped_too_large=1 timed_out=0 panicked=0 failed_to_read=0)
[7/200] eslint-eslint.git@1f42bd78 lib/rules/utils/ast-utils.js (ok=5 skipped_too_large=2 timed_out=0 panicked=0 failed_to_read=0)
[8/200] eslint-eslint.git@3ab4d7e2 tests/lib/config/flat-config-array.js (ok=5 skipped_too_large=3 timed_out=0 panicked=0 failed_to_read=0)
[9/200] eslint-eslint.git@bbb2c93a tests/lib/rules/no-undef.js (ok=6 skipped_too_large=3 timed_out=0 panicked=0 failed_to_read=0)
[10/200] eslint-eslint.git@dbb4c958 Makefile.js (ok=7 skipped_too_large=3 timed_out=0 panicked=0 failed_to_read=0)
[11/200] facebook-react.git@12ba7d81 packages/react-server-dom-webpack/src/__tests__/ReactFlightDOMReply-test.js (ok=8 skipped_too_large=3 timed_out=0 panicked=0 failed_to_read=0)
[12/200] facebook-react.git@12ba7d81 packages/react-server/src/ReactFlightReplyServer.js (ok=8 skipped_too_large=4 timed_out=0 panicked=0 failed_to_read=0)
[13/200] facebook-react.git@3cb2c420 packages/shared/ReactFeatureFlags.js (ok=9 skipped_too_large=4 timed_out=0 panicked=0 failed_to_read=0)
[14/200] facebook-react.git@3cb2c420 scripts/flags/flags.js (ok=10 skipped_too_large=4 timed_out=0 panicked=0 failed_to_read=0)
[15/200] facebook-react.git@6a04c369 packages/react-native-renderer/src/ReactFiberConfigFabric.js (ok=11 skipped_too_large=4 timed_out=0 panicked=0 failed_to_read=0)
[16/200] facebook-react.git@6a04c369 packages/react-reconciler/src/ReactFiberCommitViewTransitions.js (ok=12 skipped_too_large=4 timed_out=0 panicked=0 failed_to_read=0)
[17/200] facebook-react.git@7b5b561b packages/react-devtools-shared/src/backend/types.js (ok=13 skipped_too_large=4 timed_out=0 panicked=0 failed_to_read=0)
[18/200] facebook-react.git@8f415060 packages/react-devtools-shared/src/devtools/views/Components/InspectedElementSuspendedBy.js (ok=14 skipped_too_large=4 timed_out=0 panicked=0 failed_to_read=0)
[19/200] facebook-react.git@ed69815c packages/react-devtools-shared/src/__tests__/storeComponentFilters-test.js (ok=15 skipped_too_large=4 timed_out=0 panicked=0 failed_to_read=0)
[20/200] facebook-react.git@ed69815c packages/react-devtools-shared/src/devtools/store.js (ok=15 skipped_too_large=5 timed_out=0 panicked=0 failed_to_read=0)
[21/200] facebook-react.git@ed69815c packages/react-devtools-shared/src/frontend/types.js (ok=16 skipped_too_large=5 timed_out=0 panicked=0 failed_to_read=0)
[22/200] gorhill-uBlock.git@12d7157d platform/mv3/extension/js/scripting-manager.js (ok=17 skipped_too_large=5 timed_out=0 panicked=0 failed_to_read=0)
[23/200] gorhill-uBlock.git@12d7157d platform/mv3/make-rulesets.js (ok=17 skipped_too_large=6 timed_out=0 panicked=0 failed_to_read=0)
[24/200] gorhill-uBlock.git@2bc251bc platform/mv3/make-rulesets.js (ok=17 skipped_too_large=7 timed_out=0 panicked=0 failed_to_read=0)
[25/200] louislam-uptime-kuma.git@4a6161c5 server/notification.js (ok=18 skipped_too_large=7 timed_out=0 panicked=0 failed_to_read=0)
[26/200] louislam-uptime-kuma.git@c4b73ce1 server/util-server.js (ok=19 skipped_too_large=7 timed_out=0 panicked=0 failed_to_read=0)
[27/200] mermaid-js-mermaid.git@90324df7 cypress/integration/rendering/flowchart-v2.spec.js (ok=20 skipped_too_large=7 timed_out=0 panicked=0 failed_to_read=0)
[28/200] microsoft-TypeScript.git@9059e5bd tests/baselines/reference/tscWatch/noEmit/multiFile/dts-errors-with-incremental.js (ok=21 skipped_too_large=7 timed_out=0 panicked=0 failed_to_read=0)
[29/200] microsoft-TypeScript.git@9059e5bd tests/baselines/reference/tscWatch/noEmit/multiFile/dts-errors.js (ok=22 skipped_too_large=7 timed_out=0 panicked=0 failed_to_read=0)
[30/200] microsoft-TypeScript.git@9059e5bd tests/baselines/reference/tsserver/compileOnSave/emit-in-project.js (ok=23 skipped_too_large=7 timed_out=0 panicked=0 failed_to_read=0)
[31/200] microsoft-TypeScript.git@e688ac8b Herebyfile.mjs (ok=24 skipped_too_large=7 timed_out=0 panicked=0 failed_to_read=0)
[32/200] microsoft-playwright.git@837d8eb4 utils/doclint/generateDotnetApi.js (ok=25 skipped_too_large=7 timed_out=0 panicked=0 failed_to_read=0)
[33/200] mozilla-firefox-firefox.git@50c581b0 toolkit/components/translations/tests/browser/browser_about_translations_resize_sections_with_messages.js (ok=26 skipped_too_large=7 timed_out=0 panicked=0 failed_to_read=0)
[34/200] mozilla-pdf.js.git@12a4fc68 web/pdf_thumbnail_viewer.js (ok=26 skipped_too_large=8 timed_out=0 panicked=0 failed_to_read=0)
[35/200] mozilla-pdf.js.git@5c3878be gulpfile.mjs (ok=26 skipped_too_large=9 timed_out=0 panicked=0 failed_to_read=0)
[36/200] mui-material-ui.git@8663368c docs/data/material/components/table/EnhancedTable.js (ok=27 skipped_too_large=9 timed_out=0 panicked=0 failed_to_read=0)
[37/200] mui-material-ui.git@8663368c docs/data/material/getting-started/templates/blog/components/MainContent.js (ok=28 skipped_too_large=9 timed_out=0 panicked=0 failed_to_read=0)
[38/200] mui-material-ui.git@9139ae28 packages/mui-material/src/PaginationItem/PaginationItem.js (ok=29 skipped_too_large=9 timed_out=0 panicked=0 failed_to_read=0)
[39/200] mui-material-ui.git@954a8d28 packages/mui-material/src/Input/Input.js (ok=30 skipped_too_large=9 timed_out=0 panicked=0 failed_to_read=0)
[40/200] mui-material-ui.git@954a8d28 packages/mui-material/src/InputBase/InputBase.js (ok=31 skipped_too_large=9 timed_out=0 panicked=0 failed_to_read=0)
[41/200] mui-material-ui.git@954a8d28 packages/mui-material/src/InputBase/InputBase.test.js (ok=32 skipped_too_large=9 timed_out=0 panicked=0 failed_to_read=0)
[42/200] mui-material-ui.git@a8847023 packages/mui-material/src/styles/createThemeWithVars.js (ok=33 skipped_too_large=9 timed_out=0 panicked=0 failed_to_read=0)
[43/200] mui-material-ui.git@edc0a178 packages/mui-material/src/LinearProgress/LinearProgress.js (ok=34 skipped_too_large=9 timed_out=0 panicked=0 failed_to_read=0)
[44/200] nextcloud-server.git@2a5e57d2 apps/files_external/l10n/fr.js (ok=34 skipped_too_large=9 timed_out=1 panicked=0 failed_to_read=0)
[45/200] odoo-odoo.git@e1db5c6b addons/pos_online_payment/static/src/app/utils/order_payment_validation.js (ok=35 skipped_too_large=9 timed_out=1 panicked=0 failed_to_read=0)
[46/200] prettier-prettier.git@9d6833e7 src/language-js/print/flow.js (ok=36 skipped_too_large=9 timed_out=1 panicked=0 failed_to_read=0)
[47/200] vercel-next.js.git@0d0b4f62 packages/next/src/compiled/react/cjs/react.development.js (ok=36 skipped_too_large=10 timed_out=1 panicked=0 failed_to_read=0)
[48/200] vercel-next.js.git@df88058f turbopack/crates/turbopack-tests/tests/snapshot/basic-tree-shake/export-namespace/output/0_9x_turbopack-tests_tests_snapshot_basic-tree-shake_export-namespace_input_1mqgz2-._.js (ok=37 skipped_too_large=10 timed_out=1 panicked=0 failed_to_read=0)
[49/200] vercel-next.js.git@df88058f turbopack/crates/turbopack-tests/tests/snapshot/basic-tree-shake/require-side-effect/output/1jsg_tests_snapshot_basic-tree-shake_require-side-effect_input_0fs4qhn._.js (ok=38 skipped_too_large=10 timed_out=1 panicked=0 failed_to_read=0)
[50/200] vercel-next.js.git@df88058f turbopack/crates/turbopack-tests/tests/snapshot/workers/shared/output/1i9t_crates_turbopack-tests_tests_snapshot_workers_shared_input_worker_1xw116u.js (ok=38 skipped_too_large=11 timed_out=1 panicked=0 failed_to_read=0)
[51/200] Lidarr-Lidarr.git@fcfc60a2 frontend/src/Commands/commandNames.js (ok=39 skipped_too_large=11 timed_out=1 panicked=0 failed_to_read=0)
[52/200] Lidarr-Lidarr.git@fcfc60a2 frontend/src/Store/Actions/appActions.js (ok=40 skipped_too_large=11 timed_out=1 panicked=0 failed_to_read=0)
[53/200] axios-axios.git@e9e5ebe4 test/helpers/server.js (ok=41 skipped_too_large=11 timed_out=1 panicked=0 failed_to_read=0)
[54/200] electron-electron.git@f4c4cd14 script/build-stats.mjs (ok=42 skipped_too_large=11 timed_out=1 panicked=0 failed_to_read=0)
[55/200] facebook-react.git@3cb2c420 packages/shared/forks/ReactFeatureFlags.native-oss.js (ok=43 skipped_too_large=11 timed_out=1 panicked=0 failed_to_read=0)
[56/200] facebook-react.git@6a04c369 packages/shared/forks/ReactFeatureFlags.native-oss.js (ok=44 skipped_too_large=11 timed_out=1 panicked=0 failed_to_read=0)
[57/200] facebook-react.git@d594643e packages/shared/forks/ReactFeatureFlags.test-renderer.native-fb.js (ok=45 skipped_too_large=11 timed_out=1 panicked=0 failed_to_read=0)
[58/200] facebook-react.git@d594643e packages/shared/forks/ReactFeatureFlags.test-renderer.www.js (ok=46 skipped_too_large=11 timed_out=1 panicked=0 failed_to_read=0)
[59/200] facebook-react.git@ed69815c packages/react-devtools-shell/src/app/index.js (ok=47 skipped_too_large=11 timed_out=1 panicked=0 failed_to_read=0)
[60/200] gorhill-uBlock.git@69448b2d platform/mv3/extension/js/troubleshooting.js (ok=48 skipped_too_large=11 timed_out=1 panicked=0 failed_to_read=0)
[61/200] gorhill-uBlock.git@ecbe21d7 src/js/resources/prevent-innerHTML.js (ok=49 skipped_too_large=11 timed_out=1 panicked=0 failed_to_read=0)
[62/200] louislam-uptime-kuma.git@a53158af src/icon.js (ok=50 skipped_too_large=11 timed_out=1 panicked=0 failed_to_read=0)
[63/200] microsoft-TypeScript.git@9059e5bd tests/baselines/reference/tscWatch/emit/emit-file-content/file-is-deleted-and-created-as-part-of-change.js (ok=51 skipped_too_large=11 timed_out=1 panicked=0 failed_to_read=0)
[64/200] microsoft-TypeScript.git@9059e5bd tests/baselines/reference/tscWatch/emit/emit-file-content/handles-new-lines-carriageReturn-lineFeed.js (ok=52 skipped_too_large=11 timed_out=1 panicked=0 failed_to_read=0)
[65/200] microsoft-TypeScript.git@9059e5bd tests/baselines/reference/tscWatch/emit/emit-with-outFile-or-out-setting/config-has-out.js (ok=53 skipped_too_large=11 timed_out=1 panicked=0 failed_to_read=0)
[66/200] microsoft-TypeScript.git@9059e5bd tests/baselines/reference/tscWatch/noEmit/multiFile/dts-errors-without-dts-enabled.js (ok=54 skipped_too_large=11 timed_out=1 panicked=0 failed_to_read=0)
[67/200] microsoft-TypeScript.git@9059e5bd tests/baselines/reference/tscWatch/programUpdates/updates-errors-in-lib-file/when-non-module-file-changes/with-skipLibCheck.js (ok=55 skipped_too_large=11 timed_out=1 panicked=0 failed_to_read=0)
[68/200] microsoft-TypeScript.git@9059e5bd tests/baselines/reference/tscWatch/programUpdates/when-skipLibCheck-and-skipDefaultLibCheck-changes.js (ok=56 skipped_too_large=11 timed_out=1 panicked=0 failed_to_read=0)
[69/200] mongodb-mongo.git@3aa84e36 jstests/write_path/timeseries/pbt/timeseries_comparative_pbt.js (ok=57 skipped_too_large=11 timed_out=1 panicked=0 failed_to_read=0)
[70/200] mongodb-mongo.git@959b9d0c jstests/noPassthrough/replicated_fast_count/replicated_fast_count_server_status.js (ok=58 skipped_too_large=11 timed_out=1 panicked=0 failed_to_read=0)
[71/200] mozilla-firefox-firefox.git@50c581b0 browser/components/translations/tests/browser/browser_translations_select_panel_fallback_to_doc_language.js (ok=59 skipped_too_large=11 timed_out=1 panicked=0 failed_to_read=0)
[72/200] mozilla-firefox-firefox.git@ec991049 testing/profiles/reftest/user.js (ok=60 skipped_too_large=11 timed_out=1 panicked=0 failed_to_read=0)
[73/200] mozilla-pdf.js.git@24365938 test/integration/find_spec.mjs (ok=61 skipped_too_large=11 timed_out=1 panicked=0 failed_to_read=0)
[74/200] mozilla-pdf.js.git@24365938 web/text_highlighter.js (ok=62 skipped_too_large=11 timed_out=1 panicked=0 failed_to_read=0)
[75/200] mui-material-ui.git@548c594e packages/mui-material/src/Divider/Divider.js (ok=63 skipped_too_large=11 timed_out=1 panicked=0 failed_to_read=0)
[76/200] mui-material-ui.git@8663368c docs/data/material/components/lists/CustomizedList.js (ok=64 skipped_too_large=11 timed_out=1 panicked=0 failed_to_read=0)
[77/200] mui-material-ui.git@8663368c docs/data/material/components/timeline/CustomizedTimeline.js (ok=65 skipped_too_large=11 timed_out=1 panicked=0 failed_to_read=0)
[78/200] mui-material-ui.git@8663368c docs/data/material/getting-started/templates/crud-dashboard/components/DashboardHeader.js (ok=66 skipped_too_large=11 timed_out=1 panicked=0 failed_to_read=0)
[79/200] mui-material-ui.git@8663368c docs/data/material/getting-started/templates/crud-dashboard/components/EmployeeList.js (ok=67 skipped_too_large=11 timed_out=1 panicked=0 failed_to_read=0)
[80/200] mui-material-ui.git@8663368c packages/mui-material/src/Typography/Typography.js (ok=68 skipped_too_large=11 timed_out=1 panicked=0 failed_to_read=0)
[81/200] mui-material-ui.git@9da15165 packages/mui-material/src/Tab/Tab.js (ok=69 skipped_too_large=11 timed_out=1 panicked=0 failed_to_read=0)
[82/200] mui-material-ui.git@9da15165 packages/mui-material/src/Tab/Tab.test.js (ok=70 skipped_too_large=11 timed_out=1 panicked=0 failed_to_read=0)
[83/200] prettier-prettier.git@1038b123 src/language-js/parse/acorn.js (ok=71 skipped_too_large=11 timed_out=1 panicked=0 failed_to_read=0)
[84/200] prettier-prettier.git@21c8abfd scripts/build/transform/index.js (ok=72 skipped_too_large=11 timed_out=1 panicked=0 failed_to_read=0)
[85/200] prettier-prettier.git@9d6833e7 tests/config/format-test/failed-format-tests.js (ok=73 skipped_too_large=11 timed_out=1 panicked=0 failed_to_read=0)
[86/200] twbs-bootstrap.git@ecf946bf site/src/assets/stackblitz.js (ok=74 skipped_too_large=11 timed_out=1 panicked=0 failed_to_read=0)
[87/200] vercel-next.js.git@0d0b4f62 packages/next/src/compiled/react-dom-experimental/cjs/react-dom.react-server.production.js (ok=75 skipped_too_large=11 timed_out=1 panicked=0 failed_to_read=0)
[88/200] vercel-next.js.git@0d0b4f62 packages/next/src/compiled/react-dom/cjs/react-dom.react-server.production.js (ok=76 skipped_too_large=11 timed_out=1 panicked=0 failed_to_read=0)
[89/200] vercel-next.js.git@df88058f turbopack/crates/turbopack-tests/tests/snapshot/basic-tree-shake/import-named-all/output/0_9x_turbopack-tests_tests_snapshot_basic-tree-shake_import-named-all_input_1orhvu2._.js (ok=77 skipped_too_large=11 timed_out=1 panicked=0 failed_to_read=0)
[90/200] vercel-next.js.git@df88058f turbopack/crates/turbopack-tests/tests/snapshot/basic/async_chunk_build/output/1do3_crates_turbopack-tests_tests_snapshot_basic_async_chunk_build_input_0aldyki._.js (ok=78 skipped_too_large=11 timed_out=1 panicked=0 failed_to_read=0)
[91/200] vercel-next.js.git@df88058f turbopack/crates/turbopack-tests/tests/snapshot/basic/async_chunk_build/output/1do3_crates_turbopack-tests_tests_snapshot_basic_async_chunk_build_input_1a38y3r._.js (ok=79 skipped_too_large=11 timed_out=1 panicked=0 failed_to_read=0)
[92/200] vercel-next.js.git@df88058f turbopack/crates/turbopack-tests/tests/snapshot/css/split-shared/output/turbopack_crates_turbopack-tests_tests_snapshot_css_split-shared_input_1oq4ajl._.js (ok=80 skipped_too_large=11 timed_out=1 panicked=0 failed_to_read=0)
[93/200] vercel-next.js.git@df88058f turbopack/crates/turbopack-tests/tests/snapshot/export-alls/cjs-script/output/1do3_crates_turbopack-tests_tests_snapshot_export-alls_cjs-script_input_1iakubv._.js (ok=81 skipped_too_large=11 timed_out=1 panicked=0 failed_to_read=0)
[94/200] vercel-next.js.git@df88058f turbopack/crates/turbopack-tests/tests/snapshot/import-meta/cjs/output/turbopack_crates_turbopack-tests_tests_snapshot_import-meta_cjs_input_1uw7l3k._.js (ok=82 skipped_too_large=11 timed_out=1 panicked=0 failed_to_read=0)
[95/200] vercel-next.js.git@df88058f turbopack/crates/turbopack-tests/tests/snapshot/import-meta/esm-mutable/output/1do3_crates_turbopack-tests_tests_snapshot_import-meta_esm-mutable_input_20u-wgb._.js (ok=83 skipped_too_large=11 timed_out=1 panicked=0 failed_to_read=0)
[96/200] vercel-next.js.git@df88058f turbopack/crates/turbopack-tests/tests/snapshot/imports/duplicate-binding/output/1do3_crates_turbopack-tests_tests_snapshot_imports_duplicate-binding_input_05k3-r-._.js (ok=84 skipped_too_large=11 timed_out=1 panicked=0 failed_to_read=0)
[97/200] vercel-next.js.git@df88058f turbopack/crates/turbopack-tests/tests/snapshot/node/bun_protocol_external/output/[root-of-the-server]__0vvunn2._.js (ok=85 skipped_too_large=11 timed_out=1 panicked=0 failed_to_read=0)
[98/200] vercel-next.js.git@df88058f turbopack/crates/turbopack-tests/tests/snapshot/remove-unused-imports/exports/output/0_9x_turbopack-tests_tests_snapshot_remove-unused-imports_exports_input_07rt4kf._.js (ok=86 skipped_too_large=11 timed_out=1 panicked=0 failed_to_read=0)
[99/200] vercel-next.js.git@df88058f turbopack/crates/turbopack-tests/tests/snapshot/scope-hoisting/split-shared/output/1jsg_tests_snapshot_scope-hoisting_split-shared_input_big_index_194gu9x.js (ok=87 skipped_too_large=11 timed_out=1 panicked=0 failed_to_read=0)
[100/200] vercel-next.js.git@df88058f turbopack/crates/turbopack-tests/tests/snapshot/scope-hoisting/split-shared/output/1jsg_tests_snapshot_scope-hoisting_split-shared_input_x_inner_09sg0bz.js (ok=88 skipped_too_large=11 timed_out=1 panicked=0 failed_to_read=0)
[101/200] Lidarr-Lidarr.git@fcfc60a2 frontend/src/Helpers/dragTypes.js (ok=89 skipped_too_large=11 timed_out=1 panicked=0 failed_to_read=0)
[102/200] Lidarr-Lidarr.git@fcfc60a2 frontend/src/Settings/Tags/Details/TagDetailsModal.js (ok=90 skipped_too_large=11 timed_out=1 panicked=0 failed_to_read=0)
[103/200] mui-material-ui.git@a8847023 packages/mui-system/src/compose/compose.js (ok=91 skipped_too_large=11 timed_out=1 panicked=0 failed_to_read=0)
[104/200] prettier-prettier.git@1038b123 src/language-js/parse/utilities/source-types.js (ok=92 skipped_too_large=11 timed_out=1 panicked=0 failed_to_read=0)
[105/200] prettier-prettier.git@723adee6 tests/format/js/new-target/format.test.js (ok=93 skipped_too_large=11 timed_out=1 panicked=0 failed_to_read=0)
[106/200] prettier-prettier.git@9d6833e7 tests/format/js/decorators/class-expression/format.test.js (ok=94 skipped_too_large=11 timed_out=1 panicked=0 failed_to_read=0)
[107/200] prettier-prettier.git@9d6833e7 tests/format/js/import-assertions/bracket-spacing/format.test.js (ok=95 skipped_too_large=11 timed_out=1 panicked=0 failed_to_read=0)
[108/200] prettier-prettier.git@9d6833e7 tests/format/js/import-assertions/format.test.js (ok=96 skipped_too_large=11 timed_out=1 panicked=0 failed_to_read=0)
[109/200] vercel-next.js.git@df88058f turbopack/crates/turbopack-tests/tests/snapshot/basic-tree-shake/dynamic-import/output/1ece_tests_snapshot_basic-tree-shake_dynamic-import_input_index_0qno3y-.js (ok=97 skipped_too_large=11 timed_out=1 panicked=0 failed_to_read=0)
[110/200] vercel-next.js.git@df88058f turbopack/crates/turbopack-tests/tests/snapshot/basic-tree-shake/export-named/output/1ece_tests_snapshot_basic-tree-shake_export-named_input_index_210e6bp.js (ok=98 skipped_too_large=11 timed_out=1 panicked=0 failed_to_read=0)
[111/200] vercel-next.js.git@df88058f turbopack/crates/turbopack-tests/tests/snapshot/basic-tree-shake/export-namespace/output/1ece_tests_snapshot_basic-tree-shake_export-namespace_input_index_0tbr8qy.js (ok=99 skipped_too_large=11 timed_out=1 panicked=0 failed_to_read=0)
[112/200] vercel-next.js.git@df88058f turbopack/crates/turbopack-tests/tests/snapshot/basic-tree-shake/import-named-all/output/1ece_tests_snapshot_basic-tree-shake_import-named-all_input_index_0ol2hm0.js (ok=100 skipped_too_large=11 timed_out=1 panicked=0 failed_to_read=0)
[113/200] vercel-next.js.git@df88058f turbopack/crates/turbopack-tests/tests/snapshot/basic-tree-shake/require-side-effect/output/1ece_tests_snapshot_basic-tree-shake_require-side-effect_input_index_1183joi.js (ok=101 skipped_too_large=11 timed_out=1 panicked=0 failed_to_read=0)
[114/200] vercel-next.js.git@df88058f turbopack/crates/turbopack-tests/tests/snapshot/basic/async_chunk/output/1i9t_crates_turbopack-tests_tests_snapshot_basic_async_chunk_input_index_0k4s9ge.js (ok=102 skipped_too_large=11 timed_out=1 panicked=0 failed_to_read=0)
[115/200] vercel-next.js.git@df88058f turbopack/crates/turbopack-tests/tests/snapshot/basic/async_chunk_build/output/index.entry.js (ok=103 skipped_too_large=11 timed_out=1 panicked=0 failed_to_read=0)
[116/200] vercel-next.js.git@df88058f turbopack/crates/turbopack-tests/tests/snapshot/basic/ecmascript_minify/output/index.entry.js (ok=104 skipped_too_large=11 timed_out=1 panicked=0 failed_to_read=0)
[117/200] vercel-next.js.git@df88058f turbopack/crates/turbopack-tests/tests/snapshot/basic/shebang/output/1i9t_crates_turbopack-tests_tests_snapshot_basic_shebang_input_index_0z_jazh.js (ok=105 skipped_too_large=11 timed_out=1 panicked=0 failed_to_read=0)
[118/200] vercel-next.js.git@df88058f turbopack/crates/turbopack-tests/tests/snapshot/css/absolute-uri-import/output/0_9x_turbopack-tests_tests_snapshot_css_absolute-uri-import_input_index_1_zsn0i.js (ok=106 skipped_too_large=11 timed_out=1 panicked=0 failed_to_read=0)
[119/200] vercel-next.js.git@df88058f turbopack/crates/turbopack-tests/tests/snapshot/css/absolute-uri-import/output/0rv8_turbopack-tests_tests_snapshot_css_absolute-uri-import_input_index_1awajwc.js (ok=107 skipped_too_large=11 timed_out=1 panicked=0 failed_to_read=0)
[120/200] vercel-next.js.git@df88058f turbopack/crates/turbopack-tests/tests/snapshot/css/chained-attributes/output/0rv8_turbopack-tests_tests_snapshot_css_chained-attributes_input_index_1fpqjba.js (ok=108 skipped_too_large=11 timed_out=1 panicked=0 failed_to_read=0)
[121/200] vercel-next.js.git@df88058f turbopack/crates/turbopack-tests/tests/snapshot/css/css-modules/output/0_9x_turbopack-tests_tests_snapshot_css_css-modules_input_style_module_css_0ox2tup._.js (ok=109 skipped_too_large=11 timed_out=1 panicked=0 failed_to_read=0)
[122/200] vercel-next.js.git@df88058f turbopack/crates/turbopack-tests/tests/snapshot/css/css/output/1-no_foo_style_css_1pkrete._.js (ok=110 skipped_too_large=11 timed_out=1 panicked=0 failed_to_read=0)
[123/200] vercel-next.js.git@df88058f turbopack/crates/turbopack-tests/tests/snapshot/css/cycle/output/1i9t_crates_turbopack-tests_tests_snapshot_css_cycle_input_index_0qzfn6v.js (ok=111 skipped_too_large=11 timed_out=1 panicked=0 failed_to_read=0)
[124/200] vercel-next.js.git@df88058f turbopack/crates/turbopack-tests/tests/snapshot/css/cycle2/output/1i9t_crates_turbopack-tests_tests_snapshot_css_cycle2_input_index_12qqqsy.js (ok=112 skipped_too_large=11 timed_out=1 panicked=0 failed_to_read=0)
[125/200] vercel-next.js.git@df88058f turbopack/crates/turbopack-tests/tests/snapshot/css/cycle2/output/turbopack_crates_turbopack-tests_tests_snapshot_css_cycle2_input_08nj7rl._.js (ok=113 skipped_too_large=11 timed_out=1 panicked=0 failed_to_read=0)
[126/200] vercel-next.js.git@df88058f turbopack/crates/turbopack-tests/tests/snapshot/css/minification/output/turbopack_crates_turbopack-tests_tests_snapshot_css_minification_input_1x1qn-b._.js (ok=114 skipped_too_large=11 timed_out=1 panicked=0 failed_to_read=0)
[127/200] vercel-next.js.git@df88058f turbopack/crates/turbopack-tests/tests/snapshot/css/url-in-supports-query/output/0_9x_turbopack-tests_tests_snapshot_css_url-in-supports-query_input_index_20mywk3.js (ok=115 skipped_too_large=11 timed_out=1 panicked=0 failed_to_read=0)
[128/200] vercel-next.js.git@df88058f turbopack/crates/turbopack-tests/tests/snapshot/css/url-in-supports-query/output/0rv8_turbopack-tests_tests_snapshot_css_url-in-supports-query_input_index_1tdhjpp.js (ok=116 skipped_too_large=11 timed_out=1 panicked=0 failed_to_read=0)
[129/200] vercel-next.js.git@df88058f turbopack/crates/turbopack-tests/tests/snapshot/cssmodules/relative-uri-import/output/1ece_tests_snapshot_cssmodules_relative-uri-import_input_index_0bx8w-h.js (ok=117 skipped_too_large=11 timed_out=1 panicked=0 failed_to_read=0)
[130/200] vercel-next.js.git@df88058f turbopack/crates/turbopack-tests/tests/snapshot/dynamic-request/very-dynamic/output/0rv8_turbopack-tests_tests_snapshot_dynamic-request_very-dynamic_input_index_173nd8m.js (ok=118 skipped_too_large=11 timed_out=1 panicked=0 failed_to_read=0)
[131/200] vercel-next.js.git@df88058f turbopack/crates/turbopack-tests/tests/snapshot/env/env/output/1i9t_crates_turbopack-tests_tests_snapshot_env_env_input_index_1qdh944.js (ok=119 skipped_too_large=11 timed_out=1 panicked=0 failed_to_read=0)
[132/200] vercel-next.js.git@df88058f turbopack/crates/turbopack-tests/tests/snapshot/env/env/output/turbopack_crates_turbopack-tests_tests_snapshot_env_env_input_13-d6v3._.js (ok=120 skipped_too_large=11 timed_out=1 panicked=0 failed_to_read=0)
[133/200] vercel-next.js.git@df88058f turbopack/crates/turbopack-tests/tests/snapshot/evaluated_entrry/runtime_entry/output/1jsg_tests_snapshot_evaluated_entrry_runtime_entry_input_index_0cujr-g.js (ok=121 skipped_too_large=11 timed_out=1 panicked=0 failed_to_read=0)
[134/200] vercel-next.js.git@df88058f turbopack/crates/turbopack-tests/tests/snapshot/example/example/output/1do3_crates_turbopack-tests_tests_snapshot_example_example_input_index_0kyk3-0.js (ok=122 skipped_too_large=11 timed_out=1 panicked=0 failed_to_read=0)
[135/200] vercel-next.js.git@df88058f turbopack/crates/turbopack-tests/tests/snapshot/import-meta/esm-mutable/output/0rv8_turbopack-tests_tests_snapshot_import-meta_esm-mutable_input_index_0pqlwg3.js (ok=123 skipped_too_large=11 timed_out=1 panicked=0 failed_to_read=0)
[136/200] vercel-next.js.git@df88058f turbopack/crates/turbopack-tests/tests/snapshot/import-meta/url/output/1i9t_crates_turbopack-tests_tests_snapshot_import-meta_url_input_index_0jdnc58.js (ok=124 skipped_too_large=11 timed_out=1 panicked=0 failed_to_read=0)
[137/200] vercel-next.js.git@df88058f turbopack/crates/turbopack-tests/tests/snapshot/imports/dynamic/output/1do3_crates_turbopack-tests_tests_snapshot_imports_dynamic_input_index_0ebkhgw.js (ok=125 skipped_too_large=11 timed_out=1 panicked=0 failed_to_read=0)
[138/200] vercel-next.js.git@df88058f turbopack/crates/turbopack-tests/tests/snapshot/imports/dynamic/output/1do3_crates_turbopack-tests_tests_snapshot_imports_dynamic_input_vercel_mjs_10v2lax._.js (ok=126 skipped_too_large=11 timed_out=1 panicked=0 failed_to_read=0)
[139/200] vercel-next.js.git@df88058f turbopack/crates/turbopack-tests/tests/snapshot/imports/ignore-comments/output/0_9x_turbopack-tests_tests_snapshot_imports_ignore-comments_input_vercel_mjs_1w__q5-._.js (ok=127 skipped_too_large=11 timed_out=1 panicked=0 failed_to_read=0)
[140/200] vercel-next.js.git@df88058f turbopack/crates/turbopack-tests/tests/snapshot/imports/ignore-comments/output/0rv8_turbopack-tests_tests_snapshot_imports_ignore-comments_input_index_1aqs1qt.js (ok=128 skipped_too_large=11 timed_out=1 panicked=0 failed_to_read=0)
[141/200] vercel-next.js.git@df88058f turbopack/crates/turbopack-tests/tests/snapshot/imports/ignore-comments/output/0rv8_turbopack-tests_tests_snapshot_imports_ignore-comments_input_vercel_cjs_02p77ng._.js (ok=129 skipped_too_large=11 timed_out=1 panicked=0 failed_to_read=0)
[142/200] vercel-next.js.git@df88058f turbopack/crates/turbopack-tests/tests/snapshot/imports/optional-comments/output/1jsg_tests_snapshot_imports_optional-comments_input_existing_mjs_0sg3w6-._.js (ok=130 skipped_too_large=11 timed_out=1 panicked=0 failed_to_read=0)
[143/200] vercel-next.js.git@df88058f turbopack/crates/turbopack-tests/tests/snapshot/imports/order/output/1i9t_crates_turbopack-tests_tests_snapshot_imports_order_input_index_1q7ppn1.js (ok=131 skipped_too_large=11 timed_out=1 panicked=0 failed_to_read=0)
[144/200] vercel-next.js.git@df88058f turbopack/crates/turbopack-tests/tests/snapshot/imports/resolve_error_cjs/output/0rv8_turbopack-tests_tests_snapshot_imports_resolve_error_cjs_input_index_1f71ljk.js (ok=132 skipped_too_large=11 timed_out=1 panicked=0 failed_to_read=0)
[145/200] vercel-next.js.git@df88058f turbopack/crates/turbopack-tests/tests/snapshot/imports/resolve_error_esm/output/0_9x_turbopack-tests_tests_snapshot_imports_resolve_error_esm_input_index_1c8ndk9.js (ok=133 skipped_too_large=11 timed_out=1 panicked=0 failed_to_read=0)
[146/200] vercel-next.js.git@df88058f turbopack/crates/turbopack-tests/tests/snapshot/imports/resolve_error_esm/output/0rv8_turbopack-tests_tests_snapshot_imports_resolve_error_esm_input_index_0sez0x_.js (ok=134 skipped_too_large=11 timed_out=1 panicked=0 failed_to_read=0)
[147/200] vercel-next.js.git@df88058f turbopack/crates/turbopack-tests/tests/snapshot/source_maps/invalid/output/1do3_crates_turbopack-tests_tests_snapshot_source_maps_invalid_input_index_0319hru.js (ok=135 skipped_too_large=11 timed_out=1 panicked=0 failed_to_read=0)
[148/200] vercel-next.js.git@df88058f turbopack/crates/turbopack-tests/tests/snapshot/source_maps/invalid/output/1i9t_crates_turbopack-tests_tests_snapshot_source_maps_invalid_input_index_02k04hh.js (ok=136 skipped_too_large=11 timed_out=1 panicked=0 failed_to_read=0)
[149/200] vercel-next.js.git@df88058f turbopack/crates/turbopack-tests/tests/snapshot/styled_components/styled_components/output/1ece_tests_snapshot_styled_components_styled_components_input_index_0f3bg15.js (ok=137 skipped_too_large=11 timed_out=1 panicked=0 failed_to_read=0)
[150/200] vercel-next.js.git@df88058f turbopack/crates/turbopack-tests/tests/snapshot/typescript/jsconfig-baseurl/output/0rv8_turbopack-tests_tests_snapshot_typescript_jsconfig-baseurl_input_index_017mg0q.js (ok=138 skipped_too_large=11 timed_out=1 panicked=0 failed_to_read=0)
[151/200] WordPress-WordPress.git@2a50116f wp-includes/js/media-views.js (ok=138 skipped_too_large=12 timed_out=1 panicked=0 failed_to_read=0)
[152/200] WordPress-WordPress.git@2a50116f wp-includes/js/media-views.min.js (ok=138 skipped_too_large=13 timed_out=1 panicked=0 failed_to_read=0)
[153/200] WordPress-WordPress.git@2e123634 wp-includes/js/media-views.js (ok=138 skipped_too_large=14 timed_out=1 panicked=0 failed_to_read=0)
[154/200] WordPress-WordPress.git@2e123634 wp-includes/js/media-views.min.js (ok=138 skipped_too_large=15 timed_out=1 panicked=0 failed_to_read=0)
[155/200] WordPress-WordPress.git@2fdfad4e wp-includes/build/routes/connectors-home/content.js (ok=138 skipped_too_large=16 timed_out=1 panicked=0 failed_to_read=0)
[156/200] axios-axios.git@4d8931ca tests/unit/adapters/http.test.js (ok=138 skipped_too_large=17 timed_out=1 panicked=0 failed_to_read=0)
[157/200] axios-axios.git@63e12ecb tests/unit/adapters/http.test.js (ok=138 skipped_too_large=18 timed_out=1 panicked=0 failed_to_read=0)
[158/200] axios-axios.git@9e705864 tests/unit/adapters/http.test.js (ok=138 skipped_too_large=19 timed_out=1 panicked=0 failed_to_read=0)
[159/200] eslint-eslint.git@1f42bd78 tests/lib/eslint/eslint.js (ok=138 skipped_too_large=20 timed_out=1 panicked=0 failed_to_read=0)
[160/200] eslint-eslint.git@1f42bd78 tests/performance/jshint.js (ok=138 skipped_too_large=21 timed_out=1 panicked=0 failed_to_read=0)
[161/200] facebook-react.git@014138df packages/react-devtools-shared/src/backend/fiber/renderer.js (ok=139 skipped_too_large=21 timed_out=1 panicked=0 failed_to_read=0)
[162/200] facebook-react.git@014138df packages/react-reconciler/src/ReactFiberBeginWork.js (ok=139 skipped_too_large=22 timed_out=1 panicked=0 failed_to_read=0)
[163/200] facebook-react.git@b4546cd0 packages/react-reconciler/src/ReactFiberWorkLoop.js (ok=139 skipped_too_large=23 timed_out=1 panicked=0 failed_to_read=0)
[164/200] facebook-react.git@c0d218f0 packages/react-reconciler/src/ReactFiberWorkLoop.js (ok=139 skipped_too_large=24 timed_out=1 panicked=0 failed_to_read=0)
[165/200] facebook-react.git@c80a0750 packages/react-dom-bindings/src/client/ReactFiberConfigDOM.js (ok=139 skipped_too_large=25 timed_out=1 panicked=0 failed_to_read=0)
[166/200] facebook-react.git@ed69815c packages/react-devtools-shared/src/__tests__/store-test.js (ok=139 skipped_too_large=26 timed_out=1 panicked=0 failed_to_read=0)
[167/200] gorhill-uBlock.git@12d7157d src/js/static-net-filtering.js (ok=139 skipped_too_large=27 timed_out=1 panicked=0 failed_to_read=0)
[168/200] gorhill-uBlock.git@21f5c387 src/js/static-net-filtering.js (ok=139 skipped_too_large=28 timed_out=1 panicked=0 failed_to_read=0)
[169/200] gorhill-uBlock.git@e7971e6b src/js/static-net-filtering.js (ok=139 skipped_too_large=29 timed_out=1 panicked=0 failed_to_read=0)
[170/200] microsoft-TypeScript.git@0ed1ee5d tests/baselines/reference/temporal.js (ok=139 skipped_too_large=30 timed_out=1 panicked=0 failed_to_read=0)
[171/200] mozilla-firefox-firefox.git@403b5cb7 browser/extensions/newtab/data/content/activity-stream.bundle.js (ok=139 skipped_too_large=31 timed_out=1 panicked=0 failed_to_read=0)
[172/200] mozilla-firefox-firefox.git@403b5cb7 browser/extensions/newtab/data/content/vendor.bundle.js (ok=139 skipped_too_large=32 timed_out=1 panicked=0 failed_to_read=0)
[173/200] mozilla-firefox-firefox.git@46e4894c browser/app/profile/firefox.js (ok=139 skipped_too_large=33 timed_out=1 panicked=0 failed_to_read=0)
[174/200] mozilla-firefox-firefox.git@50c581b0 toolkit/components/translations/tests/browser/shared-head.js (ok=139 skipped_too_large=34 timed_out=1 panicked=0 failed_to_read=0)
[175/200] mozilla-pdf.js.git@a0102abe src/display/api.js (ok=139 skipped_too_large=35 timed_out=1 panicked=0 failed_to_read=0)
[176/200] nzbgetcom-nzbget.git@3c41b51f webui/config.js (ok=139 skipped_too_large=36 timed_out=1 panicked=0 failed_to_read=0)
[177/200] vercel-next.js.git@0d0b4f62 packages/next/src/compiled/react-dom-experimental/cjs/react-dom-client.production.js (ok=139 skipped_too_large=37 timed_out=1 panicked=0 failed_to_read=0)
[178/200] vercel-next.js.git@0d0b4f62 packages/next/src/compiled/react-dom-experimental/cjs/react-dom-profiling.profiling.js (ok=139 skipped_too_large=38 timed_out=1 panicked=0 failed_to_read=0)
[179/200] vercel-next.js.git@0d0b4f62 packages/next/src/compiled/react-dom-experimental/cjs/react-dom-server-legacy.browser.development.js (ok=139 skipped_too_large=39 timed_out=1 panicked=0 failed_to_read=0)
[180/200] vercel-next.js.git@0d0b4f62 packages/next/src/compiled/react-dom-experimental/cjs/react-dom-server-legacy.node.development.js (ok=139 skipped_too_large=40 timed_out=1 panicked=0 failed_to_read=0)
[181/200] vercel-next.js.git@0d0b4f62 packages/next/src/compiled/react-dom-experimental/cjs/react-dom-server-legacy.node.production.js (ok=139 skipped_too_large=41 timed_out=1 panicked=0 failed_to_read=0)
[182/200] vercel-next.js.git@0d0b4f62 packages/next/src/compiled/react-dom-experimental/cjs/react-dom-server.browser.development.js (ok=139 skipped_too_large=42 timed_out=1 panicked=0 failed_to_read=0)
[183/200] vercel-next.js.git@0d0b4f62 packages/next/src/compiled/react-dom-experimental/cjs/react-dom-server.browser.production.js (ok=139 skipped_too_large=43 timed_out=1 panicked=0 failed_to_read=0)
[184/200] vercel-next.js.git@0d0b4f62 packages/next/src/compiled/react-dom-experimental/cjs/react-dom-server.edge.development.js (ok=139 skipped_too_large=44 timed_out=1 panicked=0 failed_to_read=0)
[185/200] vercel-next.js.git@0d0b4f62 packages/next/src/compiled/react-dom-experimental/cjs/react-dom-server.edge.production.js (ok=139 skipped_too_large=45 timed_out=1 panicked=0 failed_to_read=0)
[186/200] vercel-next.js.git@0d0b4f62 packages/next/src/compiled/react-dom-experimental/cjs/react-dom-server.node.development.js (ok=139 skipped_too_large=46 timed_out=1 panicked=0 failed_to_read=0)
[187/200] vercel-next.js.git@0d0b4f62 packages/next/src/compiled/react-dom-experimental/cjs/react-dom-server.node.production.js (ok=139 skipped_too_large=47 timed_out=1 panicked=0 failed_to_read=0)
[188/200] vercel-next.js.git@0d0b4f62 packages/next/src/compiled/react-dom/cjs/react-dom-server-legacy.browser.development.js (ok=139 skipped_too_large=48 timed_out=1 panicked=0 failed_to_read=0)
[189/200] vercel-next.js.git@0d0b4f62 packages/next/src/compiled/react-dom/cjs/react-dom-server-legacy.node.development.js (ok=139 skipped_too_large=49 timed_out=1 panicked=0 failed_to_read=0)
[190/200] vercel-next.js.git@0d0b4f62 packages/next/src/compiled/react-dom/cjs/react-dom-server-legacy.node.production.js (ok=139 skipped_too_large=50 timed_out=1 panicked=0 failed_to_read=0)
[191/200] vercel-next.js.git@0d0b4f62 packages/next/src/compiled/react-dom/cjs/react-dom-server.browser.development.js (ok=139 skipped_too_large=51 timed_out=1 panicked=0 failed_to_read=0)
[192/200] vercel-next.js.git@0d0b4f62 packages/next/src/compiled/react-dom/cjs/react-dom-server.bun.production.js (ok=139 skipped_too_large=52 timed_out=1 panicked=0 failed_to_read=0)
[193/200] vercel-next.js.git@0d0b4f62 packages/next/src/compiled/react-dom/cjs/react-dom-server.edge.development.js (ok=139 skipped_too_large=53 timed_out=1 panicked=0 failed_to_read=0)
[194/200] vercel-next.js.git@0d0b4f62 packages/next/src/compiled/react-dom/cjs/react-dom-server.edge.production.js (ok=139 skipped_too_large=54 timed_out=1 panicked=0 failed_to_read=0)
[195/200] vercel-next.js.git@0d0b4f62 packages/next/src/compiled/react-dom/cjs/react-dom-server.node.development.js (ok=139 skipped_too_large=55 timed_out=1 panicked=0 failed_to_read=0)
[196/200] vercel-next.js.git@0d0b4f62 packages/next/src/compiled/react-dom/cjs/react-dom-server.node.production.js (ok=139 skipped_too_large=56 timed_out=1 panicked=0 failed_to_read=0)
[197/200] vercel-next.js.git@0d0b4f62 packages/next/src/compiled/react-server-dom-turbopack-experimental/cjs/react-server-dom-turbopack-client.browser.development.js (ok=139 skipped_too_large=57 timed_out=1 panicked=0 failed_to_read=0)
[198/200] vercel-next.js.git@0d0b4f62 packages/next/src/compiled/react-server-dom-turbopack/cjs/react-server-dom-turbopack-client.browser.development.js (ok=139 skipped_too_large=58 timed_out=1 panicked=0 failed_to_read=0)
[199/200] vercel-next.js.git@0d0b4f62 packages/next/src/compiled/react-server-dom-webpack-experimental/cjs/react-server-dom-webpack-client.browser.development.js (ok=139 skipped_too_large=59 timed_out=1 panicked=0 failed_to_read=0)
[200/200] vercel-next.js.git@0d0b4f62 packages/next/src/compiled/react-server-dom-webpack/cjs/react-server-dom-webpack-client.browser.development.js (ok=139 skipped_too_large=60 timed_out=1 panicked=0 failed_to_read=0)
Measured 200 pairs into "/home/m/src/codediff/research/results/benchmark_javascript.csv": ok=139 skipped_too_large=60 timed_out=1 panicked=0 failed_to_read=0
