Loaded 68 sampled pairs
[1/68] WordPress-WordPress.git@0c97fcf5 wp-admin/includes/nav-menu.php (ok=0 skipped_too_large=1 timed_out=0 panicked=0 failed_to_read=0)
[2/68] WordPress-WordPress.git@239e8edc wp-includes/abilities-api.php (ok=1 skipped_too_large=1 timed_out=0 panicked=0 failed_to_read=0)
[3/68] WordPress-WordPress.git@239e8edc wp-includes/abilities-api/class-wp-abilities-registry.php (ok=2 skipped_too_large=1 timed_out=0 panicked=0 failed_to_read=0)
[4/68] WordPress-WordPress.git@239e8edc wp-includes/abilities-api/class-wp-ability.php (ok=3 skipped_too_large=1 timed_out=0 panicked=0 failed_to_read=0)
[5/68] WordPress-WordPress.git@94ac2d4d wp-admin/includes/user.php (ok=4 skipped_too_large=1 timed_out=0 panicked=0 failed_to_read=0)
[6/68] WordPress-WordPress.git@b801c240 wp-includes/default-constants.php (ok=5 skipped_too_large=1 timed_out=0 panicked=0 failed_to_read=0)
[7/68] WordPress-WordPress.git@f01eb1ab wp-includes/ai-client/class-wp-ai-client-prompt-builder.php (ok=6 skipped_too_large=1 timed_out=0 panicked=0 failed_to_read=0)
[8/68] WordPress-WordPress.git@ff722636 wp-includes/pomo/po.php (ok=7 skipped_too_large=1 timed_out=0 panicked=0 failed_to_read=0)
[9/68] nextcloud-server.git@1398c598 apps/user_ldap/lib/Configuration.php (ok=8 skipped_too_large=1 timed_out=0 panicked=0 failed_to_read=0)
[10/68] nextcloud-server.git@1398c598 apps/user_ldap/lib/Wizard.php (ok=8 skipped_too_large=2 timed_out=0 panicked=0 failed_to_read=0)
[11/68] nextcloud-server.git@2c068f36 apps/workflowengine/lib/Manager.php (ok=9 skipped_too_large=2 timed_out=0 panicked=0 failed_to_read=0)
[12/68] nextcloud-server.git@614afec2 lib/private/App/AppManager.php (ok=9 skipped_too_large=3 timed_out=0 panicked=0 failed_to_read=0)
[13/68] nextcloud-server.git@6b49aa79 lib/private/Setup.php (ok=10 skipped_too_large=3 timed_out=0 panicked=0 failed_to_read=0)
[14/68] nextcloud-server.git@b2569283 apps/dav/lib/CardDAV/CardDavBackend.php (ok=10 skipped_too_large=4 timed_out=0 panicked=0 failed_to_read=0)
[15/68] nextcloud-server.git@c88a1d39 apps/user_ldap/lib/Configuration.php (ok=11 skipped_too_large=4 timed_out=0 panicked=0 failed_to_read=0)
[16/68] nextcloud-server.git@cd2d09de lib/private/Accounts/AccountManager.php (ok=12 skipped_too_large=4 timed_out=0 panicked=0 failed_to_read=0)
[17/68] nextcloud-server.git@cd2d09de lib/private/Files/SetupManager.php (ok=13 skipped_too_large=4 timed_out=0 panicked=0 failed_to_read=0)
[18/68] nextcloud-server.git@cd2d09de lib/private/Files/Storage/Common.php (ok=14 skipped_too_large=4 timed_out=0 panicked=0 failed_to_read=0)
[19/68] nextcloud-server.git@cd2d09de lib/private/Server.php (ok=14 skipped_too_large=5 timed_out=0 panicked=0 failed_to_read=0)
[20/68] nextcloud-server.git@cd2d09de lib/private/Setup.php (ok=15 skipped_too_large=5 timed_out=0 panicked=0 failed_to_read=0)
[21/68] nextcloud-server.git@f2c73ebf apps/theming/lib/ThemingDefaults.php (ok=16 skipped_too_large=5 timed_out=0 panicked=0 failed_to_read=0)
[22/68] nextcloud-server.git@f2c73ebf apps/theming/tests/CapabilitiesTest.php (ok=16 skipped_too_large=5 timed_out=1 panicked=0 failed_to_read=0)
[23/68] WordPress-WordPress.git@0c97fcf5 wp-includes/version.php (ok=17 skipped_too_large=5 timed_out=1 panicked=0 failed_to_read=0)
[24/68] WordPress-WordPress.git@239e8edc wp-includes/version.php (ok=18 skipped_too_large=5 timed_out=1 panicked=0 failed_to_read=0)
[25/68] WordPress-WordPress.git@2a50116f wp-includes/version.php (ok=19 skipped_too_large=5 timed_out=1 panicked=0 failed_to_read=0)
[26/68] WordPress-WordPress.git@2e123634 wp-includes/version.php (ok=20 skipped_too_large=5 timed_out=1 panicked=0 failed_to_read=0)
[27/68] WordPress-WordPress.git@2fdfad4e wp-includes/assets/script-modules-packages.php (ok=21 skipped_too_large=5 timed_out=1 panicked=0 failed_to_read=0)
[28/68] WordPress-WordPress.git@2fdfad4e wp-includes/version.php (ok=22 skipped_too_large=5 timed_out=1 panicked=0 failed_to_read=0)
[29/68] WordPress-WordPress.git@4137c41f wp-includes/version.php (ok=23 skipped_too_large=5 timed_out=1 panicked=0 failed_to_read=0)
[30/68] WordPress-WordPress.git@418c28e1 wp-includes/version.php (ok=24 skipped_too_large=5 timed_out=1 panicked=0 failed_to_read=0)
[31/68] WordPress-WordPress.git@53b674ee wp-includes/version.php (ok=25 skipped_too_large=5 timed_out=1 panicked=0 failed_to_read=0)
[32/68] WordPress-WordPress.git@6a8166d4 wp-includes/version.php (ok=26 skipped_too_large=5 timed_out=1 panicked=0 failed_to_read=0)
[33/68] WordPress-WordPress.git@6e5993cb wp-includes/version.php (ok=27 skipped_too_large=5 timed_out=1 panicked=0 failed_to_read=0)
[34/68] WordPress-WordPress.git@90dc2266 wp-includes/version.php (ok=28 skipped_too_large=5 timed_out=1 panicked=0 failed_to_read=0)
[35/68] WordPress-WordPress.git@94ac2d4d wp-includes/version.php (ok=29 skipped_too_large=5 timed_out=1 panicked=0 failed_to_read=0)
[36/68] WordPress-WordPress.git@9f9458da wp-includes/version.php (ok=30 skipped_too_large=5 timed_out=1 panicked=0 failed_to_read=0)
[37/68] WordPress-WordPress.git@ab25da0c wp-includes/version.php (ok=31 skipped_too_large=5 timed_out=1 panicked=0 failed_to_read=0)
[38/68] WordPress-WordPress.git@b0c1f747 wp-includes/version.php (ok=32 skipped_too_large=5 timed_out=1 panicked=0 failed_to_read=0)
[39/68] WordPress-WordPress.git@b73fefa8 wp-includes/collaboration/class-wp-sync-post-meta-storage.php (ok=33 skipped_too_large=5 timed_out=1 panicked=0 failed_to_read=0)
[40/68] WordPress-WordPress.git@b73fefa8 wp-includes/version.php (ok=34 skipped_too_large=5 timed_out=1 panicked=0 failed_to_read=0)
[41/68] WordPress-WordPress.git@b801c240 wp-admin/options-writing.php (ok=35 skipped_too_large=5 timed_out=1 panicked=0 failed_to_read=0)
[42/68] WordPress-WordPress.git@b801c240 wp-includes/collaboration.php (ok=36 skipped_too_large=5 timed_out=1 panicked=0 failed_to_read=0)
[43/68] WordPress-WordPress.git@b801c240 wp-includes/version.php (ok=37 skipped_too_large=5 timed_out=1 panicked=0 failed_to_read=0)
[44/68] WordPress-WordPress.git@f01eb1ab wp-includes/version.php (ok=38 skipped_too_large=5 timed_out=1 panicked=0 failed_to_read=0)
[45/68] WordPress-WordPress.git@fd47946d wp-includes/version.php (ok=39 skipped_too_large=5 timed_out=1 panicked=0 failed_to_read=0)
[46/68] WordPress-WordPress.git@ff722636 wp-includes/version.php (ok=40 skipped_too_large=5 timed_out=1 panicked=0 failed_to_read=0)
[47/68] nextcloud-server.git@2c068f36 apps/twofactor_backupcodes/lib/Service/BackupCodeStorage.php (ok=41 skipped_too_large=5 timed_out=1 panicked=0 failed_to_read=0)
[48/68] nextcloud-server.git@2c068f36 apps/workflowengine/lib/Command/Index.php (ok=42 skipped_too_large=5 timed_out=1 panicked=0 failed_to_read=0)
[49/68] nextcloud-server.git@5c935429 apps/encryption/lib/Services/PassphraseService.php (ok=43 skipped_too_large=5 timed_out=1 panicked=0 failed_to_read=0)
[50/68] nextcloud-server.git@6b49aa79 core/Command/Db/Migrations/GenerateCommand.php (ok=44 skipped_too_large=5 timed_out=1 panicked=0 failed_to_read=0)
[51/68] nextcloud-server.git@6b49aa79 lib/private/App/PlatformRepository.php (ok=45 skipped_too_large=5 timed_out=1 panicked=0 failed_to_read=0)
[52/68] nextcloud-server.git@8fa69c1c apps/theming/lib/Service/JSDataService.php (ok=46 skipped_too_large=5 timed_out=1 panicked=0 failed_to_read=0)
[53/68] nextcloud-server.git@9b84a0ec apps/files/lib/App.php (ok=47 skipped_too_large=5 timed_out=1 panicked=0 failed_to_read=0)
[54/68] nextcloud-server.git@b2569283 apps/dav/lib/Search/ContactsSearchProvider.php (ok=48 skipped_too_large=5 timed_out=1 panicked=0 failed_to_read=0)
[55/68] nextcloud-server.git@b2569283 apps/dav/lib/Search/EventsSearchProvider.php (ok=49 skipped_too_large=5 timed_out=1 panicked=0 failed_to_read=0)
[56/68] nextcloud-server.git@b2569283 apps/dav/lib/Search/TasksSearchProvider.php (ok=50 skipped_too_large=5 timed_out=1 panicked=0 failed_to_read=0)
[57/68] nextcloud-server.git@c88a1d39 apps/user_ldap/lib/Mapping/UserMapping.php (ok=51 skipped_too_large=5 timed_out=1 panicked=0 failed_to_read=0)
[58/68] nextcloud-server.git@cd2d09de core/Command/Db/Migrations/GenerateCommand.php (ok=52 skipped_too_large=5 timed_out=1 panicked=0 failed_to_read=0)
[59/68] nextcloud-server.git@cd2d09de lib/private/App/PlatformRepository.php (ok=53 skipped_too_large=5 timed_out=1 panicked=0 failed_to_read=0)
[60/68] nextcloud-server.git@cd2d09de lib/private/Files/Cache/Storage.php (ok=54 skipped_too_large=5 timed_out=1 panicked=0 failed_to_read=0)
[61/68] nextcloud-server.git@f2c73ebf apps/theming/lib/Capabilities.php (ok=55 skipped_too_large=5 timed_out=1 panicked=0 failed_to_read=0)
[62/68] nextcloud-server.git@f2c73ebf apps/theming/lib/Service/JSDataService.php (ok=56 skipped_too_large=5 timed_out=1 panicked=0 failed_to_read=0)
[63/68] nextcloud-server.git@f2c73ebf apps/theming/lib/Service/ThemesService.php (ok=57 skipped_too_large=5 timed_out=1 panicked=0 failed_to_read=0)
[64/68] WordPress-WordPress.git@2fdfad4e wp-includes/build/routes/connectors-home/content.min.asset.php (ok=58 skipped_too_large=5 timed_out=1 panicked=0 failed_to_read=0)
[65/68] WordPress-WordPress.git@2fdfad4e wp-includes/js/dist/script-modules/connectors/index.min.asset.php (ok=59 skipped_too_large=5 timed_out=1 panicked=0 failed_to_read=0)
[66/68] nextcloud-server.git@c88a1d39 apps/user_ldap/tests/Mapping/UserMappingTest.php (ok=60 skipped_too_large=5 timed_out=1 panicked=0 failed_to_read=0)
[67/68] WordPress-WordPress.git@6a8166d4 wp-includes/rest-api.php (ok=60 skipped_too_large=6 timed_out=1 panicked=0 failed_to_read=0)
[68/68] nextcloud-server.git@b2569283 apps/dav/lib/CalDAV/CalDavBackend.php (ok=60 skipped_too_large=7 timed_out=1 panicked=0 failed_to_read=0)
Measured 68 pairs into "/home/marko/src/codediff/research/results/benchmark_php.csv": ok=60 skipped_too_large=7 timed_out=1 panicked=0 failed_to_read=0
