Loaded 59 sampled pairs
[1/59] Homebrew-brew.git@ac06ea7e Library/Homebrew/test/bundle/brew_spec.rb (ok=1 skipped_too_large=0 timed_out=0 panicked=0 failed_to_read=0)
[2/59] Homebrew-brew.git@fb16318b Library/Homebrew/vendor/bundle/bundler/setup.rb (ok=2 skipped_too_large=0 timed_out=0 panicked=0 failed_to_read=0)
[3/59] jekyll-jekyll.git@3c45d9e3 lib/jekyll/configuration.rb (ok=3 skipped_too_large=0 timed_out=0 panicked=0 failed_to_read=0)
[4/59] jekyll-jekyll.git@3c45d9e3 test/test_configuration.rb (ok=4 skipped_too_large=0 timed_out=0 panicked=0 failed_to_read=0)
[5/59] jekyll-jekyll.git@e91ed76d features/step_definitions.rb (ok=5 skipped_too_large=0 timed_out=0 panicked=0 failed_to_read=0)
[6/59] junegunn-fzf.git@17f2aa1a test/test_core.rb (ok=5 skipped_too_large=1 timed_out=0 panicked=0 failed_to_read=0)
[7/59] junegunn-fzf.git@76efddd7 test/test_shell_integration.rb (ok=6 skipped_too_large=1 timed_out=0 panicked=0 failed_to_read=0)
[8/59] junegunn-fzf.git@95f186f3 test/test_preview.rb (ok=7 skipped_too_large=1 timed_out=0 panicked=0 failed_to_read=0)
[9/59] junegunn-fzf.git@a00df93e test/test_shell_integration.rb (ok=8 skipped_too_large=1 timed_out=0 panicked=0 failed_to_read=0)
[10/59] junegunn-fzf.git@b5f72215 test/test_core.rb (ok=8 skipped_too_large=2 timed_out=0 panicked=0 failed_to_read=0)
[11/59] mastodon-mastodon.git@15dbf804 app/lib/signed_request.rb (ok=9 skipped_too_large=2 timed_out=0 panicked=0 failed_to_read=0)
[12/59] mastodon-mastodon.git@15dbf804 app/services/activitypub/process_account_service.rb (ok=10 skipped_too_large=2 timed_out=0 panicked=0 failed_to_read=0)
[13/59] mastodon-mastodon.git@15dbf804 db/schema.rb (ok=10 skipped_too_large=3 timed_out=0 panicked=0 failed_to_read=0)
[14/59] mastodon-mastodon.git@15dbf804 spec/services/activitypub/process_account_service_spec.rb (ok=11 skipped_too_large=3 timed_out=0 panicked=0 failed_to_read=0)
[15/59] mastodon-mastodon.git@664efcf4 spec/controllers/settings/imports_controller_spec.rb (ok=12 skipped_too_large=3 timed_out=0 panicked=0 failed_to_read=0)
[16/59] mastodon-mastodon.git@b399dc31 spec/models/account_spec.rb (ok=13 skipped_too_large=3 timed_out=0 panicked=0 failed_to_read=0)
[17/59] Homebrew-brew.git@0ca48d8c Library/Homebrew/services/commands/list.rb (ok=14 skipped_too_large=3 timed_out=0 panicked=0 failed_to_read=0)
[18/59] Homebrew-brew.git@0ca48d8c Library/Homebrew/test/bundle/brew_services_spec.rb (ok=15 skipped_too_large=3 timed_out=0 panicked=0 failed_to_read=0)
[19/59] Homebrew-brew.git@0ca48d8c Library/Homebrew/test/services/commands/list_spec.rb (ok=16 skipped_too_large=3 timed_out=0 panicked=0 failed_to_read=0)
[20/59] Homebrew-brew.git@ac06ea7e Library/Homebrew/bundle/brew_services.rb (ok=17 skipped_too_large=3 timed_out=0 panicked=0 failed_to_read=0)
[21/59] Homebrew-brew.git@ac06ea7e Library/Homebrew/test/bundle/brew_services_spec.rb (ok=18 skipped_too_large=3 timed_out=0 panicked=0 failed_to_read=0)
[22/59] jekyll-jekyll.git@3934fc31 lib/jekyll/commands/serve/servlet.rb (ok=19 skipped_too_large=3 timed_out=0 panicked=0 failed_to_read=0)
[23/59] jekyll-jekyll.git@76982c73 lib/jekyll/url.rb (ok=20 skipped_too_large=3 timed_out=0 panicked=0 failed_to_read=0)
[24/59] jekyll-jekyll.git@76982c73 test/test_url.rb (ok=21 skipped_too_large=3 timed_out=0 panicked=0 failed_to_read=0)
[25/59] jekyll-jekyll.git@e91ed76d features/support/helpers.rb (ok=22 skipped_too_large=3 timed_out=0 panicked=0 failed_to_read=0)
[26/59] junegunn-fzf.git@b638ff46 test/test_server.rb (ok=23 skipped_too_large=3 timed_out=0 panicked=0 failed_to_read=0)
[27/59] mastodon-mastodon.git@15dbf804 app/controllers/concerns/signature_verification.rb (ok=24 skipped_too_large=3 timed_out=0 panicked=0 failed_to_read=0)
[28/59] mastodon-mastodon.git@15dbf804 app/lib/activitypub/linked_data_signature.rb (ok=25 skipped_too_large=3 timed_out=0 panicked=0 failed_to_read=0)
[29/59] mastodon-mastodon.git@15dbf804 app/models/concerns/account/associations.rb (ok=26 skipped_too_large=3 timed_out=0 panicked=0 failed_to_read=0)
[30/59] mastodon-mastodon.git@15dbf804 app/services/activitypub/fetch_remote_key_service.rb (ok=27 skipped_too_large=3 timed_out=0 panicked=0 failed_to_read=0)
[31/59] mastodon-mastodon.git@15dbf804 spec/lib/activitypub/linked_data_signature_spec.rb (ok=28 skipped_too_large=3 timed_out=0 panicked=0 failed_to_read=0)
[32/59] mastodon-mastodon.git@15dbf804 spec/services/activitypub/fetch_remote_key_service_spec.rb (ok=29 skipped_too_large=3 timed_out=0 panicked=0 failed_to_read=0)
[33/59] mastodon-mastodon.git@2a4b205c spec/services/revoke_collection_item_service_spec.rb (ok=30 skipped_too_large=3 timed_out=0 panicked=0 failed_to_read=0)
[34/59] mastodon-mastodon.git@5d7682c7 app/controllers/auth/sessions_controller.rb (ok=31 skipped_too_large=3 timed_out=0 panicked=0 failed_to_read=0)
[35/59] mastodon-mastodon.git@5d7682c7 config/routes.rb (ok=32 skipped_too_large=3 timed_out=0 panicked=0 failed_to_read=0)
[36/59] mastodon-mastodon.git@5d7682c7 spec/requests/auth/sessions/security_key_options_spec.rb (ok=33 skipped_too_large=3 timed_out=0 panicked=0 failed_to_read=0)
[37/59] mastodon-mastodon.git@664efcf4 spec/controllers/admin/export_domain_blocks_controller_spec.rb (ok=34 skipped_too_large=3 timed_out=0 panicked=0 failed_to_read=0)
[38/59] mastodon-mastodon.git@664efcf4 spec/requests/admin/export_domain_allows_spec.rb (ok=35 skipped_too_large=3 timed_out=0 panicked=0 failed_to_read=0)
[39/59] mastodon-mastodon.git@664efcf4 spec/requests/severed_relationships_spec.rb (ok=36 skipped_too_large=3 timed_out=0 panicked=0 failed_to_read=0)
[40/59] mastodon-mastodon.git@7583d07d app/models/concerns/account/avatar.rb (ok=37 skipped_too_large=3 timed_out=0 panicked=0 failed_to_read=0)
[41/59] mastodon-mastodon.git@7583d07d app/models/concerns/account/header.rb (ok=38 skipped_too_large=3 timed_out=0 panicked=0 failed_to_read=0)
[42/59] mastodon-mastodon.git@7583d07d app/serializers/rest/instance_serializer.rb (ok=39 skipped_too_large=3 timed_out=0 panicked=0 failed_to_read=0)
[43/59] mastodon-mastodon.git@7583d07d spec/requests/api/v2/instance_spec.rb (ok=40 skipped_too_large=3 timed_out=0 panicked=0 failed_to_read=0)
[44/59] mastodon-mastodon.git@84ea8334 app/services/add_account_to_collection_service.rb (ok=41 skipped_too_large=3 timed_out=0 panicked=0 failed_to_read=0)
[45/59] mastodon-mastodon.git@84ea8334 app/services/create_collection_service.rb (ok=42 skipped_too_large=3 timed_out=0 panicked=0 failed_to_read=0)
[46/59] mastodon-mastodon.git@84ea8334 spec/services/add_account_to_collection_service_spec.rb (ok=43 skipped_too_large=3 timed_out=0 panicked=0 failed_to_read=0)
[47/59] mastodon-mastodon.git@84ea8334 spec/services/create_collection_service_spec.rb (ok=44 skipped_too_large=3 timed_out=0 panicked=0 failed_to_read=0)
[48/59] mastodon-mastodon.git@a0f6b6d3 app/services/activitypub/process_featured_collection_service.rb (ok=45 skipped_too_large=3 timed_out=0 panicked=0 failed_to_read=0)
[49/59] mastodon-mastodon.git@a0f6b6d3 spec/services/activitypub/process_featured_collection_service_spec.rb (ok=46 skipped_too_large=3 timed_out=0 panicked=0 failed_to_read=0)
[50/59] mastodon-mastodon.git@bcead764 app/controllers/activitypub/featured_collections_controller.rb (ok=47 skipped_too_large=3 timed_out=0 panicked=0 failed_to_read=0)
[51/59] mastodon-mastodon.git@bcead764 app/serializers/activitypub/featured_collection_serializer.rb (ok=48 skipped_too_large=3 timed_out=0 panicked=0 failed_to_read=0)
[52/59] mastodon-mastodon.git@bcead764 spec/serializers/activitypub/featured_collection_serializer_spec.rb (ok=49 skipped_too_large=3 timed_out=0 panicked=0 failed_to_read=0)
[53/59] mastodon-mastodon.git@c9eefd0a app/lib/activitypub/activity/feature_request.rb (ok=50 skipped_too_large=3 timed_out=0 panicked=0 failed_to_read=0)
[54/59] mastodon-mastodon.git@c9eefd0a spec/lib/activitypub/activity/feature_request_spec.rb (ok=51 skipped_too_large=3 timed_out=0 panicked=0 failed_to_read=0)
[55/59] mastodon-mastodon.git@d9db4779 spec/services/delete_collection_item_service_spec.rb (ok=52 skipped_too_large=3 timed_out=0 panicked=0 failed_to_read=0)
[56/59] jekyll-jekyll.git@f07d4f77 lib/jekyll/publisher.rb (ok=53 skipped_too_large=3 timed_out=0 panicked=0 failed_to_read=0)
[57/59] mastodon-mastodon.git@2a4b205c app/services/revoke_collection_item_service.rb (ok=54 skipped_too_large=3 timed_out=0 panicked=0 failed_to_read=0)
[58/59] mastodon-mastodon.git@664efcf4 spec/controllers/concerns/settings/export_controller_concern_spec.rb (ok=55 skipped_too_large=3 timed_out=0 panicked=0 failed_to_read=0)
[59/59] mastodon-mastodon.git@d9db4779 app/services/delete_collection_item_service.rb (ok=56 skipped_too_large=3 timed_out=0 panicked=0 failed_to_read=0)
Measured 59 pairs into "/home/m/src/codediff/research/results/benchmark_ruby.csv": ok=56 skipped_too_large=3 timed_out=0 panicked=0 failed_to_read=0
