Loaded 49 sampled pairs
[1/49] immich-app-immich.git@a9666d2c mobile/ios/Runner/Core/URLSessionManager.swift (ok=1 skipped_too_large=0 timed_out=0 panicked=0 failed_to_read=0)
[2/49] nextcloud-desktop.git@b279a248 admin/osx/mac-crafter/Sources/Commands/Build.swift (ok=1 skipped_too_large=0 timed_out=1 panicked=0 failed_to_read=0)
[3/49] nextcloud-desktop.git@c447fdbc admin/osx/mac-crafter/Sources/Utils/Signer.swift (ok=2 skipped_too_large=0 timed_out=1 panicked=0 failed_to_read=0)
[4/49] nextcloud-desktop.git@c447fdbc shell_integration/MacOSX/NextcloudIntegration/FileProviderExt/FileProviderExtension.swift (ok=3 skipped_too_large=0 timed_out=1 panicked=0 failed_to_read=0)
[5/49] nextcloud-ios.git@2182c197 iOSClient/AppDelegate.swift (ok=4 skipped_too_large=0 timed_out=1 panicked=0 failed_to_read=0)
[6/49] nextcloud-ios.git@306b400f Tests/NextcloudUITests/DownloadLimitUITests.swift (ok=5 skipped_too_large=0 timed_out=1 panicked=0 failed_to_read=0)
[7/49] nextcloud-ios.git@306b400f iOSClient/Data/NCManageDatabase+Metadata.swift (ok=5 skipped_too_large=1 timed_out=1 panicked=0 failed_to_read=0)
[8/49] nextcloud-ios.git@375944f6 iOSClient/AppDelegate.swift (ok=6 skipped_too_large=1 timed_out=1 panicked=0 failed_to_read=0)
[9/49] nextcloud-ios.git@42675138 iOSClient/Main/Collection Common/Cell/NCListCell.swift (ok=7 skipped_too_large=1 timed_out=1 panicked=0 failed_to_read=0)
[10/49] nextcloud-ios.git@42675138 iOSClient/More/NCMore.swift (ok=8 skipped_too_large=1 timed_out=1 panicked=0 failed_to_read=0)
[11/49] nextcloud-ios.git@8f924af4 iOSClient/AppDelegate.swift (ok=9 skipped_too_large=1 timed_out=1 panicked=0 failed_to_read=0)
[12/49] nextcloud-ios.git@8f924af4 iOSClient/Data/NCManageDatabase+Account.swift (ok=10 skipped_too_large=1 timed_out=1 panicked=0 failed_to_read=0)
[13/49] nextcloud-ios.git@95df9194 iOSClient/Data/NCManageDatabase+Metadata.swift (ok=10 skipped_too_large=2 timed_out=1 panicked=0 failed_to_read=0)
[14/49] nextcloud-ios.git@95df9194 iOSClient/Main/Collection Common/Cell/NCCellMain.swift (ok=11 skipped_too_large=2 timed_out=1 panicked=0 failed_to_read=0)
[15/49] nextcloud-ios.git@95df9194 iOSClient/Main/Collection Common/Cell/NCGridCell.swift (ok=12 skipped_too_large=2 timed_out=1 panicked=0 failed_to_read=0)
[16/49] nextcloud-ios.git@95df9194 iOSClient/Main/Collection Common/Cell/NCListCell.swift (ok=12 skipped_too_large=2 timed_out=2 panicked=0 failed_to_read=0)
[17/49] nextcloud-ios.git@95df9194 iOSClient/Networking/NCNetworking+WebDAV.swift (ok=12 skipped_too_large=3 timed_out=2 panicked=0 failed_to_read=0)
[18/49] nextcloud-ios.git@95df9194 iOSClient/Networking/NCNetworkingProcess.swift (ok=13 skipped_too_large=3 timed_out=2 panicked=0 failed_to_read=0)
[19/49] nextcloud-ios.git@95df9194 iOSClient/Select/NCSelect.swift (ok=14 skipped_too_large=3 timed_out=2 panicked=0 failed_to_read=0)
[20/49] nextcloud-ios.git@9efbff8c iOSClient/Utility/NCUtility+Image.swift (ok=15 skipped_too_large=3 timed_out=2 panicked=0 failed_to_read=0)
